Total images found in CSV: 758
Saved cross-validation splits to splits.json

==============================
Starting Training for FOLD 1/5
==============================
Traceback (most recent call last):
  File "<frozen runpy>", line 198, in _run_module_as_main
  File "<frozen runpy>", line 88, in _run_code
  File "/home/s6jovand/job/new/cropping/segmentation_pipeline.py", line 199, in <module>
    run_training()
  File "/home/s6jovand/job/new/cropping/segmentation_pipeline.py", line 162, in run_training
    output = model(imgs)
             ^^^^^^^^^^^
  File "/home/s6jovand/.conda/envs/job_new/lib/python3.12/site-packages/torch/nn/modules/module.py", line 1751, in _wrapped_call_impl
    return self._call_impl(*args, **kwargs)
           ^^^^^^^^^^^^^^^^^^^^^^^^^^^^^^^^
  File "/home/s6jovand/.conda/envs/job_new/lib/python3.12/site-packages/torch/nn/modules/module.py", line 1762, in _call_impl
    return forward_call(*args, **kwargs)
           ^^^^^^^^^^^^^^^^^^^^^^^^^^^^^
  File "/home/s6jovand/.conda/envs/job_new/lib/python3.12/site-packages/segmentation_models_pytorch/base/model.py", line 67, in forward
    decoder_output = self.decoder(features)
                     ^^^^^^^^^^^^^^^^^^^^^^
  File "/home/s6jovand/.conda/envs/job_new/lib/python3.12/site-packages/torch/nn/modules/module.py", line 1751, in _wrapped_call_impl
    return self._call_impl(*args, **kwargs)
           ^^^^^^^^^^^^^^^^^^^^^^^^^^^^^^^^
  File "/home/s6jovand/.conda/envs/job_new/lib/python3.12/site-packages/torch/nn/modules/module.py", line 1762, in _call_impl
    return forward_call(*args, **kwargs)
           ^^^^^^^^^^^^^^^^^^^^^^^^^^^^^
  File "/home/s6jovand/.conda/envs/job_new/lib/python3.12/site-packages/segmentation_models_pytorch/decoders/unetplusplus/decoder.py", line 153, in forward
    output = self.blocks[f"x_{depth_idx}_{depth_idx}"](
             ^^^^^^^^^^^^^^^^^^^^^^^^^^^^^^^^^^^^^^^^^^
  File "/home/s6jovand/.conda/envs/job_new/lib/python3.12/site-packages/torch/nn/modules/module.py", line 1751, in _wrapped_call_impl
    return self._call_impl(*args, **kwargs)
           ^^^^^^^^^^^^^^^^^^^^^^^^^^^^^^^^
  File "/home/s6jovand/.conda/envs/job_new/lib/python3.12/site-packages/torch/nn/modules/module.py", line 1762, in _call_impl
    return forward_call(*args, **kwargs)
           ^^^^^^^^^^^^^^^^^^^^^^^^^^^^^
  File "/home/s6jovand/.conda/envs/job_new/lib/python3.12/site-packages/segmentation_models_pytorch/decoders/unetplusplus/decoder.py", line 49, in forward
    x = self.conv2(x)
        ^^^^^^^^^^^^^
  File "/home/s6jovand/.conda/envs/job_new/lib/python3.12/site-packages/torch/nn/modules/module.py", line 1751, in _wrapped_call_impl
    return self._call_impl(*args, **kwargs)
           ^^^^^^^^^^^^^^^^^^^^^^^^^^^^^^^^
  File "/home/s6jovand/.conda/envs/job_new/lib/python3.12/site-packages/torch/nn/modules/module.py", line 1762, in _call_impl
    return forward_call(*args, **kwargs)
           ^^^^^^^^^^^^^^^^^^^^^^^^^^^^^
  File "/home/s6jovand/.conda/envs/job_new/lib/python3.12/site-packages/torch/nn/modules/container.py", line 240, in forward
    input = module(input)
            ^^^^^^^^^^^^^
  File "/home/s6jovand/.conda/envs/job_new/lib/python3.12/site-packages/torch/nn/modules/module.py", line 1751, in _wrapped_call_impl
    return self._call_impl(*args, **kwargs)
           ^^^^^^^^^^^^^^^^^^^^^^^^^^^^^^^^
  File "/home/s6jovand/.conda/envs/job_new/lib/python3.12/site-packages/torch/nn/modules/module.py", line 1762, in _call_impl
    return forward_call(*args, **kwargs)
           ^^^^^^^^^^^^^^^^^^^^^^^^^^^^^
  File "/home/s6jovand/.conda/envs/job_new/lib/python3.12/site-packages/torch/nn/modules/batchnorm.py", line 193, in forward
    return F.batch_norm(
           ^^^^^^^^^^^^^
  File "/home/s6jovand/.conda/envs/job_new/lib/python3.12/site-packages/torch/nn/functional.py", line 2822, in batch_norm
    return torch.batch_norm(
           ^^^^^^^^^^^^^^^^^
torch.OutOfMemoryError: CUDA out of memory. Tried to allocate 432.00 MiB. GPU 0 has a total capacity of 44.42 GiB of which 143.12 MiB is free. Including non-PyTorch memory, this process has 44.28 GiB memory in use. Of the allocated memory 43.35 GiB is allocated by PyTorch, and 634.16 MiB is reserved by PyTorch but unallocated. If reserved but unallocated memory is large try setting PYTORCH_CUDA_ALLOC_CONF=expandable_segments:True to avoid fragmentation.  See documentation for Memory Management  (https://pytorch.org/docs/stable/notes/cuda.html#environment-variables)
