Searching for videos in: ['/home/s6jovand/job/new/data/dr_videos', '/home/s6jovand/job/new/data/Paxos_2020_videos']
GPU 3/3: assigned 189 video(s).

[GPU 3] Processing: C004L.MOV (3439 frames) -- mode: threshold
  Selected 1 frame(s): [656 | p=0.858]
  -> Saved frame 656 (prob=0.858) -> C004L_frame_656_p0.858.png

[GPU 3] Processing: C006R.MOV (7814 frames) -- mode: threshold
  Selected 1 frame(s): [996 | p=0.952]
  -> Saved frame 996 (prob=0.952) -> C006R_frame_996_p0.952.png

[GPU 3] Processing: C008R.MOV (4648 frames) -- mode: threshold
  Selected 2 frame(s): [429 | p=0.977], [2895 | p=0.872]
  -> Saved frame 429 (prob=0.977) -> C008R_frame_429_p0.977.png
  -> Saved frame 2895 (prob=0.872) -> C008R_frame_2895_p0.872.png

[GPU 3] Processing: C012R.MOV (5413 frames) -- mode: threshold
  Selected 3 frame(s): [155 | p=0.995], [3041 | p=0.976], [5370 | p=0.983]
  -> Saved frame 155 (prob=0.995) -> C012R_frame_155_p0.995.png
  -> Saved frame 3041 (prob=0.976) -> C012R_frame_3041_p0.976.png
  -> Saved frame 5370 (prob=0.983) -> C012R_frame_5370_p0.983.png

[GPU 3] Processing: C021L.MOV (3619 frames) -- mode: threshold
  Selected 1 frame(s): [471 | p=0.979]
  -> Saved frame 471 (prob=0.979) -> C021L_frame_471_p0.979.png

[GPU 3] Processing: D002L.MOV (1710 frames) -- mode: threshold
  Selected 3 frame(s): [200 | p=0.997], [699 | p=0.928], [1437 | p=0.982]
  -> Saved frame 200 (prob=0.997) -> D002L_frame_200_p0.997.png
  -> Saved frame 699 (prob=0.928) -> D002L_frame_699_p0.928.png
  -> Saved frame 1437 (prob=0.982) -> D002L_frame_1437_p0.982.png

[GPU 3] Processing: D005R.MOV (1415 frames) -- mode: threshold
  Selected 3 frame(s): [203 | p=0.999], [689 | p=0.864], [1045 | p=0.997]
  -> Saved frame 203 (prob=0.999) -> D005R_frame_203_p0.999.png
  -> Saved frame 689 (prob=0.864) -> D005R_frame_689_p0.864.png
  -> Saved frame 1045 (prob=0.997) -> D005R_frame_1045_p0.997.png

[GPU 3] Processing: D008R.MOV (1166 frames) -- mode: threshold
  Selected 3 frame(s): [316 | p=0.999], [687 | p=0.998], [984 | p=0.998]
  -> Saved frame 316 (prob=0.999) -> D008R_frame_316_p0.999.png
  -> Saved frame 687 (prob=0.998) -> D008R_frame_687_p0.998.png
  -> Saved frame 984 (prob=0.998) -> D008R_frame_984_p0.998.png

[GPU 3] Processing: D011L.MOV (2661 frames) -- mode: threshold
  Selected 3 frame(s): [207 | p=1.000], [898 | p=0.991], [2326 | p=0.963]
  -> Saved frame 207 (prob=1.000) -> D011L_frame_207_p1.000.png
  -> Saved frame 898 (prob=0.991) -> D011L_frame_898_p0.991.png
  -> Saved frame 2326 (prob=0.963) -> D011L_frame_2326_p0.963.png

[GPU 3] Processing: D013L.MOV (2118 frames) -- mode: threshold
  Selected 2 frame(s): [659 | p=1.000], [1285 | p=0.974]
  -> Saved frame 659 (prob=1.000) -> D013L_frame_659_p1.000.png
  -> Saved frame 1285 (prob=0.974) -> D013L_frame_1285_p0.974.png

[GPU 3] Processing: D015L.MOV (2585 frames) -- mode: threshold
  Selected 4 frame(s): [278 | p=0.999], [1025 | p=0.995], [1694 | p=0.971], [2404 | p=0.996]
  -> Saved frame 278 (prob=0.999) -> D015L_frame_278_p0.999.png
  -> Saved frame 1025 (prob=0.995) -> D015L_frame_1025_p0.995.png
  -> Saved frame 1694 (prob=0.971) -> D015L_frame_1694_p0.971.png
  -> Saved frame 2404 (prob=0.996) -> D015L_frame_2404_p0.996.png

[GPU 3] Processing: D017L.MOV (987 frames) -- mode: threshold
  Selected 2 frame(s): [149 | p=0.996], [475 | p=0.953]
  -> Saved frame 149 (prob=0.996) -> D017L_frame_149_p0.996.png
  -> Saved frame 475 (prob=0.953) -> D017L_frame_475_p0.953.png

[GPU 3] Processing: D019R.MOV (4445 frames) -- mode: threshold
  Selected 4 frame(s): [416 | p=1.000], [1547 | p=0.997], [3035 | p=0.999], [4386 | p=0.989]
  -> Saved frame 416 (prob=1.000) -> D019R_frame_416_p1.000.png
  -> Saved frame 1547 (prob=0.997) -> D019R_frame_1547_p0.997.png
  -> Saved frame 3035 (prob=0.999) -> D019R_frame_3035_p0.999.png
  -> Saved frame 4386 (prob=0.989) -> D019R_frame_4386_p0.989.png

[GPU 3] Processing: D021R.MOV (5024 frames) -- mode: threshold
  Selected 2 frame(s): [228 | p=1.000], [1743 | p=0.995]
  -> Saved frame 228 (prob=1.000) -> D021R_frame_228_p1.000.png
  -> Saved frame 1743 (prob=0.995) -> D021R_frame_1743_p0.995.png

[GPU 3] Processing: E003L.MOV (2683 frames) -- mode: threshold
  Selected 3 frame(s): [293 | p=0.999], [1508 | p=0.999], [2613 | p=0.995]
  -> Saved frame 293 (prob=0.999) -> E003L_frame_293_p0.999.png
  -> Saved frame 1508 (prob=0.999) -> E003L_frame_1508_p0.999.png
  -> Saved frame 2613 (prob=0.995) -> E003L_frame_2613_p0.995.png

[GPU 3] Processing: E006L.MOV (3424 frames) -- mode: threshold
  Selected 3 frame(s): [150 | p=0.998], [1720 | p=0.945], [3077 | p=0.999]
  -> Saved frame 150 (prob=0.998) -> E006L_frame_150_p0.998.png
  -> Saved frame 1720 (prob=0.945) -> E006L_frame_1720_p0.945.png
  -> Saved frame 3077 (prob=0.999) -> E006L_frame_3077_p0.999.png

[GPU 3] Processing: F011L.MOV (2936 frames) -- mode: threshold
  Selected 3 frame(s): [378 | p=1.000], [1113 | p=0.998], [2583 | p=0.999]
  -> Saved frame 378 (prob=1.000) -> F011L_frame_378_p1.000.png
  -> Saved frame 1113 (prob=0.998) -> F011L_frame_1113_p0.998.png
  -> Saved frame 2583 (prob=0.999) -> F011L_frame_2583_p0.999.png

[GPU 3] Processing: F016L.MOV (1455 frames) -- mode: threshold
  Selected 3 frame(s): [219 | p=0.999], [841 | p=0.998], [1410 | p=0.999]
  -> Saved frame 219 (prob=0.999) -> F016L_frame_219_p0.999.png
  -> Saved frame 841 (prob=0.998) -> F016L_frame_841_p0.998.png
  -> Saved frame 1410 (prob=0.999) -> F016L_frame_1410_p0.999.png

[GPU 3] Processing: G002R.MOV (2189 frames) -- mode: threshold
  Selected 2 frame(s): [734 | p=0.980], [2099 | p=0.958]
  -> Saved frame 734 (prob=0.980) -> G002R_frame_734_p0.980.png
  -> Saved frame 2099 (prob=0.958) -> G002R_frame_2099_p0.958.png

[GPU 3] Processing: G006L.MOV (2325 frames) -- mode: threshold
  Selected 4 frame(s): [14 | p=1.000], [771 | p=0.996], [1460 | p=0.979], [2078 | p=0.998]
  -> Saved frame 14 (prob=1.000) -> G006L_frame_14_p1.000.png
  -> Saved frame 771 (prob=0.996) -> G006L_frame_771_p0.996.png
  -> Saved frame 1460 (prob=0.979) -> G006L_frame_1460_p0.979.png
  -> Saved frame 2078 (prob=0.998) -> G006L_frame_2078_p0.998.png

[GPU 3] Processing: G008L.MOV (2313 frames) -- mode: threshold
  Selected 3 frame(s): [558 | p=0.999], [1188 | p=0.988], [2243 | p=0.999]
  -> Saved frame 558 (prob=0.999) -> G008L_frame_558_p0.999.png
  -> Saved frame 1188 (prob=0.988) -> G008L_frame_1188_p0.988.png
  -> Saved frame 2243 (prob=0.999) -> G008L_frame_2243_p0.999.png

[GPU 3] Processing: H001L.MOV (2330 frames) -- mode: threshold
  Selected 3 frame(s): [402 | p=0.998], [1166 | p=0.993], [2123 | p=0.998]
  -> Saved frame 402 (prob=0.998) -> H001L_frame_402_p0.998.png
  -> Saved frame 1166 (prob=0.993) -> H001L_frame_1166_p0.993.png
  -> Saved frame 2123 (prob=0.998) -> H001L_frame_2123_p0.998.png

[GPU 3] Processing: H004L.MOV (2534 frames) -- mode: threshold
  Selected 2 frame(s): [1057 | p=0.985], [1869 | p=0.990]
  -> Saved frame 1057 (prob=0.985) -> H004L_frame_1057_p0.985.png
  -> Saved frame 1869 (prob=0.990) -> H004L_frame_1869_p0.990.png

[GPU 3] Processing: H007L.MOV (3217 frames) -- mode: threshold
  Selected 3 frame(s): [1020 | p=0.908], [2298 | p=0.972], [3169 | p=0.924]
  -> Saved frame 1020 (prob=0.908) -> H007L_frame_1020_p0.908.png
  -> Saved frame 2298 (prob=0.972) -> H007L_frame_2298_p0.972.png
  -> Saved frame 3169 (prob=0.924) -> H007L_frame_3169_p0.924.png

[GPU 3] Processing: H009L.MOV (1057 frames) -- mode: threshold
  Selected 3 frame(s): [256 | p=0.999], [691 | p=0.998], [1013 | p=1.000]
  -> Saved frame 256 (prob=0.999) -> H009L_frame_256_p0.999.png
  -> Saved frame 691 (prob=0.998) -> H009L_frame_691_p0.998.png
  -> Saved frame 1013 (prob=1.000) -> H009L_frame_1013_p1.000.png

[GPU 3] Processing: I002L.MOV (4456 frames) -- mode: threshold
  Selected 4 frame(s): [698 | p=1.000], [2055 | p=0.999], [3194 | p=1.000], [4390 | p=1.000]
  -> Saved frame 698 (prob=1.000) -> I002L_frame_698_p1.000.png
  -> Saved frame 2055 (prob=0.999) -> I002L_frame_2055_p0.999.png
  -> Saved frame 3194 (prob=1.000) -> I002L_frame_3194_p1.000.png
  -> Saved frame 4390 (prob=1.000) -> I002L_frame_4390_p1.000.png

[GPU 3] Processing: I004L.MOV (2781 frames) -- mode: threshold
  Selected 3 frame(s): [183 | p=0.997], [1207 | p=0.999], [2657 | p=0.997]
  -> Saved frame 183 (prob=0.997) -> I004L_frame_183_p0.997.png
  -> Saved frame 1207 (prob=0.999) -> I004L_frame_1207_p0.999.png
  -> Saved frame 2657 (prob=0.997) -> I004L_frame_2657_p0.997.png

[GPU 3] Processing: I007R.MOV (4350 frames) -- mode: threshold
  Selected 2 frame(s): [121 | p=0.994], [1953 | p=0.977]
  -> Saved frame 121 (prob=0.994) -> I007R_frame_121_p0.994.png
  -> Saved frame 1953 (prob=0.977) -> I007R_frame_1953_p0.977.png

[GPU 3] Processing: I009R.MOV (1246 frames) -- mode: threshold
  Selected 3 frame(s): [141 | p=0.998], [756 | p=0.998], [1212 | p=0.998]
  -> Saved frame 141 (prob=0.998) -> I009R_frame_141_p0.998.png
  -> Saved frame 756 (prob=0.998) -> I009R_frame_756_p0.998.png
  -> Saved frame 1212 (prob=0.998) -> I009R_frame_1212_p0.998.png

[GPU 3] Processing: I012L.MOV (1524 frames) -- mode: threshold
  Selected 4 frame(s): [62 | p=0.999], [454 | p=0.999], [1046 | p=0.996], [1480 | p=0.999]
  -> Saved frame 62 (prob=0.999) -> I012L_frame_62_p0.999.png
  -> Saved frame 454 (prob=0.999) -> I012L_frame_454_p0.999.png
  -> Saved frame 1046 (prob=0.996) -> I012L_frame_1046_p0.996.png
  -> Saved frame 1480 (prob=0.999) -> I012L_frame_1480_p0.999.png

[GPU 3] Processing: I014L.MOV (3333 frames) -- mode: threshold
  Selected 4 frame(s): [327 | p=0.999], [1300 | p=0.849], [2223 | p=0.998], [3265 | p=0.998]
  -> Saved frame 327 (prob=0.999) -> I014L_frame_327_p0.999.png
  -> Saved frame 1300 (prob=0.849) -> I014L_frame_1300_p0.849.png
  -> Saved frame 2223 (prob=0.998) -> I014L_frame_2223_p0.998.png
  -> Saved frame 3265 (prob=0.998) -> I014L_frame_3265_p0.998.png

[GPU 3] Processing: I016L.MOV (3542 frames) -- mode: threshold
  Selected 3 frame(s): [1029 | p=0.996], [2432 | p=0.998], [3491 | p=0.993]
  -> Saved frame 1029 (prob=0.996) -> I016L_frame_1029_p0.996.png
  -> Saved frame 2432 (prob=0.998) -> I016L_frame_2432_p0.998.png
  -> Saved frame 3491 (prob=0.993) -> I016L_frame_3491_p0.993.png

[GPU 3] Processing: I019L.MOV (2261 frames) -- mode: threshold
  Selected 3 frame(s): [335 | p=0.997], [1495 | p=0.989], [2209 | p=0.994]
  -> Saved frame 335 (prob=0.997) -> I019L_frame_335_p0.997.png
  -> Saved frame 1495 (prob=0.989) -> I019L_frame_1495_p0.989.png
  -> Saved frame 2209 (prob=0.994) -> I019L_frame_2209_p0.994.png

[GPU 3] Processing: I023L.MOV (2822 frames) -- mode: threshold
  Selected 3 frame(s): [190 | p=0.995], [1551 | p=0.999], [2768 | p=0.987]
  -> Saved frame 190 (prob=0.995) -> I023L_frame_190_p0.995.png
  -> Saved frame 1551 (prob=0.999) -> I023L_frame_1551_p0.999.png
  -> Saved frame 2768 (prob=0.987) -> I023L_frame_2768_p0.987.png

[GPU 3] Processing: J002L.MOV (3227 frames) -- mode: threshold
  Selected 3 frame(s): [101 | p=0.998], [1231 | p=0.997], [2707 | p=0.993]
  -> Saved frame 101 (prob=0.998) -> J002L_frame_101_p0.998.png
  -> Saved frame 1231 (prob=0.997) -> J002L_frame_1231_p0.997.png
  -> Saved frame 2707 (prob=0.993) -> J002L_frame_2707_p0.993.png

[GPU 3] Processing: J004L.MOV (3498 frames) -- mode: threshold
  Selected 3 frame(s): [385 | p=0.999], [1532 | p=0.985], [3021 | p=0.999]
  -> Saved frame 385 (prob=0.999) -> J004L_frame_385_p0.999.png
  -> Saved frame 1532 (prob=0.985) -> J004L_frame_1532_p0.985.png
  -> Saved frame 3021 (prob=0.999) -> J004L_frame_3021_p0.999.png

[GPU 3] Processing: J006L.MOV (2503 frames) -- mode: threshold
  Selected 4 frame(s): [16 | p=0.999], [748 | p=0.992], [1776 | p=0.996], [2468 | p=0.995]
  -> Saved frame 16 (prob=0.999) -> J006L_frame_16_p0.999.png
  -> Saved frame 748 (prob=0.992) -> J006L_frame_748_p0.992.png
  -> Saved frame 1776 (prob=0.996) -> J006L_frame_1776_p0.996.png
  -> Saved frame 2468 (prob=0.995) -> J006L_frame_2468_p0.995.png

[GPU 3] Processing: K008L.MOV (4025 frames) -- mode: threshold
  Selected 3 frame(s): [457 | p=0.998], [1465 | p=0.965], [2988 | p=0.848]
  -> Saved frame 457 (prob=0.998) -> K008L_frame_457_p0.998.png
  -> Saved frame 1465 (prob=0.965) -> K008L_frame_1465_p0.965.png
  -> Saved frame 2988 (prob=0.848) -> K008L_frame_2988_p0.848.png

[GPU 3] Processing: K010L.MOV (6708 frames) -- mode: threshold
  Selected 3 frame(s): [945 | p=0.999], [4223 | p=0.998], [6629 | p=0.988]
  -> Saved frame 945 (prob=0.999) -> K010L_frame_945_p0.999.png
  -> Saved frame 4223 (prob=0.998) -> K010L_frame_4223_p0.998.png
  -> Saved frame 6629 (prob=0.988) -> K010L_frame_6629_p0.988.png

[GPU 3] Processing: K012R.MOV (2921 frames) -- mode: threshold
  Selected 3 frame(s): [301 | p=0.998], [1596 | p=0.999], [2866 | p=0.999]
  -> Saved frame 301 (prob=0.998) -> K012R_frame_301_p0.998.png
  -> Saved frame 1596 (prob=0.999) -> K012R_frame_1596_p0.999.png
  -> Saved frame 2866 (prob=0.999) -> K012R_frame_2866_p0.999.png

[GPU 3] Processing: K015L.MOV (3188 frames) -- mode: threshold
  Selected 2 frame(s): [272 | p=0.999], [2544 | p=0.996]
  -> Saved frame 272 (prob=0.999) -> K015L_frame_272_p0.999.png
  -> Saved frame 2544 (prob=0.996) -> K015L_frame_2544_p0.996.png

[GPU 3] Processing: K017R.MOV (2863 frames) -- mode: threshold
  Selected 3 frame(s): [580 | p=0.999], [1670 | p=0.983], [2815 | p=0.999]
  -> Saved frame 580 (prob=0.999) -> K017R_frame_580_p0.999.png
  -> Saved frame 1670 (prob=0.983) -> K017R_frame_1670_p0.983.png
  -> Saved frame 2815 (prob=0.999) -> K017R_frame_2815_p0.999.png

[GPU 3] Processing: K019R.MOV (1748 frames) -- mode: threshold
  Selected 4 frame(s): [2 | p=0.997], [643 | p=0.972], [1256 | p=0.999], [1727 | p=0.995]
  -> Saved frame 2 (prob=0.997) -> K019R_frame_2_p0.997.png
  -> Saved frame 643 (prob=0.972) -> K019R_frame_643_p0.972.png
  -> Saved frame 1256 (prob=0.999) -> K019R_frame_1256_p0.999.png
  -> Saved frame 1727 (prob=0.995) -> K019R_frame_1727_p0.995.png

[GPU 3] Processing: K021R.MOV (1393 frames) -- mode: threshold
  Selected 4 frame(s): [53 | p=0.990], [560 | p=0.994], [914 | p=0.990], [1331 | p=0.999]
  -> Saved frame 53 (prob=0.990) -> K021R_frame_53_p0.990.png
  -> Saved frame 560 (prob=0.994) -> K021R_frame_560_p0.994.png
  -> Saved frame 914 (prob=0.990) -> K021R_frame_914_p0.990.png
  -> Saved frame 1331 (prob=0.999) -> K021R_frame_1331_p0.999.png

[GPU 3] Processing: K023R.MOV (2003 frames) -- mode: threshold
  Selected 4 frame(s): [68 | p=0.997], [659 | p=0.992], [1163 | p=0.961], [1691 | p=0.994]
  -> Saved frame 68 (prob=0.997) -> K023R_frame_68_p0.997.png
  -> Saved frame 659 (prob=0.992) -> K023R_frame_659_p0.992.png
  -> Saved frame 1163 (prob=0.961) -> K023R_frame_1163_p0.961.png
  -> Saved frame 1691 (prob=0.994) -> K023R_frame_1691_p0.994.png

[GPU 3] Processing: M001R.MOV (13078 frames) -- mode: threshold
  Selected 3 frame(s): [741 | p=0.991], [5349 | p=0.998], [10391 | p=0.999]
  -> Saved frame 741 (prob=0.991) -> M001R_frame_741_p0.991.png
  -> Saved frame 5349 (prob=0.998) -> M001R_frame_5349_p0.998.png
  -> Saved frame 10391 (prob=0.999) -> M001R_frame_10391_p0.999.png

[GPU 3] Processing: M004L.MOV (9643 frames) -- mode: threshold
  Selected 4 frame(s): [36 | p=0.996], [3562 | p=0.925], [5976 | p=0.996], [9121 | p=0.911]
  -> Saved frame 36 (prob=0.996) -> M004L_frame_36_p0.996.png
  -> Saved frame 3562 (prob=0.925) -> M004L_frame_3562_p0.925.png
  -> Saved frame 5976 (prob=0.996) -> M004L_frame_5976_p0.996.png
  -> Saved frame 9121 (prob=0.911) -> M004L_frame_9121_p0.911.png

[GPU 3] Processing: M006L.MOV (5130 frames) -- mode: threshold
  Selected 3 frame(s): [570 | p=0.999], [2060 | p=0.807], [3856 | p=0.991]
  -> Saved frame 570 (prob=0.999) -> M006L_frame_570_p0.999.png
  -> Saved frame 2060 (prob=0.807) -> M006L_frame_2060_p0.807.png
  -> Saved frame 3856 (prob=0.991) -> M006L_frame_3856_p0.991.png

[GPU 3] Processing: M008L.MOV (4322 frames) -- mode: threshold
  Selected 2 frame(s): [890 | p=0.987], [3899 | p=0.994]
  -> Saved frame 890 (prob=0.987) -> M008L_frame_890_p0.987.png
  -> Saved frame 3899 (prob=0.994) -> M008L_frame_3899_p0.994.png

[GPU 3] Processing: M010L.MOV (5107 frames) -- mode: threshold
  Selected 4 frame(s): [64 | p=0.996], [1343 | p=0.952], [3012 | p=0.989], [4644 | p=0.991]
  -> Saved frame 64 (prob=0.996) -> M010L_frame_64_p0.996.png
  -> Saved frame 1343 (prob=0.952) -> M010L_frame_1343_p0.952.png
  -> Saved frame 3012 (prob=0.989) -> M010L_frame_3012_p0.989.png
  -> Saved frame 4644 (prob=0.991) -> M010L_frame_4644_p0.991.png

[GPU 3] Processing: M012L.MOV (13145 frames) -- mode: threshold
  Selected 3 frame(s): [1124 | p=0.999], [7433 | p=0.998], [12063 | p=0.998]
  -> Saved frame 1124 (prob=0.999) -> M012L_frame_1124_p0.999.png
  -> Saved frame 7433 (prob=0.998) -> M012L_frame_7433_p0.998.png
  -> Saved frame 12063 (prob=0.998) -> M012L_frame_12063_p0.998.png

[GPU 3] Processing: M014R.MOV (3569 frames) -- mode: threshold
  Selected 3 frame(s): [317 | p=0.997], [2155 | p=0.998], [3479 | p=0.984]
  -> Saved frame 317 (prob=0.997) -> M014R_frame_317_p0.997.png
  -> Saved frame 2155 (prob=0.998) -> M014R_frame_2155_p0.998.png
  -> Saved frame 3479 (prob=0.984) -> M014R_frame_3479_p0.984.png

[GPU 3] Processing: M016R.MOV (2889 frames) -- mode: threshold
  Selected 3 frame(s): [266 | p=0.979], [1220 | p=0.999], [2321 | p=0.998]
  -> Saved frame 266 (prob=0.979) -> M016R_frame_266_p0.979.png
  -> Saved frame 1220 (prob=0.999) -> M016R_frame_1220_p0.999.png
  -> Saved frame 2321 (prob=0.998) -> M016R_frame_2321_p0.998.png

[GPU 3] Processing: M018R.MOV (2301 frames) -- mode: threshold
  Selected 3 frame(s): [575 | p=0.993], [1203 | p=0.972], [1803 | p=0.988]
  -> Saved frame 575 (prob=0.993) -> M018R_frame_575_p0.993.png
  -> Saved frame 1203 (prob=0.972) -> M018R_frame_1203_p0.972.png
  -> Saved frame 1803 (prob=0.988) -> M018R_frame_1803_p0.988.png

[GPU 3] Processing: M020R.MOV (3232 frames) -- mode: threshold
  Selected 3 frame(s): [752 | p=0.995], [2188 | p=0.979], [3012 | p=0.996]
  -> Saved frame 752 (prob=0.995) -> M020R_frame_752_p0.995.png
  -> Saved frame 2188 (prob=0.979) -> M020R_frame_2188_p0.979.png
  -> Saved frame 3012 (prob=0.996) -> M020R_frame_3012_p0.996.png

[GPU 3] Processing: M022R.MOV (4448 frames) -- mode: threshold
  Selected 4 frame(s): [3 | p=0.976], [1306 | p=1.000], [2638 | p=0.935], [4002 | p=0.998]
  -> Saved frame 3 (prob=0.976) -> M022R_frame_3_p0.976.png
  -> Saved frame 1306 (prob=1.000) -> M022R_frame_1306_p1.000.png
  -> Saved frame 2638 (prob=0.935) -> M022R_frame_2638_p0.935.png
  -> Saved frame 4002 (prob=0.998) -> M022R_frame_4002_p0.998.png

[GPU 3] Processing: N001R.MOV (2914 frames) -- mode: threshold
  Selected 3 frame(s): [390 | p=1.000], [1300 | p=0.991], [2501 | p=0.999]
  -> Saved frame 390 (prob=1.000) -> N001R_frame_390_p1.000.png
  -> Saved frame 1300 (prob=0.991) -> N001R_frame_1300_p0.991.png
  -> Saved frame 2501 (prob=0.999) -> N001R_frame_2501_p0.999.png

[GPU 3] Processing: N003R.MOV (4278 frames) -- mode: threshold
  Selected 3 frame(s): [978 | p=0.999], [2618 | p=0.986], [3978 | p=0.998]
  -> Saved frame 978 (prob=0.999) -> N003R_frame_978_p0.999.png
  -> Saved frame 2618 (prob=0.986) -> N003R_frame_2618_p0.986.png
  -> Saved frame 3978 (prob=0.998) -> N003R_frame_3978_p0.998.png

[GPU 3] Processing: N005R.MOV (2359 frames) -- mode: threshold
  Selected 3 frame(s): [916 | p=0.997], [1522 | p=0.956], [2112 | p=0.998]
  -> Saved frame 916 (prob=0.997) -> N005R_frame_916_p0.997.png
  -> Saved frame 1522 (prob=0.956) -> N005R_frame_1522_p0.956.png
  -> Saved frame 2112 (prob=0.998) -> N005R_frame_2112_p0.998.png

[GPU 3] Processing: N007R.MOV (1485 frames) -- mode: threshold
  Selected 3 frame(s): [237 | p=0.997], [962 | p=0.995], [1441 | p=0.999]
  -> Saved frame 237 (prob=0.997) -> N007R_frame_237_p0.997.png
  -> Saved frame 962 (prob=0.995) -> N007R_frame_962_p0.995.png
  -> Saved frame 1441 (prob=0.999) -> N007R_frame_1441_p0.999.png

[GPU 3] Processing: N009R.MOV (1963 frames) -- mode: threshold
  Selected 3 frame(s): [479 | p=0.999], [974 | p=0.992], [1906 | p=1.000]
  -> Saved frame 479 (prob=0.999) -> N009R_frame_479_p0.999.png
  -> Saved frame 974 (prob=0.992) -> N009R_frame_974_p0.992.png
  -> Saved frame 1906 (prob=1.000) -> N009R_frame_1906_p1.000.png

[GPU 3] Processing: N011R.MOV (2516 frames) -- mode: threshold
  Selected 4 frame(s): [115 | p=0.996], [903 | p=0.969], [1730 | p=0.992], [2487 | p=0.989]
  -> Saved frame 115 (prob=0.996) -> N011R_frame_115_p0.996.png
  -> Saved frame 903 (prob=0.969) -> N011R_frame_903_p0.969.png
  -> Saved frame 1730 (prob=0.992) -> N011R_frame_1730_p0.992.png
  -> Saved frame 2487 (prob=0.989) -> N011R_frame_2487_p0.989.png

[GPU 3] Processing: N013R.MOV (3471 frames) -- mode: threshold
  Selected 3 frame(s): [431 | p=0.994], [1322 | p=0.939], [2527 | p=0.996]
  -> Saved frame 431 (prob=0.994) -> N013R_frame_431_p0.994.png
  -> Saved frame 1322 (prob=0.939) -> N013R_frame_1322_p0.939.png
  -> Saved frame 2527 (prob=0.996) -> N013R_frame_2527_p0.996.png

[GPU 3] Processing: N015R.MOV (2107 frames) -- mode: threshold
  Selected 3 frame(s): [340 | p=0.996], [1430 | p=0.995], [1997 | p=0.986]
  -> Saved frame 340 (prob=0.996) -> N015R_frame_340_p0.996.png
  -> Saved frame 1430 (prob=0.995) -> N015R_frame_1430_p0.995.png
  -> Saved frame 1997 (prob=0.986) -> N015R_frame_1997_p0.986.png

[GPU 3] Processing: N018R.MOV (4117 frames) -- mode: threshold
  Selected 3 frame(s): [449 | p=0.995], [1696 | p=0.834], [2790 | p=0.987]
  -> Saved frame 449 (prob=0.995) -> N018R_frame_449_p0.995.png
  -> Saved frame 1696 (prob=0.834) -> N018R_frame_1696_p0.834.png
  -> Saved frame 2790 (prob=0.987) -> N018R_frame_2790_p0.987.png

[GPU 3] Processing: N020R.MOV (1823 frames) -- mode: threshold
  Selected 3 frame(s): [353 | p=0.997], [988 | p=0.989], [1609 | p=0.998]
  -> Saved frame 353 (prob=0.997) -> N020R_frame_353_p0.997.png
  -> Saved frame 988 (prob=0.989) -> N020R_frame_988_p0.989.png
  -> Saved frame 1609 (prob=0.998) -> N020R_frame_1609_p0.998.png

[GPU 3] Processing: P002R.MOV (2026 frames) -- mode: threshold
  Selected 3 frame(s): [553 | p=0.998], [1299 | p=0.997], [1883 | p=0.998]
  -> Saved frame 553 (prob=0.998) -> P002R_frame_553_p0.998.png
  -> Saved frame 1299 (prob=0.997) -> P002R_frame_1299_p0.997.png
  -> Saved frame 1883 (prob=0.998) -> P002R_frame_1883_p0.998.png

[GPU 3] Processing: P004R.MOV (1631 frames) -- mode: threshold
  Selected 3 frame(s): [317 | p=0.993], [726 | p=0.977], [1332 | p=0.991]
  -> Saved frame 317 (prob=0.993) -> P004R_frame_317_p0.993.png
  -> Saved frame 726 (prob=0.977) -> P004R_frame_726_p0.977.png
  -> Saved frame 1332 (prob=0.991) -> P004R_frame_1332_p0.991.png

[GPU 3] Processing: P007R.MOV (10305 frames) -- mode: threshold
  Selected 3 frame(s): [48 | p=0.998], [3822 | p=0.999], [8313 | p=1.000]
  -> Saved frame 48 (prob=0.998) -> P007R_frame_48_p0.998.png
  -> Saved frame 3822 (prob=0.999) -> P007R_frame_3822_p0.999.png
  -> Saved frame 8313 (prob=1.000) -> P007R_frame_8313_p1.000.png

[GPU 3] Processing: P009R.MOV (2663 frames) -- mode: threshold
  Selected 3 frame(s): [383 | p=0.993], [1416 | p=0.992], [2614 | p=0.994]
  -> Saved frame 383 (prob=0.993) -> P009R_frame_383_p0.993.png
  -> Saved frame 1416 (prob=0.992) -> P009R_frame_1416_p0.992.png
  -> Saved frame 2614 (prob=0.994) -> P009R_frame_2614_p0.994.png

[GPU 3] Processing: P011R.MOV (2657 frames) -- mode: threshold
  Selected 3 frame(s): [334 | p=1.000], [1473 | p=0.997], [2545 | p=0.999]
  -> Saved frame 334 (prob=1.000) -> P011R_frame_334_p1.000.png
  -> Saved frame 1473 (prob=0.997) -> P011R_frame_1473_p0.997.png
  -> Saved frame 2545 (prob=0.999) -> P011R_frame_2545_p0.999.png

[GPU 3] Processing: P013R.MOV (2035 frames) -- mode: threshold
  Selected 3 frame(s): [344 | p=0.998], [1121 | p=0.998], [1759 | p=0.997]
  -> Saved frame 344 (prob=0.998) -> P013R_frame_344_p0.998.png
  -> Saved frame 1121 (prob=0.998) -> P013R_frame_1121_p0.998.png
  -> Saved frame 1759 (prob=0.997) -> P013R_frame_1759_p0.997.png

[GPU 3] Processing: P015R.MOV (1574 frames) -- mode: threshold
  Selected 3 frame(s): [345 | p=0.998], [1105 | p=0.997], [1539 | p=0.996]
  -> Saved frame 345 (prob=0.998) -> P015R_frame_345_p0.998.png
  -> Saved frame 1105 (prob=0.997) -> P015R_frame_1105_p0.997.png
  -> Saved frame 1539 (prob=0.996) -> P015R_frame_1539_p0.996.png

[GPU 3] Processing: P018L.MOV (3667 frames) -- mode: threshold
  Selected 4 frame(s): [349 | p=1.000], [1289 | p=0.988], [2290 | p=0.999], [3630 | p=0.999]
  -> Saved frame 349 (prob=1.000) -> P018L_frame_349_p1.000.png
  -> Saved frame 1289 (prob=0.988) -> P018L_frame_1289_p0.988.png
  -> Saved frame 2290 (prob=0.999) -> P018L_frame_2290_p0.999.png
  -> Saved frame 3630 (prob=0.999) -> P018L_frame_3630_p0.999.png

[GPU 3] Processing: P020L.MOV (2505 frames) -- mode: threshold
  Selected 4 frame(s): [299 | p=0.999], [1011 | p=0.999], [1639 | p=0.987], [2285 | p=0.998]
  -> Saved frame 299 (prob=0.999) -> P020L_frame_299_p0.999.png
  -> Saved frame 1011 (prob=0.999) -> P020L_frame_1011_p0.999.png
  -> Saved frame 1639 (prob=0.987) -> P020L_frame_1639_p0.987.png
  -> Saved frame 2285 (prob=0.998) -> P020L_frame_2285_p0.998.png

[GPU 3] Processing: P022L.MOV (2480 frames) -- mode: threshold
  Selected 3 frame(s): [283 | p=0.998], [1292 | p=0.995], [2446 | p=0.998]
  -> Saved frame 283 (prob=0.998) -> P022L_frame_283_p0.998.png
  -> Saved frame 1292 (prob=0.995) -> P022L_frame_1292_p0.995.png
  -> Saved frame 2446 (prob=0.998) -> P022L_frame_2446_p0.998.png

[GPU 3] Processing: P025L.MOV (2106 frames) -- mode: threshold
  Selected 3 frame(s): [326 | p=1.000], [1210 | p=0.998], [1847 | p=0.998]
  -> Saved frame 326 (prob=1.000) -> P025L_frame_326_p1.000.png
  -> Saved frame 1210 (prob=0.998) -> P025L_frame_1210_p0.998.png
  -> Saved frame 1847 (prob=0.998) -> P025L_frame_1847_p0.998.png

[GPU 3] Processing: P028L.MOV (3470 frames) -- mode: threshold
  Selected 3 frame(s): [642 | p=0.999], [1925 | p=0.998], [3318 | p=0.999]
  -> Saved frame 642 (prob=0.999) -> P028L_frame_642_p0.999.png
  -> Saved frame 1925 (prob=0.998) -> P028L_frame_1925_p0.998.png
  -> Saved frame 3318 (prob=0.999) -> P028L_frame_3318_p0.999.png

[GPU 3] Processing: P030R.MOV (4585 frames) -- mode: threshold
  Selected 3 frame(s): [1158 | p=0.999], [2825 | p=0.991], [4354 | p=0.939]
  -> Saved frame 1158 (prob=0.999) -> P030R_frame_1158_p0.999.png
  -> Saved frame 2825 (prob=0.991) -> P030R_frame_2825_p0.991.png
  -> Saved frame 4354 (prob=0.939) -> P030R_frame_4354_p0.939.png

[GPU 3] Processing: P033R.MOV (3733 frames) -- mode: threshold
  Selected 3 frame(s): [494 | p=0.998], [1999 | p=0.997], [3091 | p=0.999]
  -> Saved frame 494 (prob=0.998) -> P033R_frame_494_p0.998.png
  -> Saved frame 1999 (prob=0.997) -> P033R_frame_1999_p0.997.png
  -> Saved frame 3091 (prob=0.999) -> P033R_frame_3091_p0.999.png

[GPU 3] Processing: P035R.MOV (3642 frames) -- mode: threshold
  Selected 3 frame(s): [364 | p=1.000], [1621 | p=0.995], [2810 | p=0.999]
  -> Saved frame 364 (prob=1.000) -> P035R_frame_364_p1.000.png
  -> Saved frame 1621 (prob=0.995) -> P035R_frame_1621_p0.995.png
  -> Saved frame 2810 (prob=0.999) -> P035R_frame_2810_p0.999.png

[GPU 3] Processing: P040R.MOV (1874 frames) -- mode: threshold
  Selected 3 frame(s): [320 | p=0.999], [897 | p=0.992], [1571 | p=0.999]
  -> Saved frame 320 (prob=0.999) -> P040R_frame_320_p0.999.png
  -> Saved frame 897 (prob=0.992) -> P040R_frame_897_p0.992.png
  -> Saved frame 1571 (prob=0.999) -> P040R_frame_1571_p0.999.png

[GPU 3] Processing: P043R.MOV (2269 frames) -- mode: threshold
  Selected 3 frame(s): [445 | p=0.999], [1186 | p=0.999], [2228 | p=0.997]
  -> Saved frame 445 (prob=0.999) -> P043R_frame_445_p0.999.png
  -> Saved frame 1186 (prob=0.999) -> P043R_frame_1186_p0.999.png
  -> Saved frame 2228 (prob=0.997) -> P043R_frame_2228_p0.997.png

[GPU 3] Processing: P048R.MOV (3589 frames) -- mode: threshold
  Selected 4 frame(s): [298 | p=0.902], [1211 | p=1.000], [2218 | p=0.988], [3268 | p=0.999]
  -> Saved frame 298 (prob=0.902) -> P048R_frame_298_p0.902.png
  -> Saved frame 1211 (prob=1.000) -> P048R_frame_1211_p1.000.png
  -> Saved frame 2218 (prob=0.988) -> P048R_frame_2218_p0.988.png
  -> Saved frame 3268 (prob=0.999) -> P048R_frame_3268_p0.999.png

[GPU 3] Processing: Q002L.MOV (5331 frames) -- mode: threshold
  Selected 2 frame(s): [1408 | p=0.994], [4155 | p=0.998]
  -> Saved frame 1408 (prob=0.994) -> Q002L_frame_1408_p0.994.png
  -> Saved frame 4155 (prob=0.998) -> Q002L_frame_4155_p0.998.png

[GPU 3] Processing: 2024_02_12_12_47_IMG_4616 LE MOD NPDR.mp4 (2015 frames) -- mode: threshold
  Selected 3 frame(s): [12 | p=0.995], [929 | p=0.998], [1450 | p=0.988]
  -> Saved frame 12 (prob=0.995) -> 2024_02_12_12_47_IMG_4616 LE MOD NPDR_frame_12_p0.995.png
  -> Saved frame 929 (prob=0.998) -> 2024_02_12_12_47_IMG_4616 LE MOD NPDR_frame_929_p0.998.png
  -> Saved frame 1450 (prob=0.988) -> 2024_02_12_12_47_IMG_4616 LE MOD NPDR_frame_1450_p0.988.png

[GPU 3] Processing: 2024_02_14_14_44_IMG_4650 LE SEV NPDR.mp4 (5378 frames) -- mode: threshold
  Selected 3 frame(s): [1315 | p=0.991], [3478 | p=0.851], [5237 | p=0.984]
  -> Saved frame 1315 (prob=0.991) -> 2024_02_14_14_44_IMG_4650 LE SEV NPDR_frame_1315_p0.991.png
  -> Saved frame 3478 (prob=0.851) -> 2024_02_14_14_44_IMG_4650 LE SEV NPDR_frame_3478_p0.851.png
  -> Saved frame 5237 (prob=0.984) -> 2024_02_14_14_44_IMG_4650 LE SEV NPDR_frame_5237_p0.984.png

[GPU 3] Processing: 2024_02_15_14_57_IMG_4662 LE MILD NPDR.mp4 (2464 frames) -- mode: fallback (max-confidence only)
  Selected 1 frame(s): [462 | p=0.361]
  -> Saved frame 462 (prob=0.361) -> 2024_02_15_14_57_IMG_4662 LE MILD NPDR_frame_462_p0.361.png

[GPU 3] Processing: 2024_02_16_13_33_IMG_4672 LE SEV NPDR WITH DME.mp4 (3768 frames) -- mode: threshold
  Selected 3 frame(s): [137 | p=0.842], [2087 | p=0.990], [3667 | p=0.977]
  -> Saved frame 137 (prob=0.842) -> 2024_02_16_13_33_IMG_4672 LE SEV NPDR WITH DME_frame_137_p0.842.png
  -> Saved frame 2087 (prob=0.990) -> 2024_02_16_13_33_IMG_4672 LE SEV NPDR WITH DME_frame_2087_p0.990.png
  -> Saved frame 3667 (prob=0.977) -> 2024_02_16_13_33_IMG_4672 LE SEV NPDR WITH DME_frame_3667_p0.977.png

[GPU 3] Processing: 2024_02_19_13_40_IMG_4682 LE SEV NPDR WITH DME.mp4 (4332 frames) -- mode: threshold
  Selected 4 frame(s): [257 | p=0.989], [1851 | p=0.944], [3120 | p=0.988], [4218 | p=0.966]
  -> Saved frame 257 (prob=0.989) -> 2024_02_19_13_40_IMG_4682 LE SEV NPDR WITH DME_frame_257_p0.989.png
  -> Saved frame 1851 (prob=0.944) -> 2024_02_19_13_40_IMG_4682 LE SEV NPDR WITH DME_frame_1851_p0.944.png
  -> Saved frame 3120 (prob=0.988) -> 2024_02_19_13_40_IMG_4682 LE SEV NPDR WITH DME_frame_3120_p0.988.png
  -> Saved frame 4218 (prob=0.966) -> 2024_02_19_13_40_IMG_4682 LE SEV NPDR WITH DME_frame_4218_p0.966.png

[GPU 3] Processing: 2024_03_07_15_21_IMG_4759 RE MILD NPDR.mp4 (5128 frames) -- mode: threshold
  Selected 4 frame(s): [37 | p=0.827], [1353 | p=0.988], [3531 | p=0.897], [5095 | p=0.986]
  -> Saved frame 37 (prob=0.827) -> 2024_03_07_15_21_IMG_4759 RE MILD NPDR_frame_37_p0.827.png
  -> Saved frame 1353 (prob=0.988) -> 2024_03_07_15_21_IMG_4759 RE MILD NPDR_frame_1353_p0.988.png
  -> Saved frame 3531 (prob=0.897) -> 2024_03_07_15_21_IMG_4759 RE MILD NPDR_frame_3531_p0.897.png
  -> Saved frame 5095 (prob=0.986) -> 2024_03_07_15_21_IMG_4759 RE MILD NPDR_frame_5095_p0.986.png

[GPU 3] Processing: 2024_03_19_14_40_IMG_3017 LE MILD NPDR.mp4 (1933 frames) -- mode: threshold
  Selected 4 frame(s): [107 | p=0.962], [731 | p=0.973], [1366 | p=0.932], [1913 | p=0.963]
  -> Saved frame 107 (prob=0.962) -> 2024_03_19_14_40_IMG_3017 LE MILD NPDR_frame_107_p0.962.png
  -> Saved frame 731 (prob=0.973) -> 2024_03_19_14_40_IMG_3017 LE MILD NPDR_frame_731_p0.973.png
  -> Saved frame 1366 (prob=0.932) -> 2024_03_19_14_40_IMG_3017 LE MILD NPDR_frame_1366_p0.932.png
  -> Saved frame 1913 (prob=0.963) -> 2024_03_19_14_40_IMG_3017 LE MILD NPDR_frame_1913_p0.963.png

[GPU 3] Processing: 2024_03_21_12_55_IMG_3048 RE MILD NPDR.mp4 (2507 frames) -- mode: threshold
  Selected 4 frame(s): [126 | p=0.993], [841 | p=0.985], [1821 | p=0.818], [2456 | p=0.977]
  -> Saved frame 126 (prob=0.993) -> 2024_03_21_12_55_IMG_3048 RE MILD NPDR_frame_126_p0.993.png
  -> Saved frame 841 (prob=0.985) -> 2024_03_21_12_55_IMG_3048 RE MILD NPDR_frame_841_p0.985.png
  -> Saved frame 1821 (prob=0.818) -> 2024_03_21_12_55_IMG_3048 RE MILD NPDR_frame_1821_p0.818.png
  -> Saved frame 2456 (prob=0.977) -> 2024_03_21_12_55_IMG_3048 RE MILD NPDR_frame_2456_p0.977.png

[GPU 3] Processing: 2024_03_25_11_51_IMG_3058 LE SEV NPDR.mp4 (4247 frames) -- mode: threshold
  Selected 3 frame(s): [615 | p=0.965], [1994 | p=0.984], [3583 | p=0.939]
  -> Saved frame 615 (prob=0.965) -> 2024_03_25_11_51_IMG_3058 LE SEV NPDR_frame_615_p0.965.png
  -> Saved frame 1994 (prob=0.984) -> 2024_03_25_11_51_IMG_3058 LE SEV NPDR_frame_1994_p0.984.png
  -> Saved frame 3583 (prob=0.939) -> 2024_03_25_11_51_IMG_3058 LE SEV NPDR_frame_3583_p0.939.png

[GPU 3] Processing: 2024_03_30_11_37_IMG_4851 RE MILD NPDR.mp4 (2165 frames) -- mode: threshold
  Selected 1 frame(s): [155 | p=0.996]
  -> Saved frame 155 (prob=0.996) -> 2024_03_30_11_37_IMG_4851 RE MILD NPDR_frame_155_p0.996.png

[GPU 3] Processing: 2024_04_01_12_16_IMG_4869 SEV NPDR WITH DME.mp4 (3634 frames) -- mode: threshold
  Selected 3 frame(s): [774 | p=0.999], [1993 | p=0.974], [2947 | p=0.938]
  -> Saved frame 774 (prob=0.999) -> 2024_04_01_12_16_IMG_4869 SEV NPDR WITH DME_frame_774_p0.999.png
  -> Saved frame 1993 (prob=0.974) -> 2024_04_01_12_16_IMG_4869 SEV NPDR WITH DME_frame_1993_p0.974.png
  -> Saved frame 2947 (prob=0.938) -> 2024_04_01_12_16_IMG_4869 SEV NPDR WITH DME_frame_2947_p0.938.png

[GPU 3] Processing: 2024_04_02_12_48_IMG_4883 RE SEV NPDR WITH DME.mp4 (3235 frames) -- mode: threshold
  Selected 3 frame(s): [279 | p=0.992], [1113 | p=0.915], [2438 | p=0.995]
  -> Saved frame 279 (prob=0.992) -> 2024_04_02_12_48_IMG_4883 RE SEV NPDR WITH DME_frame_279_p0.992.png
  -> Saved frame 1113 (prob=0.915) -> 2024_04_02_12_48_IMG_4883 RE SEV NPDR WITH DME_frame_1113_p0.915.png
  -> Saved frame 2438 (prob=0.995) -> 2024_04_02_12_48_IMG_4883 RE SEV NPDR WITH DME_frame_2438_p0.995.png

[GPU 3] Processing: 2024_04_04_11_38_IMG_4897 LE SEV NPDR.mp4 (3679 frames) -- mode: threshold
  Selected 3 frame(s): [1000 | p=0.978], [2555 | p=0.900], [3632 | p=0.956]
  -> Saved frame 1000 (prob=0.978) -> 2024_04_04_11_38_IMG_4897 LE SEV NPDR_frame_1000_p0.978.png
  -> Saved frame 2555 (prob=0.900) -> 2024_04_04_11_38_IMG_4897 LE SEV NPDR_frame_2555_p0.900.png
  -> Saved frame 3632 (prob=0.956) -> 2024_04_04_11_38_IMG_4897 LE SEV NPDR_frame_3632_p0.956.png

[GPU 3] Processing: 2024_04_05_10_17_IMG_4918 LE MACULAR DEGENERATION.mp4 (1559 frames) -- mode: threshold
  Selected 3 frame(s): [185 | p=0.983], [1007 | p=0.953], [1529 | p=0.919]
  -> Saved frame 185 (prob=0.983) -> 2024_04_05_10_17_IMG_4918 LE MACULAR DEGENERATION_frame_185_p0.983.png
  -> Saved frame 1007 (prob=0.953) -> 2024_04_05_10_17_IMG_4918 LE MACULAR DEGENERATION_frame_1007_p0.953.png
  -> Saved frame 1529 (prob=0.919) -> 2024_04_05_10_17_IMG_4918 LE MACULAR DEGENERATION_frame_1529_p0.919.png

[GPU 3] Processing: 2024_04_05_11_49_IMG_4926 LE FVP.mp4 (2970 frames) -- mode: threshold
  Selected 3 frame(s): [727 | p=0.814], [1590 | p=0.856], [2662 | p=0.860]
  -> Saved frame 727 (prob=0.814) -> 2024_04_05_11_49_IMG_4926 LE FVP_frame_727_p0.814.png
  -> Saved frame 1590 (prob=0.856) -> 2024_04_05_11_49_IMG_4926 LE FVP_frame_1590_p0.856.png
  -> Saved frame 2662 (prob=0.860) -> 2024_04_05_11_49_IMG_4926 LE FVP_frame_2662_p0.860.png

[GPU 3] Processing: 2024_04_05_13_18_IMG_4932 LE SEV NPDR.mp4 (3034 frames) -- mode: threshold
  Selected 3 frame(s): [256 | p=0.976], [1519 | p=0.984], [2645 | p=0.990]
  -> Saved frame 256 (prob=0.976) -> 2024_04_05_13_18_IMG_4932 LE SEV NPDR_frame_256_p0.976.png
  -> Saved frame 1519 (prob=0.984) -> 2024_04_05_13_18_IMG_4932 LE SEV NPDR_frame_1519_p0.984.png
  -> Saved frame 2645 (prob=0.990) -> 2024_04_05_13_18_IMG_4932 LE SEV NPDR_frame_2645_p0.990.png

[GPU 3] Processing: 2024_04_06_10_29_IMG_4938 LE MUTIPLE CHORIORETINAL PATCHES.mp4 (3172 frames) -- mode: threshold
  Selected 3 frame(s): [159 | p=0.812], [1518 | p=0.903], [2522 | p=0.934]
  -> Saved frame 159 (prob=0.812) -> 2024_04_06_10_29_IMG_4938 LE MUTIPLE CHORIORETINAL PATCHES_frame_159_p0.812.png
  -> Saved frame 1518 (prob=0.903) -> 2024_04_06_10_29_IMG_4938 LE MUTIPLE CHORIORETINAL PATCHES_frame_1518_p0.903.png
  -> Saved frame 2522 (prob=0.934) -> 2024_04_06_10_29_IMG_4938 LE MUTIPLE CHORIORETINAL PATCHES_frame_2522_p0.934.png

[GPU 3] Processing: 2024_04_06_11_18_IMG_4942 LE PDR WITH DME.mp4 (1979 frames) -- mode: threshold
  Selected 3 frame(s): [398 | p=0.998], [1182 | p=0.997], [1875 | p=0.987]
  -> Saved frame 398 (prob=0.998) -> 2024_04_06_11_18_IMG_4942 LE PDR WITH DME_frame_398_p0.998.png
  -> Saved frame 1182 (prob=0.997) -> 2024_04_06_11_18_IMG_4942 LE PDR WITH DME_frame_1182_p0.997.png
  -> Saved frame 1875 (prob=0.987) -> 2024_04_06_11_18_IMG_4942 LE PDR WITH DME_frame_1875_p0.987.png

[GPU 3] Processing: 2024_04_11_13_34_IMG_4948 LE MOD NPDR.mp4 (2484 frames) -- mode: threshold
  Selected 3 frame(s): [469 | p=0.975], [1213 | p=0.843], [1919 | p=0.990]
  -> Saved frame 469 (prob=0.975) -> 2024_04_11_13_34_IMG_4948 LE MOD NPDR_frame_469_p0.975.png
  -> Saved frame 1213 (prob=0.843) -> 2024_04_11_13_34_IMG_4948 LE MOD NPDR_frame_1213_p0.843.png
  -> Saved frame 1919 (prob=0.990) -> 2024_04_11_13_34_IMG_4948 LE MOD NPDR_frame_1919_p0.990.png

[GPU 3] Processing: 2024_04_11_15_23_IMG_4955 LE PDR.mp4 (3213 frames) -- mode: threshold
  Selected 3 frame(s): [161 | p=0.994], [1551 | p=0.990], [2357 | p=0.995]
  -> Saved frame 161 (prob=0.994) -> 2024_04_11_15_23_IMG_4955 LE PDR_frame_161_p0.994.png
  -> Saved frame 1551 (prob=0.990) -> 2024_04_11_15_23_IMG_4955 LE PDR_frame_1551_p0.990.png
  -> Saved frame 2357 (prob=0.995) -> 2024_04_11_15_23_IMG_4955 LE PDR_frame_2357_p0.995.png

[GPU 3] Processing: 2024_04_12_11_24_IMG_4959 LE MOD NPDR.mp4 (3958 frames) -- mode: threshold
  Selected 4 frame(s): [50 | p=0.993], [1281 | p=0.995], [2401 | p=0.990], [3950 | p=0.994]
  -> Saved frame 50 (prob=0.993) -> 2024_04_12_11_24_IMG_4959 LE MOD NPDR_frame_50_p0.993.png
  -> Saved frame 1281 (prob=0.995) -> 2024_04_12_11_24_IMG_4959 LE MOD NPDR_frame_1281_p0.995.png
  -> Saved frame 2401 (prob=0.990) -> 2024_04_12_11_24_IMG_4959 LE MOD NPDR_frame_2401_p0.990.png
  -> Saved frame 3950 (prob=0.994) -> 2024_04_12_11_24_IMG_4959 LE MOD NPDR_frame_3950_p0.994.png

[GPU 3] Processing: 2024_04_12_13_02_IMG_4967 LE PDR OIL PLACED.mp4 (3088 frames) -- mode: threshold
  Selected 1 frame(s): [2923 | p=0.918]
  -> Saved frame 2923 (prob=0.918) -> 2024_04_12_13_02_IMG_4967 LE PDR OIL PLACED_frame_2923_p0.918.png

[GPU 3] Processing: 2024_04_12_13_30_IMG_4971 RE HIGH MYOP.mp4 (3618 frames) -- mode: threshold
  Selected 3 frame(s): [122 | p=0.966], [1483 | p=0.997], [3596 | p=0.984]
  -> Saved frame 122 (prob=0.966) -> 2024_04_12_13_30_IMG_4971 RE HIGH MYOP_frame_122_p0.966.png
  -> Saved frame 1483 (prob=0.997) -> 2024_04_12_13_30_IMG_4971 RE HIGH MYOP_frame_1483_p0.997.png
  -> Saved frame 3596 (prob=0.984) -> 2024_04_12_13_30_IMG_4971 RE HIGH MYOP_frame_3596_p0.984.png

[GPU 3] Processing: 2024_04_30_12_16_IMG_5012 RE HEALTHY.mp4 (3362 frames) -- mode: threshold
  Selected 3 frame(s): [792 | p=0.999], [1793 | p=0.998], [3105 | p=0.973]
  -> Saved frame 792 (prob=0.999) -> 2024_04_30_12_16_IMG_5012 RE HEALTHY_frame_792_p0.999.png
  -> Saved frame 1793 (prob=0.998) -> 2024_04_30_12_16_IMG_5012 RE HEALTHY_frame_1793_p0.998.png
  -> Saved frame 3105 (prob=0.973) -> 2024_04_30_12_16_IMG_5012 RE HEALTHY_frame_3105_p0.973.png

[GPU 3] Processing: 2024_05_06_12_30_IMG_3269 RE Healthy.mp4 (2241 frames) -- mode: threshold
  Selected 4 frame(s): [106 | p=0.972], [839 | p=0.988], [1513 | p=0.952], [2174 | p=0.950]
  -> Saved frame 106 (prob=0.972) -> 2024_05_06_12_30_IMG_3269 RE Healthy_frame_106_p0.972.png
  -> Saved frame 839 (prob=0.988) -> 2024_05_06_12_30_IMG_3269 RE Healthy_frame_839_p0.988.png
  -> Saved frame 1513 (prob=0.952) -> 2024_05_06_12_30_IMG_3269 RE Healthy_frame_1513_p0.952.png
  -> Saved frame 2174 (prob=0.950) -> 2024_05_06_12_30_IMG_3269 RE Healthy_frame_2174_p0.950.png

[GPU 3] Processing: 2024_05_06_14_02_IMG_3273 RE PDR.mp4 (3653 frames) -- mode: threshold
  Selected 3 frame(s): [194 | p=0.992], [1130 | p=0.996], [3611 | p=0.991]
  -> Saved frame 194 (prob=0.992) -> 2024_05_06_14_02_IMG_3273 RE PDR_frame_194_p0.992.png
  -> Saved frame 1130 (prob=0.996) -> 2024_05_06_14_02_IMG_3273 RE PDR_frame_1130_p0.996.png
  -> Saved frame 3611 (prob=0.991) -> 2024_05_06_14_02_IMG_3273 RE PDR_frame_3611_p0.991.png

[GPU 3] Processing: 2024_05_07_12_43_IMG_5031 RE HEALTHY.mp4 (2980 frames) -- mode: threshold
  Selected 3 frame(s): [175 | p=0.987], [957 | p=0.954], [2416 | p=0.986]
  -> Saved frame 175 (prob=0.987) -> 2024_05_07_12_43_IMG_5031 RE HEALTHY_frame_175_p0.987.png
  -> Saved frame 957 (prob=0.954) -> 2024_05_07_12_43_IMG_5031 RE HEALTHY_frame_957_p0.954.png
  -> Saved frame 2416 (prob=0.986) -> 2024_05_07_12_43_IMG_5031 RE HEALTHY_frame_2416_p0.986.png

[GPU 3] Processing: 2024_05_08_10_34_IMG_5035 RE PDR WITH FVP.mp4 (2017 frames) -- mode: fallback (max-confidence only)
  Selected 1 frame(s): [379 | p=0.795]
  -> Saved frame 379 (prob=0.795) -> 2024_05_08_10_34_IMG_5035 RE PDR WITH FVP_frame_379_p0.795.png

[GPU 3] Processing: 2024_05_08_11_48_IMG_5039 RE HEALTHY.mp4 (3592 frames) -- mode: threshold
  Selected 3 frame(s): [114 | p=0.865], [1787 | p=0.966], [2831 | p=0.952]
  -> Saved frame 114 (prob=0.865) -> 2024_05_08_11_48_IMG_5039 RE HEALTHY_frame_114_p0.865.png
  -> Saved frame 1787 (prob=0.966) -> 2024_05_08_11_48_IMG_5039 RE HEALTHY_frame_1787_p0.966.png
  -> Saved frame 2831 (prob=0.952) -> 2024_05_08_11_48_IMG_5039 RE HEALTHY_frame_2831_p0.952.png

[GPU 3] Processing: 2024_05_08_12_06_IMG_5044 LE MILD NPDR, ERLY AMD.mp4 (3586 frames) -- mode: threshold
  Selected 3 frame(s): [616 | p=0.993], [1888 | p=0.997], [3533 | p=0.893]
  -> Saved frame 616 (prob=0.993) -> 2024_05_08_12_06_IMG_5044 LE MILD NPDR, ERLY AMD_frame_616_p0.993.png
  -> Saved frame 1888 (prob=0.997) -> 2024_05_08_12_06_IMG_5044 LE MILD NPDR, ERLY AMD_frame_1888_p0.997.png
  -> Saved frame 3533 (prob=0.893) -> 2024_05_08_12_06_IMG_5044 LE MILD NPDR, ERLY AMD_frame_3533_p0.893.png

[GPU 3] Processing: 2024_05_09_12_48_IMG_5050 LE DRUSEN+.mp4 (3222 frames) -- mode: threshold
  Selected 3 frame(s): [71 | p=0.902], [1262 | p=0.979], [2187 | p=0.994]
  -> Saved frame 71 (prob=0.902) -> 2024_05_09_12_48_IMG_5050 LE DRUSEN+_frame_71_p0.902.png
  -> Saved frame 1262 (prob=0.979) -> 2024_05_09_12_48_IMG_5050 LE DRUSEN+_frame_1262_p0.979.png
  -> Saved frame 2187 (prob=0.994) -> 2024_05_09_12_48_IMG_5050 LE DRUSEN+_frame_2187_p0.994.png

[GPU 3] Processing: 2024_05_09_13_10_IMG_5054 LE ERM PRESENT.mp4 (2805 frames) -- mode: threshold
  Selected 3 frame(s): [264 | p=0.993], [1458 | p=0.994], [2727 | p=0.989]
  -> Saved frame 264 (prob=0.993) -> 2024_05_09_13_10_IMG_5054 LE ERM PRESENT_frame_264_p0.993.png
  -> Saved frame 1458 (prob=0.994) -> 2024_05_09_13_10_IMG_5054 LE ERM PRESENT_frame_1458_p0.994.png
  -> Saved frame 2727 (prob=0.989) -> 2024_05_09_13_10_IMG_5054 LE ERM PRESENT_frame_2727_p0.989.png

[GPU 3] Processing: 2024_05_09_13_27_IMG_5058 LE HEALTHY.mp4 (2777 frames) -- mode: threshold
  Selected 3 frame(s): [570 | p=0.984], [1787 | p=0.997], [2532 | p=0.987]
  -> Saved frame 570 (prob=0.984) -> 2024_05_09_13_27_IMG_5058 LE HEALTHY_frame_570_p0.984.png
  -> Saved frame 1787 (prob=0.997) -> 2024_05_09_13_27_IMG_5058 LE HEALTHY_frame_1787_p0.997.png
  -> Saved frame 2532 (prob=0.987) -> 2024_05_09_13_27_IMG_5058 LE HEALTHY_frame_2532_p0.987.png

[GPU 3] Processing: 2024_05_09_13_44_IMG_5062 LE HEALTHY.mp4 (4761 frames) -- mode: threshold
  Selected 3 frame(s): [617 | p=0.994], [2138 | p=0.993], [4191 | p=0.999]
  -> Saved frame 617 (prob=0.994) -> 2024_05_09_13_44_IMG_5062 LE HEALTHY_frame_617_p0.994.png
  -> Saved frame 2138 (prob=0.993) -> 2024_05_09_13_44_IMG_5062 LE HEALTHY_frame_2138_p0.993.png
  -> Saved frame 4191 (prob=0.999) -> 2024_05_09_13_44_IMG_5062 LE HEALTHY_frame_4191_p0.999.png

[GPU 3] Processing: 2024_05_09_14_03_IMG_5066 LE HEALTHY.mp4 (2676 frames) -- mode: threshold
  Selected 3 frame(s): [669 | p=0.975], [1669 | p=0.970], [2629 | p=0.949]
  -> Saved frame 669 (prob=0.975) -> 2024_05_09_14_03_IMG_5066 LE HEALTHY_frame_669_p0.975.png
  -> Saved frame 1669 (prob=0.970) -> 2024_05_09_14_03_IMG_5066 LE HEALTHY_frame_1669_p0.970.png
  -> Saved frame 2629 (prob=0.949) -> 2024_05_09_14_03_IMG_5066 LE HEALTHY_frame_2629_p0.949.png

[GPU 3] Processing: 2024_05_31_12_59_IMG_3431 RE MOD NPDR.mp4 (3131 frames) -- mode: threshold
  Selected 3 frame(s): [567 | p=0.984], [1386 | p=0.985], [2484 | p=0.995]
  -> Saved frame 567 (prob=0.984) -> 2024_05_31_12_59_IMG_3431 RE MOD NPDR_frame_567_p0.984.png
  -> Saved frame 1386 (prob=0.985) -> 2024_05_31_12_59_IMG_3431 RE MOD NPDR_frame_1386_p0.985.png
  -> Saved frame 2484 (prob=0.995) -> 2024_05_31_12_59_IMG_3431 RE MOD NPDR_frame_2484_p0.995.png

[GPU 3] Processing: 2024_06_03_09_55_IMG_3438 RE PDR+ME+VH.mp4 (3095 frames) -- mode: fallback (max-confidence only)
  Selected 1 frame(s): [1460 | p=0.759]
  -> Saved frame 1460 (prob=0.759) -> 2024_06_03_09_55_IMG_3438 RE PDR+ME+VH_frame_1460_p0.759.png

[GPU 3] Processing: 2024_06_03_10_36_IMG_3442 RESEV NPDR.mp4 (3591 frames) -- mode: threshold
  Selected 3 frame(s): [250 | p=0.931], [1311 | p=0.974], [3225 | p=0.946]
  -> Saved frame 250 (prob=0.931) -> 2024_06_03_10_36_IMG_3442 RESEV NPDR_frame_250_p0.931.png
  -> Saved frame 1311 (prob=0.974) -> 2024_06_03_10_36_IMG_3442 RESEV NPDR_frame_1311_p0.974.png
  -> Saved frame 3225 (prob=0.946) -> 2024_06_03_10_36_IMG_3442 RESEV NPDR_frame_3225_p0.946.png

[GPU 3] Processing: 2024_06_05_09_33_IMG_3448 RE PDR.mp4 (2464 frames) -- mode: threshold
  Selected 1 frame(s): [1272 | p=0.987]
  -> Saved frame 1272 (prob=0.987) -> 2024_06_05_09_33_IMG_3448 RE PDR_frame_1272_p0.987.png

[GPU 3] Processing: 2024_06_05_10_24_IMG_3454 LE HEALTHY.mp4 (3887 frames) -- mode: threshold
  Selected 4 frame(s): [509 | p=0.986], [1538 | p=0.839], [2527 | p=0.993], [3796 | p=0.996]
  -> Saved frame 509 (prob=0.986) -> 2024_06_05_10_24_IMG_3454 LE HEALTHY_frame_509_p0.986.png
  -> Saved frame 1538 (prob=0.839) -> 2024_06_05_10_24_IMG_3454 LE HEALTHY_frame_1538_p0.839.png
  -> Saved frame 2527 (prob=0.993) -> 2024_06_05_10_24_IMG_3454 LE HEALTHY_frame_2527_p0.993.png
  -> Saved frame 3796 (prob=0.996) -> 2024_06_05_10_24_IMG_3454 LE HEALTHY_frame_3796_p0.996.png

[GPU 3] Processing: 2024_06_06_10_44_IMG_3458 LE PDR.mp4 (4531 frames) -- mode: threshold
  Selected 4 frame(s): [214 | p=0.997], [1476 | p=0.960], [3181 | p=0.998], [4509 | p=0.960]
  -> Saved frame 214 (prob=0.997) -> 2024_06_06_10_44_IMG_3458 LE PDR_frame_214_p0.997.png
  -> Saved frame 1476 (prob=0.960) -> 2024_06_06_10_44_IMG_3458 LE PDR_frame_1476_p0.960.png
  -> Saved frame 3181 (prob=0.998) -> 2024_06_06_10_44_IMG_3458 LE PDR_frame_3181_p0.998.png
  -> Saved frame 4509 (prob=0.960) -> 2024_06_06_10_44_IMG_3458 LE PDR_frame_4509_p0.960.png

[GPU 3] Processing: 2024_06_06_11_59_IMG_3462 LE PDR.mp4 (2588 frames) -- mode: threshold
  Selected 3 frame(s): [85 | p=0.881], [1178 | p=0.957], [1951 | p=0.978]
  -> Saved frame 85 (prob=0.881) -> 2024_06_06_11_59_IMG_3462 LE PDR_frame_85_p0.881.png
  -> Saved frame 1178 (prob=0.957) -> 2024_06_06_11_59_IMG_3462 LE PDR_frame_1178_p0.957.png
  -> Saved frame 1951 (prob=0.978) -> 2024_06_06_11_59_IMG_3462 LE PDR_frame_1951_p0.978.png

[GPU 3] Processing: 2024_06_07_10_52_IMG_3466 LE DRUSEN+.mp4 (3640 frames) -- mode: threshold
  Selected 4 frame(s): [562 | p=0.998], [1498 | p=0.997], [2509 | p=0.990], [3510 | p=0.999]
  -> Saved frame 562 (prob=0.998) -> 2024_06_07_10_52_IMG_3466 LE DRUSEN+_frame_562_p0.998.png
  -> Saved frame 1498 (prob=0.997) -> 2024_06_07_10_52_IMG_3466 LE DRUSEN+_frame_1498_p0.997.png
  -> Saved frame 2509 (prob=0.990) -> 2024_06_07_10_52_IMG_3466 LE DRUSEN+_frame_2509_p0.990.png
  -> Saved frame 3510 (prob=0.999) -> 2024_06_07_10_52_IMG_3466 LE DRUSEN+_frame_3510_p0.999.png

[GPU 3] Processing: 2024_06_07_11_22_IMG_3470 LE LASERED FUNDUS.mp4 (2607 frames) -- mode: threshold
  Selected 4 frame(s): [91 | p=0.993], [824 | p=1.000], [1548 | p=0.999], [2581 | p=0.997]
  -> Saved frame 91 (prob=0.993) -> 2024_06_07_11_22_IMG_3470 LE LASERED FUNDUS_frame_91_p0.993.png
  -> Saved frame 824 (prob=1.000) -> 2024_06_07_11_22_IMG_3470 LE LASERED FUNDUS_frame_824_p1.000.png
  -> Saved frame 1548 (prob=0.999) -> 2024_06_07_11_22_IMG_3470 LE LASERED FUNDUS_frame_1548_p0.999.png
  -> Saved frame 2581 (prob=0.997) -> 2024_06_07_11_22_IMG_3470 LE LASERED FUNDUS_frame_2581_p0.997.png

[GPU 3] Processing: 2024_06_07_11_43_IMG_3474 LE PDR TRD WITH CRAO.mp4 (4393 frames) -- mode: threshold
  Selected 4 frame(s): [550 | p=0.953], [1680 | p=0.995], [3135 | p=0.993], [4260 | p=0.844]
  -> Saved frame 550 (prob=0.953) -> 2024_06_07_11_43_IMG_3474 LE PDR TRD WITH CRAO_frame_550_p0.953.png
  -> Saved frame 1680 (prob=0.995) -> 2024_06_07_11_43_IMG_3474 LE PDR TRD WITH CRAO_frame_1680_p0.995.png
  -> Saved frame 3135 (prob=0.993) -> 2024_06_07_11_43_IMG_3474 LE PDR TRD WITH CRAO_frame_3135_p0.993.png
  -> Saved frame 4260 (prob=0.844) -> 2024_06_07_11_43_IMG_3474 LE PDR TRD WITH CRAO_frame_4260_p0.844.png

[GPU 3] Processing: 2024_06_13_11_36_IMG_3478 LE HEALTHY.mp4 (3627 frames) -- mode: threshold
  Selected 3 frame(s): [400 | p=0.997], [1307 | p=0.965], [2762 | p=0.996]
  -> Saved frame 400 (prob=0.997) -> 2024_06_13_11_36_IMG_3478 LE HEALTHY_frame_400_p0.997.png
  -> Saved frame 1307 (prob=0.965) -> 2024_06_13_11_36_IMG_3478 LE HEALTHY_frame_1307_p0.965.png
  -> Saved frame 2762 (prob=0.996) -> 2024_06_13_11_36_IMG_3478 LE HEALTHY_frame_2762_p0.996.png

[GPU 3] Processing: 2024_06_13_12_42_IMG_3484 LE HEALTHY.mp4 (1893 frames) -- mode: threshold
  Selected 4 frame(s): [119 | p=0.995], [828 | p=0.996], [1356 | p=0.994], [1843 | p=0.985]
  -> Saved frame 119 (prob=0.995) -> 2024_06_13_12_42_IMG_3484 LE HEALTHY_frame_119_p0.995.png
  -> Saved frame 828 (prob=0.996) -> 2024_06_13_12_42_IMG_3484 LE HEALTHY_frame_828_p0.996.png
  -> Saved frame 1356 (prob=0.994) -> 2024_06_13_12_42_IMG_3484 LE HEALTHY_frame_1356_p0.994.png
  -> Saved frame 1843 (prob=0.985) -> 2024_06_13_12_42_IMG_3484 LE HEALTHY_frame_1843_p0.985.png

[GPU 3] Processing: 2024_06_14_11_00_IMG_3489.mp4 (3772 frames) -- mode: threshold
  Selected 3 frame(s): [484 | p=1.000], [1626 | p=0.999], [3588 | p=0.999]
  -> Saved frame 484 (prob=1.000) -> 2024_06_14_11_00_IMG_3489_frame_484_p1.000.png
  -> Saved frame 1626 (prob=0.999) -> 2024_06_14_11_00_IMG_3489_frame_1626_p0.999.png
  -> Saved frame 3588 (prob=0.999) -> 2024_06_14_11_00_IMG_3489_frame_3588_p0.999.png

[GPU 3] Processing: 2024_06_14_11_53_IMG_3493.mp4 (3693 frames) -- mode: threshold
  Selected 3 frame(s): [310 | p=0.994], [1758 | p=0.997], [2787 | p=0.989]
  -> Saved frame 310 (prob=0.994) -> 2024_06_14_11_53_IMG_3493_frame_310_p0.994.png
  -> Saved frame 1758 (prob=0.997) -> 2024_06_14_11_53_IMG_3493_frame_1758_p0.997.png
  -> Saved frame 2787 (prob=0.989) -> 2024_06_14_11_53_IMG_3493_frame_2787_p0.989.png

[GPU 3] Processing: 2024_06_14_12_10_IMG_3497.mp4 (1756 frames) -- mode: threshold
  Selected 1 frame(s): [1201 | p=0.956]
  -> Saved frame 1201 (prob=0.956) -> 2024_06_14_12_10_IMG_3497_frame_1201_p0.956.png

[GPU 3] Processing: 2024_06_14_12_41_IMG_3501.mp4 (2917 frames) -- mode: threshold
  Selected 4 frame(s): [71 | p=0.996], [1032 | p=0.999], [1834 | p=0.998], [2848 | p=0.998]
  -> Saved frame 71 (prob=0.996) -> 2024_06_14_12_41_IMG_3501_frame_71_p0.996.png
  -> Saved frame 1032 (prob=0.999) -> 2024_06_14_12_41_IMG_3501_frame_1032_p0.999.png
  -> Saved frame 1834 (prob=0.998) -> 2024_06_14_12_41_IMG_3501_frame_1834_p0.998.png
  -> Saved frame 2848 (prob=0.998) -> 2024_06_14_12_41_IMG_3501_frame_2848_p0.998.png

[GPU 3] Processing: IMG_2501 LE NO DR CHANGES.mp4 (722 frames) -- mode: threshold
  Selected 2 frame(s): [51 | p=0.837], [411 | p=0.831]
  -> Saved frame 51 (prob=0.837) -> IMG_2501 LE NO DR CHANGES_frame_51_p0.837.png
  -> Saved frame 411 (prob=0.831) -> IMG_2501 LE NO DR CHANGES_frame_411_p0.831.png

[GPU 3] Processing: IMG_2512 RE MOD NPDR WITH CDME.mp4 (2147 frames) -- mode: threshold
  Selected 1 frame(s): [468 | p=0.987]
  -> Saved frame 468 (prob=0.987) -> IMG_2512 RE MOD NPDR WITH CDME_frame_468_p0.987.png

[GPU 3] Processing: IMG_2519 RE HEALTHY.mp4 (2618 frames) -- mode: threshold
  Selected 1 frame(s): [991 | p=0.900]
  -> Saved frame 991 (prob=0.900) -> IMG_2519 RE HEALTHY_frame_991_p0.900.png

[GPU 3] Processing: IMG_2533 RE HEALTHY.mp4 (1665 frames) -- mode: threshold
  Selected 1 frame(s): [643 | p=0.895]
  -> Saved frame 643 (prob=0.895) -> IMG_2533 RE HEALTHY_frame_643_p0.895.png

[GPU 3] Processing: IMG_2548 RE ERM+.mp4 (5527 frames) -- mode: threshold
  Selected 4 frame(s): [856 | p=0.988], [2614 | p=0.855], [4062 | p=0.981], [5476 | p=0.986]
  -> Saved frame 856 (prob=0.988) -> IMG_2548 RE ERM+_frame_856_p0.988.png
  -> Saved frame 2614 (prob=0.855) -> IMG_2548 RE ERM+_frame_2614_p0.855.png
  -> Saved frame 4062 (prob=0.981) -> IMG_2548 RE ERM+_frame_4062_p0.981.png
  -> Saved frame 5476 (prob=0.986) -> IMG_2548 RE ERM+_frame_5476_p0.986.png

[GPU 3] Processing: IMG_2556 LE HEALTHY.mp4 (2947 frames) -- mode: threshold
  Selected 3 frame(s): [644 | p=0.964], [1420 | p=0.934], [2916 | p=0.951]
  -> Saved frame 644 (prob=0.964) -> IMG_2556 LE HEALTHY_frame_644_p0.964.png
  -> Saved frame 1420 (prob=0.934) -> IMG_2556 LE HEALTHY_frame_1420_p0.934.png
  -> Saved frame 2916 (prob=0.951) -> IMG_2556 LE HEALTHY_frame_2916_p0.951.png

[GPU 3] Processing: IMG_2587 RE HEALTHY.mp4 (1136 frames) -- mode: threshold
  Selected 3 frame(s): [78 | p=0.994], [592 | p=0.995], [956 | p=0.975]
  -> Saved frame 78 (prob=0.994) -> IMG_2587 RE HEALTHY_frame_78_p0.994.png
  -> Saved frame 592 (prob=0.995) -> IMG_2587 RE HEALTHY_frame_592_p0.995.png
  -> Saved frame 956 (prob=0.975) -> IMG_2587 RE HEALTHY_frame_956_p0.975.png

[GPU 3] Processing: IMG_2593 RE SEV NPDR WITH DME.mp4 (2420 frames) -- mode: threshold
  Selected 2 frame(s): [542 | p=0.986], [1823 | p=0.991]
  -> Saved frame 542 (prob=0.986) -> IMG_2593 RE SEV NPDR WITH DME_frame_542_p0.986.png
  -> Saved frame 1823 (prob=0.991) -> IMG_2593 RE SEV NPDR WITH DME_frame_1823_p0.991.png

[GPU 3] Processing: IMG_2597 RE MACULAR SCAR.mp4 (937 frames) -- mode: threshold
  Selected 2 frame(s): [74 | p=0.829], [350 | p=0.948]
  -> Saved frame 74 (prob=0.829) -> IMG_2597 RE MACULAR SCAR_frame_74_p0.829.png
  -> Saved frame 350 (prob=0.948) -> IMG_2597 RE MACULAR SCAR_frame_350_p0.948.png

[GPU 3] Processing: IMG_2604 RE HEALTHY.mp4 (2800 frames) -- mode: threshold
  Selected 1 frame(s): [64 | p=0.889]
  -> Saved frame 64 (prob=0.889) -> IMG_2604 RE HEALTHY_frame_64_p0.889.png

[GPU 3] Processing: IMG_2608 LE PDR WITH SCLEROSED VESSEL.mp4 (3190 frames) -- mode: fallback (max-confidence only)
  Selected 1 frame(s): [310 | p=0.724]
  -> Saved frame 310 (prob=0.724) -> IMG_2608 LE PDR WITH SCLEROSED VESSEL_frame_310_p0.724.png

[GPU 3] Processing: IMG_2614 RE DME.mp4 (1983 frames) -- mode: fallback (max-confidence only)
  Selected 1 frame(s): [628 | p=0.773]
  -> Saved frame 628 (prob=0.773) -> IMG_2614 RE DME_frame_628_p0.773.png

[GPU 3] Processing: IMG_2620 RE MILD NPDR.mp4 (3486 frames) -- mode: threshold
  Selected 2 frame(s): [120 | p=0.821], [1302 | p=0.978]
  -> Saved frame 120 (prob=0.821) -> IMG_2620 RE MILD NPDR_frame_120_p0.821.png
  -> Saved frame 1302 (prob=0.978) -> IMG_2620 RE MILD NPDR_frame_1302_p0.978.png

[GPU 3] Processing: IMG_2634 RE SEV NPDR.mp4 (1428 frames) -- mode: threshold
  Selected 1 frame(s): [1395 | p=0.926]
  -> Saved frame 1395 (prob=0.926) -> IMG_2634 RE SEV NPDR_frame_1395_p0.926.png

[GPU 3] Processing: IMG_2703 LE HEALTHY.mp4 (1973 frames) -- mode: threshold
  Selected 2 frame(s): [404 | p=0.973], [1599 | p=0.983]
  -> Saved frame 404 (prob=0.973) -> IMG_2703 LE HEALTHY_frame_404_p0.973.png
  -> Saved frame 1599 (prob=0.983) -> IMG_2703 LE HEALTHY_frame_1599_p0.983.png

[GPU 3] Processing: IMG_2708 LE HEALTHY.mp4 (2736 frames) -- mode: threshold
  Selected 3 frame(s): [624 | p=0.970], [1621 | p=0.956], [2614 | p=0.980]
  -> Saved frame 624 (prob=0.970) -> IMG_2708 LE HEALTHY_frame_624_p0.970.png
  -> Saved frame 1621 (prob=0.956) -> IMG_2708 LE HEALTHY_frame_1621_p0.956.png
  -> Saved frame 2614 (prob=0.980) -> IMG_2708 LE HEALTHY_frame_2614_p0.980.png

[GPU 3] Processing: IMG_2719 LE DRUSENS+.mp4 (3422 frames) -- mode: threshold
  Selected 3 frame(s): [50 | p=0.980], [1568 | p=0.969], [3314 | p=0.974]
  -> Saved frame 50 (prob=0.980) -> IMG_2719 LE DRUSENS+_frame_50_p0.980.png
  -> Saved frame 1568 (prob=0.969) -> IMG_2719 LE DRUSENS+_frame_1568_p0.969.png
  -> Saved frame 3314 (prob=0.974) -> IMG_2719 LE DRUSENS+_frame_3314_p0.974.png

[GPU 3] Processing: IMG_2867 RE HEALTHY.mp4 (2433 frames) -- mode: threshold
  Selected 3 frame(s): [252 | p=0.999], [976 | p=0.978], [1841 | p=0.978]
  -> Saved frame 252 (prob=0.999) -> IMG_2867 RE HEALTHY_frame_252_p0.999.png
  -> Saved frame 976 (prob=0.978) -> IMG_2867 RE HEALTHY_frame_976_p0.978.png
  -> Saved frame 1841 (prob=0.978) -> IMG_2867 RE HEALTHY_frame_1841_p0.978.png

[GPU 3] Processing: IMG_2872 LE NO DR CHANGES.mp4 (2636 frames) -- mode: threshold
  Selected 3 frame(s): [98 | p=0.970], [1892 | p=0.966], [2595 | p=0.924]
  -> Saved frame 98 (prob=0.970) -> IMG_2872 LE NO DR CHANGES_frame_98_p0.970.png
  -> Saved frame 1892 (prob=0.966) -> IMG_2872 LE NO DR CHANGES_frame_1892_p0.966.png
  -> Saved frame 2595 (prob=0.924) -> IMG_2872 LE NO DR CHANGES_frame_2595_p0.924.png

[GPU 3] Processing: IMG_2892 RE HEALTHY.mp4 (2152 frames) -- mode: threshold
  Selected 3 frame(s): [121 | p=0.979], [1094 | p=0.836], [1856 | p=0.883]
  -> Saved frame 121 (prob=0.979) -> IMG_2892 RE HEALTHY_frame_121_p0.979.png
  -> Saved frame 1094 (prob=0.836) -> IMG_2892 RE HEALTHY_frame_1094_p0.836.png
  -> Saved frame 1856 (prob=0.883) -> IMG_2892 RE HEALTHY_frame_1856_p0.883.png

[GPU 3] Processing: IMG_4170 RE SEV NPDR.mp4 (647 frames) -- mode: threshold
  Selected 1 frame(s): [192 | p=0.997]
  -> Saved frame 192 (prob=0.997) -> IMG_4170 RE SEV NPDR_frame_192_p0.997.png

[GPU 3] Processing: R001L.mp4 (364 frames) -- mode: threshold
  Selected 3 frame(s): [45 | p=0.860], [223 | p=0.823], [363 | p=0.958]
  -> Saved frame 45 (prob=0.860) -> R001L_frame_45_p0.860.png
  -> Saved frame 223 (prob=0.823) -> R001L_frame_223_p0.823.png
  -> Saved frame 363 (prob=0.958) -> R001L_frame_363_p0.958.png

[GPU 3] Processing: R005L.mp4 (930 frames) -- mode: fallback (max-confidence only)
  Selected 1 frame(s): [291 | p=0.385]
  -> Saved frame 291 (prob=0.385) -> R005L_frame_291_p0.385.png

[GPU 3] Processing: R008R2.mp4 (976 frames) -- mode: threshold
  Selected 1 frame(s): [39 | p=0.988]
  -> Saved frame 39 (prob=0.988) -> R008R2_frame_39_p0.988.png

[GPU 3] Processing: R011L.mp4 (5527 frames) -- mode: threshold
  Selected 3 frame(s): [736 | p=0.995], [2822 | p=0.984], [4689 | p=0.846]
  -> Saved frame 736 (prob=0.995) -> R011L_frame_736_p0.995.png
  -> Saved frame 2822 (prob=0.984) -> R011L_frame_2822_p0.984.png
  -> Saved frame 4689 (prob=0.846) -> R011L_frame_4689_p0.846.png

[GPU 3] Processing: R012L3.mp4 (6052 frames) -- mode: threshold
  Selected 4 frame(s): [862 | p=0.995], [2395 | p=0.859], [4074 | p=0.989], [5934 | p=0.958]
  -> Saved frame 862 (prob=0.995) -> R012L3_frame_862_p0.995.png
  -> Saved frame 2395 (prob=0.859) -> R012L3_frame_2395_p0.859.png
  -> Saved frame 4074 (prob=0.989) -> R012L3_frame_4074_p0.989.png
  -> Saved frame 5934 (prob=0.958) -> R012L3_frame_5934_p0.958.png

[GPU 3] Processing: R015L2.mp4 (1796 frames) -- mode: threshold
  Selected 2 frame(s): [41 | p=0.858], [1006 | p=0.919]
  -> Saved frame 41 (prob=0.858) -> R015L2_frame_41_p0.858.png
  -> Saved frame 1006 (prob=0.919) -> R015L2_frame_1006_p0.919.png

[GPU 3] Processing: R017R3.mp4 (2065 frames) -- mode: threshold
  Selected 1 frame(s): [406 | p=0.975]
  -> Saved frame 406 (prob=0.975) -> R017R3_frame_406_p0.975.png

[GPU 3] Processing: R020L.mp4 (483 frames) -- mode: threshold
  Selected 1 frame(s): [167 | p=0.823]
  -> Saved frame 167 (prob=0.823) -> R020L_frame_167_p0.823.png

[GPU 3] Processing: R022L.mp4 (2285 frames) -- mode: threshold
  Selected 3 frame(s): [39 | p=0.861], [1200 | p=0.923], [2269 | p=0.859]
  -> Saved frame 39 (prob=0.861) -> R022L_frame_39_p0.861.png
  -> Saved frame 1200 (prob=0.923) -> R022L_frame_1200_p0.923.png
  -> Saved frame 2269 (prob=0.859) -> R022L_frame_2269_p0.859.png

[GPU 3] Processing: R023R.mp4 (1665 frames) -- mode: threshold
  Selected 1 frame(s): [643 | p=0.921]
  -> Saved frame 643 (prob=0.921) -> R023R_frame_643_p0.921.png

[GPU 3] Processing: R026L2.mp4 (4692 frames) -- mode: threshold
  Selected 4 frame(s): [40 | p=0.900], [1231 | p=0.938], [3020 | p=0.897], [4664 | p=0.967]
  -> Saved frame 40 (prob=0.900) -> R026L2_frame_40_p0.900.png
  -> Saved frame 1231 (prob=0.938) -> R026L2_frame_1231_p0.938.png
  -> Saved frame 3020 (prob=0.897) -> R026L2_frame_3020_p0.897.png
  -> Saved frame 4664 (prob=0.967) -> R026L2_frame_4664_p0.967.png

[GPU 3] Processing: R028L.mp4 (2174 frames) -- mode: threshold
  Selected 3 frame(s): [91 | p=0.984], [870 | p=0.946], [2087 | p=0.962]
  -> Saved frame 91 (prob=0.984) -> R028L_frame_91_p0.984.png
  -> Saved frame 870 (prob=0.946) -> R028L_frame_870_p0.946.png
  -> Saved frame 2087 (prob=0.962) -> R028L_frame_2087_p0.962.png

[GPU 3] Processing: R029L2.mp4 (2947 frames) -- mode: threshold
  Selected 3 frame(s): [113 | p=0.970], [1479 | p=0.939], [2550 | p=0.958]
  -> Saved frame 113 (prob=0.970) -> R029L2_frame_113_p0.970.png
  -> Saved frame 1479 (prob=0.939) -> R029L2_frame_1479_p0.939.png
  -> Saved frame 2550 (prob=0.958) -> R029L2_frame_2550_p0.958.png

[GPU 3] Processing: R031R.mp4 (4346 frames) -- mode: threshold
  Selected 3 frame(s): [530 | p=0.978], [1802 | p=0.900], [4285 | p=0.904]
  -> Saved frame 530 (prob=0.978) -> R031R_frame_530_p0.978.png
  -> Saved frame 1802 (prob=0.900) -> R031R_frame_1802_p0.900.png
  -> Saved frame 4285 (prob=0.904) -> R031R_frame_4285_p0.904.png

[GPU 3] Processing: R033R2.mp4 (2001 frames) -- mode: threshold
  Selected 1 frame(s): [792 | p=0.908]
  -> Saved frame 792 (prob=0.908) -> R033R2_frame_792_p0.908.png

[GPU 3] Processing: R034R.mp4 (1136 frames) -- mode: threshold
  Selected 3 frame(s): [78 | p=0.994], [592 | p=0.990], [963 | p=0.979]
  -> Saved frame 78 (prob=0.994) -> R034R_frame_78_p0.994.png
  -> Saved frame 592 (prob=0.990) -> R034R_frame_592_p0.990.png
  -> Saved frame 963 (prob=0.979) -> R034R_frame_963_p0.979.png

[GPU 3] Processing: R036L.mp4 (3930 frames) -- mode: threshold
  Selected 1 frame(s): [318 | p=0.925]
  -> Saved frame 318 (prob=0.925) -> R036L_frame_318_p0.925.png

[GPU 3] Processing: R037L.mp4 (2084 frames) -- mode: threshold
  Selected 4 frame(s): [257 | p=0.985], [923 | p=0.983], [1474 | p=0.923], [2074 | p=0.978]
  -> Saved frame 257 (prob=0.985) -> R037L_frame_257_p0.985.png
  -> Saved frame 923 (prob=0.983) -> R037L_frame_923_p0.983.png
  -> Saved frame 1474 (prob=0.923) -> R037L_frame_1474_p0.923.png
  -> Saved frame 2074 (prob=0.978) -> R037L_frame_2074_p0.978.png

[GPU 3] Processing: R038R.mp4 (2800 frames) -- mode: threshold
  Selected 1 frame(s): [64 | p=0.888]
  -> Saved frame 64 (prob=0.888) -> R038R_frame_64_p0.888.png

[GPU 3] Processing: R041L.mp4 (3093 frames) -- mode: threshold
  Selected 3 frame(s): [202 | p=0.980], [1352 | p=0.988], [2851 | p=0.943]
  -> Saved frame 202 (prob=0.980) -> R041L_frame_202_p0.980.png
  -> Saved frame 1352 (prob=0.988) -> R041L_frame_1352_p0.988.png
  -> Saved frame 2851 (prob=0.943) -> R041L_frame_2851_p0.943.png

[GPU 3] Processing: R042R.mp4 (1983 frames) -- mode: fallback (max-confidence only)
  Selected 1 frame(s): [628 | p=0.756]
  -> Saved frame 628 (prob=0.756) -> R042R_frame_628_p0.756.png

[GPU 3] Processing: R045R.mp4 (3486 frames) -- mode: threshold
  Selected 2 frame(s): [109 | p=0.812], [1306 | p=0.972]
  -> Saved frame 109 (prob=0.812) -> R045R_frame_109_p0.812.png
  -> Saved frame 1306 (prob=0.972) -> R045R_frame_1306_p0.972.png

[GPU 3] Processing: R047R.mp4 (3366 frames) -- mode: fallback (max-confidence only)
  Selected 1 frame(s): [1584 | p=0.687]
  -> Saved frame 1584 (prob=0.687) -> R047R_frame_1584_p0.687.png

[GPU 3] Processing: R049L2.mp4 (86 frames) -- mode: fallback (max-confidence only)
  Selected 1 frame(s): [81 | p=0.033]
  -> Saved frame 81 (prob=0.033) -> R049L2_frame_81_p0.033.png

[GPU 3] Processing: R050R.mp4 (1106 frames) -- mode: fallback (max-confidence only)
  Selected 1 frame(s): [404 | p=0.790]
  -> Saved frame 404 (prob=0.790) -> R050R_frame_404_p0.790.png

[GPU 3] Processing: R053R.mp4 (272 frames) -- mode: threshold
  Selected 1 frame(s): [12 | p=0.961]
  -> Saved frame 12 (prob=0.961) -> R053R_frame_12_p0.961.png

[GPU 3] Processing: R056L.mp4 (3422 frames) -- mode: threshold
  Selected 3 frame(s): [46 | p=0.979], [1565 | p=0.978], [3374 | p=0.965]
  -> Saved frame 46 (prob=0.979) -> R056L_frame_46_p0.979.png
  -> Saved frame 1565 (prob=0.978) -> R056L_frame_1565_p0.978.png
  -> Saved frame 3374 (prob=0.965) -> R056L_frame_3374_p0.965.png

[GPU 3] Processing: R058L.mp4 (1192 frames) -- mode: threshold
  Selected 3 frame(s): [113 | p=0.886], [638 | p=0.982], [950 | p=0.970]
  -> Saved frame 113 (prob=0.886) -> R058L_frame_113_p0.886.png
  -> Saved frame 638 (prob=0.982) -> R058L_frame_638_p0.982.png
  -> Saved frame 950 (prob=0.970) -> R058L_frame_950_p0.970.png

[GPU 3] Processing: R058R3.mp4 (3665 frames) -- mode: threshold
  Selected 1 frame(s): [3605 | p=0.922]
  -> Saved frame 3605 (prob=0.922) -> R058R3_frame_3605_p0.922.png

[GPU 3] Processing: R060R.mp4 (2090 frames) -- mode: threshold
  Selected 3 frame(s): [378 | p=0.870], [1090 | p=0.965], [2040 | p=0.983]
  -> Saved frame 378 (prob=0.870) -> R060R_frame_378_p0.870.png
  -> Saved frame 1090 (prob=0.965) -> R060R_frame_1090_p0.965.png
  -> Saved frame 2040 (prob=0.983) -> R060R_frame_2040_p0.983.png

[GPU 3] Processing: R064R.mp4 (2755 frames) -- mode: threshold
  Selected 1 frame(s): [392 | p=0.916]
  -> Saved frame 392 (prob=0.916) -> R064R_frame_392_p0.916.png

[GPU 3] Processing: R068L.mp4 (5780 frames) -- mode: threshold
  Selected 4 frame(s): [96 | p=0.977], [2394 | p=0.979], [4178 | p=0.914], [5773 | p=0.921]
  -> Saved frame 96 (prob=0.977) -> R068L_frame_96_p0.977.png
  -> Saved frame 2394 (prob=0.979) -> R068L_frame_2394_p0.979.png
  -> Saved frame 4178 (prob=0.914) -> R068L_frame_4178_p0.914.png
  -> Saved frame 5773 (prob=0.921) -> R068L_frame_5773_p0.921.png

============================================================
GPU 3 done. Processed 189 video(s). Frames saved in: '/home/s6jovand/job/new/classifier/frames_sampled'
Note: 10 video(s) used the fallback (no frame cleared the 0.8 threshold) -- worth reviewing these.
