Searching for videos in: ['/home/s6jovand/job/new/data/dr_videos', '/home/s6jovand/job/new/data/Paxos_2020_videos']
GPU 0/3: assigned 190 video(s).

[GPU 0] Processing: B005L.MOV (7233 frames) -- mode: threshold
  Selected 2 frame(s): [2121 | p=0.997], [5797 | p=0.998]
  -> Saved frame 2121 (prob=0.997) -> B005L_frame_2121_p0.997.png
  -> Saved frame 5797 (prob=0.998) -> B005L_frame_5797_p0.998.png

[GPU 0] Processing: C004R.MOV (4088 frames) -- mode: threshold
  Selected 1 frame(s): [695 | p=0.808]
  -> Saved frame 695 (prob=0.808) -> C004R_frame_695_p0.808.png

[GPU 0] Processing: C007L.MOV (5264 frames) -- mode: threshold
  Selected 1 frame(s): [1275 | p=0.992]
  -> Saved frame 1275 (prob=0.992) -> C007L_frame_1275_p0.992.png

[GPU 0] Processing: C009L.MOV (4839 frames) -- mode: threshold
  Selected 2 frame(s): [794 | p=0.983], [2450 | p=0.811]
  -> Saved frame 794 (prob=0.983) -> C009L_frame_794_p0.983.png
  -> Saved frame 2450 (prob=0.811) -> C009L_frame_2450_p0.811.png

[GPU 0] Processing: C013R.MOV (4568 frames) -- mode: threshold
  Selected 1 frame(s): [895 | p=0.937]
  -> Saved frame 895 (prob=0.937) -> C013R_frame_895_p0.937.png

[GPU 0] Processing: C021R.MOV (3121 frames) -- mode: threshold
  Selected 1 frame(s): [730 | p=0.966]
  -> Saved frame 730 (prob=0.966) -> C021R_frame_730_p0.966.png

[GPU 0] Processing: D002R.MOV (1873 frames) -- mode: threshold
  Selected 3 frame(s): [227 | p=0.999], [1161 | p=0.998], [1634 | p=0.809]
  -> Saved frame 227 (prob=0.999) -> D002R_frame_227_p0.999.png
  -> Saved frame 1161 (prob=0.998) -> D002R_frame_1161_p0.998.png
  -> Saved frame 1634 (prob=0.809) -> D002R_frame_1634_p0.809.png

[GPU 0] Processing: D006L.MOV (1655 frames) -- mode: threshold
  Selected 3 frame(s): [206 | p=0.997], [858 | p=0.978], [1512 | p=0.997]
  -> Saved frame 206 (prob=0.997) -> D006L_frame_206_p0.997.png
  -> Saved frame 858 (prob=0.978) -> D006L_frame_858_p0.978.png
  -> Saved frame 1512 (prob=0.997) -> D006L_frame_1512_p0.997.png

[GPU 0] Processing: D009L.MOV (2876 frames) -- mode: threshold
  Selected 3 frame(s): [774 | p=0.999], [1775 | p=0.959], [2692 | p=0.997]
  -> Saved frame 774 (prob=0.999) -> D009L_frame_774_p0.999.png
  -> Saved frame 1775 (prob=0.959) -> D009L_frame_1775_p0.959.png
  -> Saved frame 2692 (prob=0.997) -> D009L_frame_2692_p0.997.png

[GPU 0] Processing: D011R.MOV (2216 frames) -- mode: threshold
  Selected 3 frame(s): [583 | p=0.991], [1446 | p=0.989], [2148 | p=0.996]
  -> Saved frame 583 (prob=0.991) -> D011R_frame_583_p0.991.png
  -> Saved frame 1446 (prob=0.989) -> D011R_frame_1446_p0.989.png
  -> Saved frame 2148 (prob=0.996) -> D011R_frame_2148_p0.996.png

[GPU 0] Processing: D013R.MOV (1916 frames) -- mode: threshold
  Selected 2 frame(s): [632 | p=0.995], [1872 | p=0.987]
  -> Saved frame 632 (prob=0.995) -> D013R_frame_632_p0.995.png
  -> Saved frame 1872 (prob=0.987) -> D013R_frame_1872_p0.987.png

[GPU 0] Processing: D015R.MOV (1601 frames) -- mode: threshold
  Selected 3 frame(s): [272 | p=0.996], [802 | p=0.977], [1541 | p=0.970]
  -> Saved frame 272 (prob=0.996) -> D015R_frame_272_p0.996.png
  -> Saved frame 802 (prob=0.977) -> D015R_frame_802_p0.977.png
  -> Saved frame 1541 (prob=0.970) -> D015R_frame_1541_p0.970.png

[GPU 0] Processing: D018L.MOV (1983 frames) -- mode: threshold
  Selected 3 frame(s): [373 | p=0.993], [1377 | p=0.997], [1917 | p=0.994]
  -> Saved frame 373 (prob=0.993) -> D018L_frame_373_p0.993.png
  -> Saved frame 1377 (prob=0.997) -> D018L_frame_1377_p0.997.png
  -> Saved frame 1917 (prob=0.994) -> D018L_frame_1917_p0.994.png

[GPU 0] Processing: D020L.MOV (2296 frames) -- mode: threshold
  Selected 3 frame(s): [258 | p=1.000], [857 | p=0.986], [2242 | p=0.999]
  -> Saved frame 258 (prob=1.000) -> D020L_frame_258_p1.000.png
  -> Saved frame 857 (prob=0.986) -> D020L_frame_857_p0.986.png
  -> Saved frame 2242 (prob=0.999) -> D020L_frame_2242_p0.999.png

[GPU 0] Processing: E001L.MOV (2106 frames) -- mode: threshold
  Selected 3 frame(s): [554 | p=0.997], [1154 | p=0.919], [2058 | p=0.995]
  -> Saved frame 554 (prob=0.997) -> E001L_frame_554_p0.997.png
  -> Saved frame 1154 (prob=0.919) -> E001L_frame_1154_p0.919.png
  -> Saved frame 2058 (prob=0.995) -> E001L_frame_2058_p0.995.png

[GPU 0] Processing: E004L.MOV (1728 frames) -- mode: threshold
  Selected 3 frame(s): [292 | p=0.989], [1000 | p=0.975], [1435 | p=0.980]
  -> Saved frame 292 (prob=0.989) -> E004L_frame_292_p0.989.png
  -> Saved frame 1000 (prob=0.975) -> E004L_frame_1000_p0.975.png
  -> Saved frame 1435 (prob=0.980) -> E004L_frame_1435_p0.980.png

[GPU 0] Processing: E007L.MOV (2923 frames) -- mode: threshold
  Selected 4 frame(s): [136 | p=0.995], [903 | p=1.000], [1962 | p=1.000], [2862 | p=0.999]
  -> Saved frame 136 (prob=0.995) -> E007L_frame_136_p0.995.png
  -> Saved frame 903 (prob=1.000) -> E007L_frame_903_p1.000.png
  -> Saved frame 1962 (prob=1.000) -> E007L_frame_1962_p1.000.png
  -> Saved frame 2862 (prob=0.999) -> E007L_frame_2862_p0.999.png

[GPU 0] Processing: F013L.MOV (5654 frames) -- mode: threshold
  Selected 3 frame(s): [341 | p=0.997], [2303 | p=0.998], [5600 | p=0.999]
  -> Saved frame 341 (prob=0.997) -> F013L_frame_341_p0.997.png
  -> Saved frame 2303 (prob=0.998) -> F013L_frame_2303_p0.998.png
  -> Saved frame 5600 (prob=0.999) -> F013L_frame_5600_p0.999.png

[GPU 0] Processing: G001L.MOV (3686 frames) -- mode: threshold
  Selected 3 frame(s): [169 | p=1.000], [1804 | p=0.997], [3433 | p=0.996]
  -> Saved frame 169 (prob=1.000) -> G001L_frame_169_p1.000.png
  -> Saved frame 1804 (prob=0.997) -> G001L_frame_1804_p0.997.png
  -> Saved frame 3433 (prob=0.996) -> G001L_frame_3433_p0.996.png

[GPU 0] Processing: G003L.MOV (1331 frames) -- mode: threshold
  Selected 4 frame(s): [94 | p=1.000], [443 | p=0.998], [778 | p=0.999], [1280 | p=0.998]
  -> Saved frame 94 (prob=1.000) -> G003L_frame_94_p1.000.png
  -> Saved frame 443 (prob=0.998) -> G003L_frame_443_p0.998.png
  -> Saved frame 778 (prob=0.999) -> G003L_frame_778_p0.999.png
  -> Saved frame 1280 (prob=0.998) -> G003L_frame_1280_p0.998.png

[GPU 0] Processing: G006R.MOV (3142 frames) -- mode: threshold
  Selected 3 frame(s): [691 | p=1.000], [1965 | p=0.999], [3084 | p=1.000]
  -> Saved frame 691 (prob=1.000) -> G006R_frame_691_p1.000.png
  -> Saved frame 1965 (prob=0.999) -> G006R_frame_1965_p0.999.png
  -> Saved frame 3084 (prob=1.000) -> G006R_frame_3084_p1.000.png

[GPU 0] Processing: G009L.MOV (2093 frames) -- mode: threshold
  Selected 3 frame(s): [382 | p=0.998], [1183 | p=0.988], [1845 | p=0.998]
  -> Saved frame 382 (prob=0.998) -> G009L_frame_382_p0.998.png
  -> Saved frame 1183 (prob=0.988) -> G009L_frame_1183_p0.988.png
  -> Saved frame 1845 (prob=0.998) -> G009L_frame_1845_p0.998.png

[GPU 0] Processing: H001R.MOV (1553 frames) -- mode: threshold
  Selected 3 frame(s): [438 | p=0.998], [1046 | p=0.983], [1484 | p=0.998]
  -> Saved frame 438 (prob=0.998) -> H001R_frame_438_p0.998.png
  -> Saved frame 1046 (prob=0.983) -> H001R_frame_1046_p0.983.png
  -> Saved frame 1484 (prob=0.998) -> H001R_frame_1484_p0.998.png

[GPU 0] Processing: H004R.MOV (2316 frames) -- mode: threshold
  Selected 3 frame(s): [524 | p=0.998], [1465 | p=0.997], [2271 | p=0.992]
  -> Saved frame 524 (prob=0.998) -> H004R_frame_524_p0.998.png
  -> Saved frame 1465 (prob=0.997) -> H004R_frame_1465_p0.997.png
  -> Saved frame 2271 (prob=0.992) -> H004R_frame_2271_p0.992.png

[GPU 0] Processing: H007R.MOV (2365 frames) -- mode: threshold
  Selected 3 frame(s): [425 | p=0.992], [1327 | p=0.983], [2323 | p=0.989]
  -> Saved frame 425 (prob=0.992) -> H007R_frame_425_p0.992.png
  -> Saved frame 1327 (prob=0.983) -> H007R_frame_1327_p0.983.png
  -> Saved frame 2323 (prob=0.989) -> H007R_frame_2323_p0.989.png

[GPU 0] Processing: H009R.MOV (1496 frames) -- mode: threshold
  Selected 3 frame(s): [23 | p=0.998], [763 | p=0.997], [1341 | p=0.998]
  -> Saved frame 23 (prob=0.998) -> H009R_frame_23_p0.998.png
  -> Saved frame 763 (prob=0.997) -> H009R_frame_763_p0.997.png
  -> Saved frame 1341 (prob=0.998) -> H009R_frame_1341_p0.998.png

[GPU 0] Processing: I002R.MOV (1804 frames) -- mode: threshold
  Selected 3 frame(s): [336 | p=0.999], [840 | p=1.000], [1660 | p=1.000]
  -> Saved frame 336 (prob=0.999) -> I002R_frame_336_p0.999.png
  -> Saved frame 840 (prob=1.000) -> I002R_frame_840_p1.000.png
  -> Saved frame 1660 (prob=1.000) -> I002R_frame_1660_p1.000.png

[GPU 0] Processing: I004R.MOV (3594 frames) -- mode: threshold
  Selected 3 frame(s): [177 | p=0.999], [1478 | p=0.998], [3017 | p=0.998]
  -> Saved frame 177 (prob=0.999) -> I004R_frame_177_p0.999.png
  -> Saved frame 1478 (prob=0.998) -> I004R_frame_1478_p0.998.png
  -> Saved frame 3017 (prob=0.998) -> I004R_frame_3017_p0.998.png

[GPU 0] Processing: I008L.MOV (2098 frames) -- mode: threshold
  Selected 3 frame(s): [413 | p=0.991], [1157 | p=0.915], [1752 | p=0.989]
  -> Saved frame 413 (prob=0.991) -> I008L_frame_413_p0.991.png
  -> Saved frame 1157 (prob=0.915) -> I008L_frame_1157_p0.915.png
  -> Saved frame 1752 (prob=0.989) -> I008L_frame_1752_p0.989.png

[GPU 0] Processing: I010L.MOV (2093 frames) -- mode: threshold
  Selected 4 frame(s): [110 | p=0.998], [946 | p=0.949], [1471 | p=0.995], [2055 | p=0.997]
  -> Saved frame 110 (prob=0.998) -> I010L_frame_110_p0.998.png
  -> Saved frame 946 (prob=0.949) -> I010L_frame_946_p0.949.png
  -> Saved frame 1471 (prob=0.995) -> I010L_frame_1471_p0.995.png
  -> Saved frame 2055 (prob=0.997) -> I010L_frame_2055_p0.997.png

[GPU 0] Processing: I012R.MOV (1511 frames) -- mode: threshold
  Selected 3 frame(s): [206 | p=1.000], [778 | p=0.996], [1255 | p=0.999]
  -> Saved frame 206 (prob=1.000) -> I012R_frame_206_p1.000.png
  -> Saved frame 778 (prob=0.996) -> I012R_frame_778_p0.996.png
  -> Saved frame 1255 (prob=0.999) -> I012R_frame_1255_p0.999.png

[GPU 0] Processing: I014R.MOV (3663 frames) -- mode: threshold
  Selected 4 frame(s): [90 | p=0.960], [1117 | p=0.998], [2375 | p=0.855], [3575 | p=0.999]
  -> Saved frame 90 (prob=0.960) -> I014R_frame_90_p0.960.png
  -> Saved frame 1117 (prob=0.998) -> I014R_frame_1117_p0.998.png
  -> Saved frame 2375 (prob=0.855) -> I014R_frame_2375_p0.855.png
  -> Saved frame 3575 (prob=0.999) -> I014R_frame_3575_p0.999.png

[GPU 0] Processing: I016R.MOV (4187 frames) -- mode: threshold
  Selected 4 frame(s): [166 | p=0.997], [1587 | p=0.999], [2914 | p=0.941], [4131 | p=0.999]
  -> Saved frame 166 (prob=0.997) -> I016R_frame_166_p0.997.png
  -> Saved frame 1587 (prob=0.999) -> I016R_frame_1587_p0.999.png
  -> Saved frame 2914 (prob=0.941) -> I016R_frame_2914_p0.941.png
  -> Saved frame 4131 (prob=0.999) -> I016R_frame_4131_p0.999.png

[GPU 0] Processing: I019R.MOV (2524 frames) -- mode: threshold
  Selected 3 frame(s): [183 | p=0.999], [1686 | p=0.996], [2429 | p=0.992]
  -> Saved frame 183 (prob=0.999) -> I019R_frame_183_p0.999.png
  -> Saved frame 1686 (prob=0.996) -> I019R_frame_1686_p0.996.png
  -> Saved frame 2429 (prob=0.992) -> I019R_frame_2429_p0.992.png

[GPU 0] Processing: I023R.MOV (5376 frames) -- mode: threshold
  Selected 4 frame(s): [242 | p=0.973], [1589 | p=0.997], [3271 | p=0.978], [4626 | p=1.000]
  -> Saved frame 242 (prob=0.973) -> I023R_frame_242_p0.973.png
  -> Saved frame 1589 (prob=0.997) -> I023R_frame_1589_p0.997.png
  -> Saved frame 3271 (prob=0.978) -> I023R_frame_3271_p0.978.png
  -> Saved frame 4626 (prob=1.000) -> I023R_frame_4626_p1.000.png

[GPU 0] Processing: J002R.MOV (7374 frames) -- mode: threshold
  Selected 3 frame(s): [716 | p=0.999], [3478 | p=0.927], [6449 | p=0.996]
  -> Saved frame 716 (prob=0.999) -> J002R_frame_716_p0.999.png
  -> Saved frame 3478 (prob=0.927) -> J002R_frame_3478_p0.927.png
  -> Saved frame 6449 (prob=0.996) -> J002R_frame_6449_p0.996.png

[GPU 0] Processing: J004R.MOV (3567 frames) -- mode: threshold
  Selected 4 frame(s): [2 | p=0.997], [987 | p=0.999], [1884 | p=0.805], [2967 | p=0.999]
  -> Saved frame 2 (prob=0.997) -> J004R_frame_2_p0.997.png
  -> Saved frame 987 (prob=0.999) -> J004R_frame_987_p0.999.png
  -> Saved frame 1884 (prob=0.805) -> J004R_frame_1884_p0.805.png
  -> Saved frame 2967 (prob=0.999) -> J004R_frame_2967_p0.999.png

[GPU 0] Processing: J006R.MOV (4886 frames) -- mode: threshold
  Selected 3 frame(s): [175 | p=0.996], [1605 | p=0.994], [3897 | p=0.994]
  -> Saved frame 175 (prob=0.996) -> J006R_frame_175_p0.996.png
  -> Saved frame 1605 (prob=0.994) -> J006R_frame_1605_p0.994.png
  -> Saved frame 3897 (prob=0.994) -> J006R_frame_3897_p0.994.png

[GPU 0] Processing: K008R.MOV (4026 frames) -- mode: threshold
  Selected 3 frame(s): [507 | p=0.986], [2190 | p=0.873], [3511 | p=0.993]
  -> Saved frame 507 (prob=0.986) -> K008R_frame_507_p0.986.png
  -> Saved frame 2190 (prob=0.873) -> K008R_frame_2190_p0.873.png
  -> Saved frame 3511 (prob=0.993) -> K008R_frame_3511_p0.993.png

[GPU 0] Processing: K011L.MOV (2119 frames) -- mode: threshold
  Selected 3 frame(s): [33 | p=0.996], [740 | p=0.994], [1823 | p=0.996]
  -> Saved frame 33 (prob=0.996) -> K011L_frame_33_p0.996.png
  -> Saved frame 740 (prob=0.994) -> K011L_frame_740_p0.994.png
  -> Saved frame 1823 (prob=0.996) -> K011L_frame_1823_p0.996.png

[GPU 0] Processing: K013L.MOV (3692 frames) -- mode: threshold
  Selected 4 frame(s): [254 | p=0.997], [1531 | p=0.826], [2707 | p=0.964], [3650 | p=0.998]
  -> Saved frame 254 (prob=0.997) -> K013L_frame_254_p0.997.png
  -> Saved frame 1531 (prob=0.826) -> K013L_frame_1531_p0.826.png
  -> Saved frame 2707 (prob=0.964) -> K013L_frame_2707_p0.964.png
  -> Saved frame 3650 (prob=0.998) -> K013L_frame_3650_p0.998.png

[GPU 0] Processing: K015R.MOV (2190 frames) -- mode: threshold
  Selected 3 frame(s): [378 | p=0.999], [988 | p=0.957], [2032 | p=0.999]
  -> Saved frame 378 (prob=0.999) -> K015R_frame_378_p0.999.png
  -> Saved frame 988 (prob=0.957) -> K015R_frame_988_p0.957.png
  -> Saved frame 2032 (prob=0.999) -> K015R_frame_2032_p0.999.png

[GPU 0] Processing: K018L.MOV (1038 frames) -- mode: threshold
  Selected 3 frame(s): [21 | p=0.998], [532 | p=0.997], [986 | p=0.999]
  -> Saved frame 21 (prob=0.998) -> K018L_frame_21_p0.998.png
  -> Saved frame 532 (prob=0.997) -> K018L_frame_532_p0.997.png
  -> Saved frame 986 (prob=0.999) -> K018L_frame_986_p0.999.png

[GPU 0] Processing: K020L.MOV (1572 frames) -- mode: threshold
  Selected 4 frame(s): [63 | p=0.998], [465 | p=0.995], [1125 | p=0.952], [1530 | p=0.987]
  -> Saved frame 63 (prob=0.998) -> K020L_frame_63_p0.998.png
  -> Saved frame 465 (prob=0.995) -> K020L_frame_465_p0.995.png
  -> Saved frame 1125 (prob=0.952) -> K020L_frame_1125_p0.952.png
  -> Saved frame 1530 (prob=0.987) -> K020L_frame_1530_p0.987.png

[GPU 0] Processing: K022L.MOV (3014 frames) -- mode: threshold
  Selected 3 frame(s): [573 | p=0.995], [1858 | p=0.906], [2635 | p=0.993]
  -> Saved frame 573 (prob=0.995) -> K022L_frame_573_p0.995.png
  -> Saved frame 1858 (prob=0.906) -> K022L_frame_1858_p0.906.png
  -> Saved frame 2635 (prob=0.993) -> K022L_frame_2635_p0.993.png

[GPU 0] Processing: K024L.MOV (1013 frames) -- mode: threshold
  Selected 2 frame(s): [255 | p=0.999], [806 | p=0.997]
  -> Saved frame 255 (prob=0.999) -> K024L_frame_255_p0.999.png
  -> Saved frame 806 (prob=0.997) -> K024L_frame_806_p0.997.png

[GPU 0] Processing: M002R.MOV (3736 frames) -- mode: threshold
  Selected 3 frame(s): [871 | p=0.997], [2543 | p=0.935], [3653 | p=0.906]
  -> Saved frame 871 (prob=0.997) -> M002R_frame_871_p0.997.png
  -> Saved frame 2543 (prob=0.935) -> M002R_frame_2543_p0.935.png
  -> Saved frame 3653 (prob=0.906) -> M002R_frame_3653_p0.906.png

[GPU 0] Processing: M004R.MOV (6754 frames) -- mode: threshold
  Selected 3 frame(s): [525 | p=0.996], [2966 | p=0.947], [5963 | p=0.995]
  -> Saved frame 525 (prob=0.996) -> M004R_frame_525_p0.996.png
  -> Saved frame 2966 (prob=0.947) -> M004R_frame_2966_p0.947.png
  -> Saved frame 5963 (prob=0.995) -> M004R_frame_5963_p0.995.png

[GPU 0] Processing: M006R.MOV (5203 frames) -- mode: threshold
  Selected 3 frame(s): [591 | p=0.998], [2934 | p=0.996], [4497 | p=0.998]
  -> Saved frame 591 (prob=0.998) -> M006R_frame_591_p0.998.png
  -> Saved frame 2934 (prob=0.996) -> M006R_frame_2934_p0.996.png
  -> Saved frame 4497 (prob=0.998) -> M006R_frame_4497_p0.998.png

[GPU 0] Processing: M008R.MOV (4944 frames) -- mode: threshold
  Selected 3 frame(s): [471 | p=0.975], [2597 | p=0.985], [4265 | p=0.994]
  -> Saved frame 471 (prob=0.975) -> M008R_frame_471_p0.975.png
  -> Saved frame 2597 (prob=0.985) -> M008R_frame_2597_p0.985.png
  -> Saved frame 4265 (prob=0.994) -> M008R_frame_4265_p0.994.png

[GPU 0] Processing: M010R.MOV (6498 frames) -- mode: threshold
  Selected 4 frame(s): [753 | p=0.999], [2889 | p=0.988], [4593 | p=0.997], [6401 | p=0.997]
  -> Saved frame 753 (prob=0.999) -> M010R_frame_753_p0.999.png
  -> Saved frame 2889 (prob=0.988) -> M010R_frame_2889_p0.988.png
  -> Saved frame 4593 (prob=0.997) -> M010R_frame_4593_p0.997.png
  -> Saved frame 6401 (prob=0.997) -> M010R_frame_6401_p0.997.png

[GPU 0] Processing: M012R.MOV (5687 frames) -- mode: threshold
  Selected 4 frame(s): [115 | p=0.999], [1636 | p=0.992], [3147 | p=0.998], [5634 | p=0.999]
  -> Saved frame 115 (prob=0.999) -> M012R_frame_115_p0.999.png
  -> Saved frame 1636 (prob=0.992) -> M012R_frame_1636_p0.992.png
  -> Saved frame 3147 (prob=0.998) -> M012R_frame_3147_p0.998.png
  -> Saved frame 5634 (prob=0.999) -> M012R_frame_5634_p0.999.png

[GPU 0] Processing: M015L.MOV (4454 frames) -- mode: threshold
  Selected 3 frame(s): [640 | p=0.981], [1789 | p=0.933], [3935 | p=0.998]
  -> Saved frame 640 (prob=0.981) -> M015L_frame_640_p0.981.png
  -> Saved frame 1789 (prob=0.933) -> M015L_frame_1789_p0.933.png
  -> Saved frame 3935 (prob=0.998) -> M015L_frame_3935_p0.998.png

[GPU 0] Processing: M017L.MOV (2646 frames) -- mode: threshold
  Selected 3 frame(s): [573 | p=0.995], [1428 | p=0.989], [2105 | p=0.997]
  -> Saved frame 573 (prob=0.995) -> M017L_frame_573_p0.995.png
  -> Saved frame 1428 (prob=0.989) -> M017L_frame_1428_p0.989.png
  -> Saved frame 2105 (prob=0.997) -> M017L_frame_2105_p0.997.png

[GPU 0] Processing: M019L.MOV (2706 frames) -- mode: threshold
  Selected 3 frame(s): [272 | p=0.963], [1097 | p=0.994], [2004 | p=0.925]
  -> Saved frame 272 (prob=0.963) -> M019L_frame_272_p0.963.png
  -> Saved frame 1097 (prob=0.994) -> M019L_frame_1097_p0.994.png
  -> Saved frame 2004 (prob=0.925) -> M019L_frame_2004_p0.925.png

[GPU 0] Processing: M021L.MOV (3114 frames) -- mode: threshold
  Selected 3 frame(s): [969 | p=0.997], [2078 | p=0.956], [3056 | p=0.996]
  -> Saved frame 969 (prob=0.997) -> M021L_frame_969_p0.997.png
  -> Saved frame 2078 (prob=0.956) -> M021L_frame_2078_p0.956.png
  -> Saved frame 3056 (prob=0.996) -> M021L_frame_3056_p0.996.png

[GPU 0] Processing: M023L.MOV (5892 frames) -- mode: threshold
  Selected 4 frame(s): [822 | p=1.000], [2620 | p=0.999], [4188 | p=1.000], [5849 | p=0.855]
  -> Saved frame 822 (prob=1.000) -> M023L_frame_822_p1.000.png
  -> Saved frame 2620 (prob=0.999) -> M023L_frame_2620_p0.999.png
  -> Saved frame 4188 (prob=1.000) -> M023L_frame_4188_p1.000.png
  -> Saved frame 5849 (prob=0.855) -> M023L_frame_5849_p0.855.png

[GPU 0] Processing: N002L.MOV (2226 frames) -- mode: threshold
  Selected 3 frame(s): [483 | p=0.997], [1042 | p=0.929], [1714 | p=0.976]
  -> Saved frame 483 (prob=0.997) -> N002L_frame_483_p0.997.png
  -> Saved frame 1042 (prob=0.929) -> N002L_frame_1042_p0.929.png
  -> Saved frame 1714 (prob=0.976) -> N002L_frame_1714_p0.976.png

[GPU 0] Processing: N004L.MOV (3633 frames) -- mode: threshold
  Selected 3 frame(s): [558 | p=0.999], [2174 | p=0.997], [3115 | p=0.999]
  -> Saved frame 558 (prob=0.999) -> N004L_frame_558_p0.999.png
  -> Saved frame 2174 (prob=0.997) -> N004L_frame_2174_p0.997.png
  -> Saved frame 3115 (prob=0.999) -> N004L_frame_3115_p0.999.png

[GPU 0] Processing: N006L.MOV (2301 frames) -- mode: threshold
  Selected 3 frame(s): [405 | p=0.994], [1505 | p=0.996], [2275 | p=0.974]
  -> Saved frame 405 (prob=0.994) -> N006L_frame_405_p0.994.png
  -> Saved frame 1505 (prob=0.996) -> N006L_frame_1505_p0.996.png
  -> Saved frame 2275 (prob=0.974) -> N006L_frame_2275_p0.974.png

[GPU 0] Processing: N008L.MOV (2604 frames) -- mode: threshold
  Selected 4 frame(s): [373 | p=1.000], [1030 | p=0.998], [1698 | p=0.999], [2375 | p=1.000]
  -> Saved frame 373 (prob=1.000) -> N008L_frame_373_p1.000.png
  -> Saved frame 1030 (prob=0.998) -> N008L_frame_1030_p0.998.png
  -> Saved frame 1698 (prob=0.999) -> N008L_frame_1698_p0.999.png
  -> Saved frame 2375 (prob=1.000) -> N008L_frame_2375_p1.000.png

[GPU 0] Processing: N010L.MOV (2497 frames) -- mode: threshold
  Selected 3 frame(s): [372 | p=0.996], [1563 | p=0.991], [2353 | p=0.999]
  -> Saved frame 372 (prob=0.996) -> N010L_frame_372_p0.996.png
  -> Saved frame 1563 (prob=0.991) -> N010L_frame_1563_p0.991.png
  -> Saved frame 2353 (prob=0.999) -> N010L_frame_2353_p0.999.png

[GPU 0] Processing: N012L.MOV (2095 frames) -- mode: threshold
  Selected 3 frame(s): [799 | p=0.996], [1422 | p=0.992], [2006 | p=0.995]
  -> Saved frame 799 (prob=0.996) -> N012L_frame_799_p0.996.png
  -> Saved frame 1422 (prob=0.992) -> N012L_frame_1422_p0.992.png
  -> Saved frame 2006 (prob=0.995) -> N012L_frame_2006_p0.995.png

[GPU 0] Processing: N014L.MOV (1918 frames) -- mode: threshold
  Selected 3 frame(s): [345 | p=0.987], [969 | p=0.992], [1817 | p=0.970]
  -> Saved frame 345 (prob=0.987) -> N014L_frame_345_p0.987.png
  -> Saved frame 969 (prob=0.992) -> N014L_frame_969_p0.992.png
  -> Saved frame 1817 (prob=0.970) -> N014L_frame_1817_p0.970.png

[GPU 0] Processing: N016L.MOV (9966 frames) -- mode: threshold
  Selected 3 frame(s): [2098 | p=0.999], [5241 | p=0.988], [8194 | p=1.000]
  -> Saved frame 2098 (prob=0.999) -> N016L_frame_2098_p0.999.png
  -> Saved frame 5241 (prob=0.988) -> N016L_frame_5241_p0.988.png
  -> Saved frame 8194 (prob=1.000) -> N016L_frame_8194_p1.000.png

[GPU 0] Processing: N019L.MOV (2500 frames) -- mode: threshold
  Selected 3 frame(s): [204 | p=0.997], [1155 | p=0.994], [2211 | p=0.997]
  -> Saved frame 204 (prob=0.997) -> N019L_frame_204_p0.997.png
  -> Saved frame 1155 (prob=0.994) -> N019L_frame_1155_p0.994.png
  -> Saved frame 2211 (prob=0.997) -> N019L_frame_2211_p0.997.png

[GPU 0] Processing: P001L.MOV (6362 frames) -- mode: threshold
  Selected 3 frame(s): [1173 | p=0.999], [3679 | p=1.000], [6184 | p=1.000]
  -> Saved frame 1173 (prob=0.999) -> P001L_frame_1173_p0.999.png
  -> Saved frame 3679 (prob=1.000) -> P001L_frame_3679_p1.000.png
  -> Saved frame 6184 (prob=1.000) -> P001L_frame_6184_p1.000.png

[GPU 0] Processing: P003L.MOV (4037 frames) -- mode: threshold
  Selected 3 frame(s): [544 | p=0.999], [2290 | p=0.999], [3704 | p=0.999]
  -> Saved frame 544 (prob=0.999) -> P003L_frame_544_p0.999.png
  -> Saved frame 2290 (prob=0.999) -> P003L_frame_2290_p0.999.png
  -> Saved frame 3704 (prob=0.999) -> P003L_frame_3704_p0.999.png

[GPU 0] Processing: P006L.MOV (2779 frames) -- mode: threshold
  Selected 4 frame(s): [376 | p=0.999], [1085 | p=0.963], [1787 | p=0.999], [2719 | p=0.995]
  -> Saved frame 376 (prob=0.999) -> P006L_frame_376_p0.999.png
  -> Saved frame 1085 (prob=0.963) -> P006L_frame_1085_p0.963.png
  -> Saved frame 1787 (prob=0.999) -> P006L_frame_1787_p0.999.png
  -> Saved frame 2719 (prob=0.995) -> P006L_frame_2719_p0.995.png

[GPU 0] Processing: P008L.MOV (2368 frames) -- mode: threshold
  Selected 3 frame(s): [194 | p=0.929], [788 | p=0.998], [1889 | p=0.998]
  -> Saved frame 194 (prob=0.929) -> P008L_frame_194_p0.929.png
  -> Saved frame 788 (prob=0.998) -> P008L_frame_788_p0.998.png
  -> Saved frame 1889 (prob=0.998) -> P008L_frame_1889_p0.998.png

[GPU 0] Processing: P010L.MOV (4528 frames) -- mode: threshold
  Selected 2 frame(s): [1060 | p=0.995], [3580 | p=0.996]
  -> Saved frame 1060 (prob=0.995) -> P010L_frame_1060_p0.995.png
  -> Saved frame 3580 (prob=0.996) -> P010L_frame_3580_p0.996.png

[GPU 0] Processing: P012L.MOV (1417 frames) -- mode: threshold
  Selected 3 frame(s): [272 | p=0.998], [652 | p=0.973], [1185 | p=0.998]
  -> Saved frame 272 (prob=0.998) -> P012L_frame_272_p0.998.png
  -> Saved frame 652 (prob=0.973) -> P012L_frame_652_p0.973.png
  -> Saved frame 1185 (prob=0.998) -> P012L_frame_1185_p0.998.png

[GPU 0] Processing: P014L.MOV (3157 frames) -- mode: threshold
  Selected 4 frame(s): [253 | p=0.927], [1100 | p=0.990], [1959 | p=0.994], [3066 | p=0.989]
  -> Saved frame 253 (prob=0.927) -> P014L_frame_253_p0.927.png
  -> Saved frame 1100 (prob=0.990) -> P014L_frame_1100_p0.990.png
  -> Saved frame 1959 (prob=0.994) -> P014L_frame_1959_p0.994.png
  -> Saved frame 3066 (prob=0.989) -> P014L_frame_3066_p0.989.png

[GPU 0] Processing: P016L.MOV (6996 frames) -- mode: threshold
  Selected 4 frame(s): [939 | p=0.999], [3208 | p=0.995], [5033 | p=0.999], [6842 | p=0.997]
  -> Saved frame 939 (prob=0.999) -> P016L_frame_939_p0.999.png
  -> Saved frame 3208 (prob=0.995) -> P016L_frame_3208_p0.995.png
  -> Saved frame 5033 (prob=0.999) -> P016L_frame_5033_p0.999.png
  -> Saved frame 6842 (prob=0.997) -> P016L_frame_6842_p0.997.png

[GPU 0] Processing: P018R.MOV (1376 frames) -- mode: threshold
  Selected 3 frame(s): [448 | p=0.999], [841 | p=1.000], [1342 | p=1.000]
  -> Saved frame 448 (prob=0.999) -> P018R_frame_448_p0.999.png
  -> Saved frame 841 (prob=1.000) -> P018R_frame_841_p1.000.png
  -> Saved frame 1342 (prob=1.000) -> P018R_frame_1342_p1.000.png

[GPU 0] Processing: P020R.MOV (2307 frames) -- mode: threshold
  Selected 3 frame(s): [432 | p=0.999], [1181 | p=0.980], [1952 | p=0.999]
  -> Saved frame 432 (prob=0.999) -> P020R_frame_432_p0.999.png
  -> Saved frame 1181 (prob=0.980) -> P020R_frame_1181_p0.980.png
  -> Saved frame 1952 (prob=0.999) -> P020R_frame_1952_p0.999.png

[GPU 0] Processing: P022R.MOV (2111 frames) -- mode: threshold
  Selected 3 frame(s): [270 | p=0.996], [967 | p=0.991], [2030 | p=0.993]
  -> Saved frame 270 (prob=0.996) -> P022R_frame_270_p0.996.png
  -> Saved frame 967 (prob=0.991) -> P022R_frame_967_p0.991.png
  -> Saved frame 2030 (prob=0.993) -> P022R_frame_2030_p0.993.png

[GPU 0] Processing: P025R.MOV (2026 frames) -- mode: threshold
  Selected 3 frame(s): [518 | p=0.998], [1379 | p=0.968], [1947 | p=0.998]
  -> Saved frame 518 (prob=0.998) -> P025R_frame_518_p0.998.png
  -> Saved frame 1379 (prob=0.968) -> P025R_frame_1379_p0.968.png
  -> Saved frame 1947 (prob=0.998) -> P025R_frame_1947_p0.998.png

[GPU 0] Processing: P028R.MOV (2235 frames) -- mode: threshold
  Selected 3 frame(s): [343 | p=0.999], [1372 | p=0.997], [2195 | p=0.999]
  -> Saved frame 343 (prob=0.999) -> P028R_frame_343_p0.999.png
  -> Saved frame 1372 (prob=0.997) -> P028R_frame_1372_p0.997.png
  -> Saved frame 2195 (prob=0.999) -> P028R_frame_2195_p0.999.png

[GPU 0] Processing: P032L.MOV (3068 frames) -- mode: threshold
  Selected 3 frame(s): [236 | p=0.998], [1583 | p=0.997], [2363 | p=0.998]
  -> Saved frame 236 (prob=0.998) -> P032L_frame_236_p0.998.png
  -> Saved frame 1583 (prob=0.997) -> P032L_frame_1583_p0.997.png
  -> Saved frame 2363 (prob=0.998) -> P032L_frame_2363_p0.998.png

[GPU 0] Processing: P034L.MOV (1651 frames) -- mode: threshold
  Selected 3 frame(s): [198 | p=0.998], [935 | p=0.998], [1533 | p=0.998]
  -> Saved frame 198 (prob=0.998) -> P034L_frame_198_p0.998.png
  -> Saved frame 935 (prob=0.998) -> P034L_frame_935_p0.998.png
  -> Saved frame 1533 (prob=0.998) -> P034L_frame_1533_p0.998.png

[GPU 0] Processing: P037L.MOV (2967 frames) -- mode: threshold
  Selected 3 frame(s): [383 | p=0.999], [1825 | p=0.994], [2903 | p=0.992]
  -> Saved frame 383 (prob=0.999) -> P037L_frame_383_p0.999.png
  -> Saved frame 1825 (prob=0.994) -> P037L_frame_1825_p0.994.png
  -> Saved frame 2903 (prob=0.992) -> P037L_frame_2903_p0.992.png

[GPU 0] Processing: P041L.MOV (1809 frames) -- mode: threshold
  Selected 3 frame(s): [194 | p=0.989], [679 | p=0.998], [1507 | p=0.994]
  -> Saved frame 194 (prob=0.989) -> P041L_frame_194_p0.989.png
  -> Saved frame 679 (prob=0.998) -> P041L_frame_679_p0.998.png
  -> Saved frame 1507 (prob=0.994) -> P041L_frame_1507_p0.994.png

[GPU 0] Processing: P045L.MOV (2557 frames) -- mode: threshold
  Selected 3 frame(s): [400 | p=0.998], [1234 | p=0.994], [2351 | p=0.998]
  -> Saved frame 400 (prob=0.998) -> P045L_frame_400_p0.998.png
  -> Saved frame 1234 (prob=0.994) -> P045L_frame_1234_p0.994.png
  -> Saved frame 2351 (prob=0.998) -> P045L_frame_2351_p0.998.png

[GPU 0] Processing: P049R.MOV (1291 frames) -- mode: threshold
  Selected 3 frame(s): [291 | p=0.998], [616 | p=0.998], [1041 | p=0.953]
  -> Saved frame 291 (prob=0.998) -> P049R_frame_291_p0.998.png
  -> Saved frame 616 (prob=0.998) -> P049R_frame_616_p0.998.png
  -> Saved frame 1041 (prob=0.953) -> P049R_frame_1041_p0.953.png

[GPU 0] Processing: Q002R.MOV (2450 frames) -- mode: threshold
  Selected 4 frame(s): [274 | p=0.931], [930 | p=0.990], [1615 | p=0.978], [2338 | p=0.977]
  -> Saved frame 274 (prob=0.931) -> Q002R_frame_274_p0.931.png
  -> Saved frame 930 (prob=0.990) -> Q002R_frame_930_p0.990.png
  -> Saved frame 1615 (prob=0.978) -> Q002R_frame_1615_p0.978.png
  -> Saved frame 2338 (prob=0.977) -> Q002R_frame_2338_p0.977.png

[GPU 0] Processing: 2024_02_12_14_56_IMG_4623 RE SEV NPDR.mp4 (2456 frames) -- mode: threshold
  Selected 2 frame(s): [453 | p=0.987], [1481 | p=0.976]
  -> Saved frame 453 (prob=0.987) -> 2024_02_12_14_56_IMG_4623 RE SEV NPDR_frame_453_p0.987.png
  -> Saved frame 1481 (prob=0.976) -> 2024_02_12_14_56_IMG_4623 RE SEV NPDR_frame_1481_p0.976.png

[GPU 0] Processing: 2024_02_15_14_08_IMG_4657 LE MILD NPDR.mp4 (2700 frames) -- mode: threshold
  Selected 4 frame(s): [90 | p=0.921], [766 | p=0.985], [1550 | p=0.960], [2677 | p=0.993]
  -> Saved frame 90 (prob=0.921) -> 2024_02_15_14_08_IMG_4657 LE MILD NPDR_frame_90_p0.921.png
  -> Saved frame 766 (prob=0.985) -> 2024_02_15_14_08_IMG_4657 LE MILD NPDR_frame_766_p0.985.png
  -> Saved frame 1550 (prob=0.960) -> 2024_02_15_14_08_IMG_4657 LE MILD NPDR_frame_1550_p0.960.png
  -> Saved frame 2677 (prob=0.993) -> 2024_02_15_14_08_IMG_4657 LE MILD NPDR_frame_2677_p0.993.png

[GPU 0] Processing: 2024_02_16_10_50_IMG_4665 RE PDR STABLE.mp4 (4256 frames) -- mode: fallback (max-confidence only)
  Selected 1 frame(s): [783 | p=0.751]
  -> Saved frame 783 (prob=0.751) -> 2024_02_16_10_50_IMG_4665 RE PDR STABLE_frame_783_p0.751.png

[GPU 0] Processing: 2024_02_19_11_46_IMG_4678 LE PDR.mp4 (3854 frames) -- mode: threshold
  Selected 3 frame(s): [385 | p=0.976], [1405 | p=0.996], [3815 | p=0.945]
  -> Saved frame 385 (prob=0.976) -> 2024_02_19_11_46_IMG_4678 LE PDR_frame_385_p0.976.png
  -> Saved frame 1405 (prob=0.996) -> 2024_02_19_11_46_IMG_4678 LE PDR_frame_1405_p0.996.png
  -> Saved frame 3815 (prob=0.945) -> 2024_02_19_11_46_IMG_4678 LE PDR_frame_3815_p0.945.png

[GPU 0] Processing: 2024_02_23_14_03_IMG_4725 LE MOD NPDR.mp4 (1151 frames) -- mode: threshold
  Selected 3 frame(s): [32 | p=0.993], [547 | p=0.959], [1110 | p=0.995]
  -> Saved frame 32 (prob=0.993) -> 2024_02_23_14_03_IMG_4725 LE MOD NPDR_frame_32_p0.993.png
  -> Saved frame 547 (prob=0.959) -> 2024_02_23_14_03_IMG_4725 LE MOD NPDR_frame_547_p0.959.png
  -> Saved frame 1110 (prob=0.995) -> 2024_02_23_14_03_IMG_4725 LE MOD NPDR_frame_1110_p0.995.png

[GPU 0] Processing: 2024_03_07_15_24_IMG_4760 LE MOD NPDR.mp4 (4109 frames) -- mode: threshold
  Selected 4 frame(s): [229 | p=0.967], [1713 | p=0.993], [2845 | p=0.844], [4001 | p=0.986]
  -> Saved frame 229 (prob=0.967) -> 2024_03_07_15_24_IMG_4760 LE MOD NPDR_frame_229_p0.967.png
  -> Saved frame 1713 (prob=0.993) -> 2024_03_07_15_24_IMG_4760 LE MOD NPDR_frame_1713_p0.993.png
  -> Saved frame 2845 (prob=0.844) -> 2024_03_07_15_24_IMG_4760 LE MOD NPDR_frame_2845_p0.844.png
  -> Saved frame 4001 (prob=0.986) -> 2024_03_07_15_24_IMG_4760 LE MOD NPDR_frame_4001_p0.986.png

[GPU 0] Processing: 2024_03_21_12_16_IMG_3042 RE MOD NPDR.mp4 (1988 frames) -- mode: threshold
  Selected 3 frame(s): [40 | p=0.986], [562 | p=0.999], [1974 | p=0.990]
  -> Saved frame 40 (prob=0.986) -> 2024_03_21_12_16_IMG_3042 RE MOD NPDR_frame_40_p0.986.png
  -> Saved frame 562 (prob=0.999) -> 2024_03_21_12_16_IMG_3042 RE MOD NPDR_frame_562_p0.999.png
  -> Saved frame 1974 (prob=0.990) -> 2024_03_21_12_16_IMG_3042 RE MOD NPDR_frame_1974_p0.990.png

[GPU 0] Processing: 2024_03_21_12_57_IMG_3049 LE MILD NPDR.mp4 (2344 frames) -- mode: threshold
  Selected 4 frame(s): [136 | p=0.981], [764 | p=0.990], [1447 | p=0.941], [2036 | p=0.997]
  -> Saved frame 136 (prob=0.981) -> 2024_03_21_12_57_IMG_3049 LE MILD NPDR_frame_136_p0.981.png
  -> Saved frame 764 (prob=0.990) -> 2024_03_21_12_57_IMG_3049 LE MILD NPDR_frame_764_p0.990.png
  -> Saved frame 1447 (prob=0.941) -> 2024_03_21_12_57_IMG_3049 LE MILD NPDR_frame_1447_p0.941.png
  -> Saved frame 2036 (prob=0.997) -> 2024_03_21_12_57_IMG_3049 LE MILD NPDR_frame_2036_p0.997.png

[GPU 0] Processing: 2024_03_25_15_30_IMG_3070 LE MILD NPDR.mp4 (2920 frames) -- mode: threshold
  Selected 3 frame(s): [49 | p=0.909], [979 | p=0.879], [2320 | p=0.876]
  -> Saved frame 49 (prob=0.909) -> 2024_03_25_15_30_IMG_3070 LE MILD NPDR_frame_49_p0.909.png
  -> Saved frame 979 (prob=0.879) -> 2024_03_25_15_30_IMG_3070 LE MILD NPDR_frame_979_p0.879.png
  -> Saved frame 2320 (prob=0.876) -> 2024_03_25_15_30_IMG_3070 LE MILD NPDR_frame_2320_p0.876.png

[GPU 0] Processing: 2024_03_30_12_19_IMG_4854 LE PDR.mp4 (3210 frames) -- mode: fallback (max-confidence only)
  Selected 1 frame(s): [435 | p=0.746]
  -> Saved frame 435 (prob=0.746) -> 2024_03_30_12_19_IMG_4854 LE PDR_frame_435_p0.746.png

[GPU 0] Processing: 2024_04_01_12_56_IMG_4872 RE MOD NPDR WITH FVD.mp4 (3989 frames) -- mode: threshold
  Selected 3 frame(s): [565 | p=0.919], [1969 | p=0.934], [3789 | p=0.954]
  -> Saved frame 565 (prob=0.919) -> 2024_04_01_12_56_IMG_4872 RE MOD NPDR WITH FVD_frame_565_p0.919.png
  -> Saved frame 1969 (prob=0.934) -> 2024_04_01_12_56_IMG_4872 RE MOD NPDR WITH FVD_frame_1969_p0.934.png
  -> Saved frame 3789 (prob=0.954) -> 2024_04_01_12_56_IMG_4872 RE MOD NPDR WITH FVD_frame_3789_p0.954.png

[GPU 0] Processing: 2024_04_03_11_51_IMG_4888 RE MOD NPDR.mp4 (1635 frames) -- mode: threshold
  Selected 2 frame(s): [173 | p=0.909], [753 | p=0.815]
  -> Saved frame 173 (prob=0.909) -> 2024_04_03_11_51_IMG_4888 RE MOD NPDR_frame_173_p0.909.png
  -> Saved frame 753 (prob=0.815) -> 2024_04_03_11_51_IMG_4888 RE MOD NPDR_frame_753_p0.815.png

[GPU 0] Processing: 2024_04_04_13_08_IMG_4898 RE MOD NPDR.mp4 (3110 frames) -- mode: threshold
  Selected 3 frame(s): [201 | p=0.971], [2006 | p=0.986], [3056 | p=0.921]
  -> Saved frame 201 (prob=0.971) -> 2024_04_04_13_08_IMG_4898 RE MOD NPDR_frame_201_p0.971.png
  -> Saved frame 2006 (prob=0.986) -> 2024_04_04_13_08_IMG_4898 RE MOD NPDR_frame_2006_p0.986.png
  -> Saved frame 3056 (prob=0.921) -> 2024_04_04_13_08_IMG_4898 RE MOD NPDR_frame_3056_p0.921.png

[GPU 0] Processing: 2024_04_05_10_24_IMG_4919 RE LASERED PDR.mp4 (2213 frames) -- mode: threshold
  Selected 4 frame(s): [54 | p=0.964], [630 | p=0.997], [1410 | p=0.978], [2176 | p=0.995]
  -> Saved frame 54 (prob=0.964) -> 2024_04_05_10_24_IMG_4919 RE LASERED PDR_frame_54_p0.964.png
  -> Saved frame 630 (prob=0.997) -> 2024_04_05_10_24_IMG_4919 RE LASERED PDR_frame_630_p0.997.png
  -> Saved frame 1410 (prob=0.978) -> 2024_04_05_10_24_IMG_4919 RE LASERED PDR_frame_1410_p0.978.png
  -> Saved frame 2176 (prob=0.995) -> 2024_04_05_10_24_IMG_4919 RE LASERED PDR_frame_2176_p0.995.png

[GPU 0] Processing: 2024_04_05_12_51_IMG_4927 RE HEALTHY.mp4 (3890 frames) -- mode: threshold
  Selected 3 frame(s): [321 | p=0.983], [1343 | p=0.994], [3191 | p=0.990]
  -> Saved frame 321 (prob=0.983) -> 2024_04_05_12_51_IMG_4927 RE HEALTHY_frame_321_p0.983.png
  -> Saved frame 1343 (prob=0.994) -> 2024_04_05_12_51_IMG_4927 RE HEALTHY_frame_1343_p0.994.png
  -> Saved frame 3191 (prob=0.990) -> 2024_04_05_12_51_IMG_4927 RE HEALTHY_frame_3191_p0.990.png

[GPU 0] Processing: 2024_04_05_13_29_IMG_4933 RE HEALTHY.mp4 (3055 frames) -- mode: threshold
  Selected 4 frame(s): [167 | p=0.828], [1120 | p=0.989], [1973 | p=0.995], [2984 | p=0.978]
  -> Saved frame 167 (prob=0.828) -> 2024_04_05_13_29_IMG_4933 RE HEALTHY_frame_167_p0.828.png
  -> Saved frame 1120 (prob=0.989) -> 2024_04_05_13_29_IMG_4933 RE HEALTHY_frame_1120_p0.989.png
  -> Saved frame 1973 (prob=0.995) -> 2024_04_05_13_29_IMG_4933 RE HEALTHY_frame_1973_p0.995.png
  -> Saved frame 2984 (prob=0.978) -> 2024_04_05_13_29_IMG_4933 RE HEALTHY_frame_2984_p0.978.png

[GPU 0] Processing: 2024_04_06_10_38_IMG_4939 RE TRD WITH MACULAR SCHIESIS.mp4 (1543 frames) -- mode: fallback (max-confidence only)
  Selected 1 frame(s): [1069 | p=0.202]
  -> Saved frame 1069 (prob=0.202) -> 2024_04_06_10_38_IMG_4939 RE TRD WITH MACULAR SCHIESIS_frame_1069_p0.202.png

[GPU 0] Processing: 2024_04_06_11_48_IMG_4944 RE MOD NPDR.mp4 (3037 frames) -- mode: threshold
  Selected 3 frame(s): [117 | p=0.947], [1061 | p=0.966], [2958 | p=0.947]
  -> Saved frame 117 (prob=0.947) -> 2024_04_06_11_48_IMG_4944 RE MOD NPDR_frame_117_p0.947.png
  -> Saved frame 1061 (prob=0.966) -> 2024_04_06_11_48_IMG_4944 RE MOD NPDR_frame_1061_p0.966.png
  -> Saved frame 2958 (prob=0.947) -> 2024_04_06_11_48_IMG_4944 RE MOD NPDR_frame_2958_p0.947.png

[GPU 0] Processing: 2024_04_11_15_09_IMG_4952 LE HEALTHY.mp4 (3322 frames) -- mode: threshold
  Selected 3 frame(s): [481 | p=0.975], [1987 | p=0.925], [3175 | p=0.837]
  -> Saved frame 481 (prob=0.975) -> 2024_04_11_15_09_IMG_4952 LE HEALTHY_frame_481_p0.975.png
  -> Saved frame 1987 (prob=0.925) -> 2024_04_11_15_09_IMG_4952 LE HEALTHY_frame_1987_p0.925.png
  -> Saved frame 3175 (prob=0.837) -> 2024_04_11_15_09_IMG_4952 LE HEALTHY_frame_3175_p0.837.png

[GPU 0] Processing: 2024_04_11_15_27_IMG_4956 RE MILD NPDR.mp4 (3072 frames) -- mode: threshold
  Selected 3 frame(s): [121 | p=0.980], [1536 | p=0.981], [2457 | p=0.980]
  -> Saved frame 121 (prob=0.980) -> 2024_04_11_15_27_IMG_4956 RE MILD NPDR_frame_121_p0.980.png
  -> Saved frame 1536 (prob=0.981) -> 2024_04_11_15_27_IMG_4956 RE MILD NPDR_frame_1536_p0.981.png
  -> Saved frame 2457 (prob=0.980) -> 2024_04_11_15_27_IMG_4956 RE MILD NPDR_frame_2457_p0.980.png

[GPU 0] Processing: 2024_04_12_11_40_IMG_4960 RE HEALTHY.mp4 (3396 frames) -- mode: threshold
  Selected 1 frame(s): [767 | p=0.944]
  -> Saved frame 767 (prob=0.944) -> 2024_04_12_11_40_IMG_4960 RE HEALTHY_frame_767_p0.944.png

[GPU 0] Processing: 2024_04_12_13_10_IMG_4968 LE SCAR+.mp4 (4061 frames) -- mode: threshold
  Selected 2 frame(s): [1316 | p=0.842], [4009 | p=0.888]
  -> Saved frame 1316 (prob=0.842) -> 2024_04_12_13_10_IMG_4968 LE SCAR+_frame_1316_p0.842.png
  -> Saved frame 4009 (prob=0.888) -> 2024_04_12_13_10_IMG_4968 LE SCAR+_frame_4009_p0.888.png

[GPU 0] Processing: 2024_04_12_13_32_IMG_4972 LE HIGH MYOP.mp4 (3149 frames) -- mode: threshold
  Selected 4 frame(s): [233 | p=0.992], [1278 | p=0.995], [2295 | p=0.921], [3086 | p=0.968]
  -> Saved frame 233 (prob=0.992) -> 2024_04_12_13_32_IMG_4972 LE HIGH MYOP_frame_233_p0.992.png
  -> Saved frame 1278 (prob=0.995) -> 2024_04_12_13_32_IMG_4972 LE HIGH MYOP_frame_1278_p0.995.png
  -> Saved frame 2295 (prob=0.921) -> 2024_04_12_13_32_IMG_4972 LE HIGH MYOP_frame_2295_p0.921.png
  -> Saved frame 3086 (prob=0.968) -> 2024_04_12_13_32_IMG_4972 LE HIGH MYOP_frame_3086_p0.968.png

[GPU 0] Processing: 2024_04_30_12_19_IMG_5013 LE HEALTHY.mp4 (2911 frames) -- mode: threshold
  Selected 3 frame(s): [434 | p=0.998], [1740 | p=0.993], [2867 | p=0.991]
  -> Saved frame 434 (prob=0.998) -> 2024_04_30_12_19_IMG_5013 LE HEALTHY_frame_434_p0.998.png
  -> Saved frame 1740 (prob=0.993) -> 2024_04_30_12_19_IMG_5013 LE HEALTHY_frame_1740_p0.993.png
  -> Saved frame 2867 (prob=0.991) -> 2024_04_30_12_19_IMG_5013 LE HEALTHY_frame_2867_p0.991.png

[GPU 0] Processing: 2024_05_06_12_31_IMG_3270 LE HEALTHY.mp4 (2311 frames) -- mode: threshold
  Selected 3 frame(s): [102 | p=0.910], [1119 | p=0.993], [1786 | p=0.946]
  -> Saved frame 102 (prob=0.910) -> 2024_05_06_12_31_IMG_3270 LE HEALTHY_frame_102_p0.910.png
  -> Saved frame 1119 (prob=0.993) -> 2024_05_06_12_31_IMG_3270 LE HEALTHY_frame_1119_p0.993.png
  -> Saved frame 1786 (prob=0.946) -> 2024_05_06_12_31_IMG_3270 LE HEALTHY_frame_1786_p0.946.png

[GPU 0] Processing: 2024_05_06_14_05_IMG_3274 LE PDR WITH FVP.mp4 (3794 frames) -- mode: threshold
  Selected 3 frame(s): [829 | p=0.974], [1896 | p=0.990], [3744 | p=0.954]
  -> Saved frame 829 (prob=0.974) -> 2024_05_06_14_05_IMG_3274 LE PDR WITH FVP_frame_829_p0.974.png
  -> Saved frame 1896 (prob=0.990) -> 2024_05_06_14_05_IMG_3274 LE PDR WITH FVP_frame_1896_p0.990.png
  -> Saved frame 3744 (prob=0.954) -> 2024_05_06_14_05_IMG_3274 LE PDR WITH FVP_frame_3744_p0.954.png

[GPU 0] Processing: 2024_05_07_12_45_IMG_5032 LE HEALTHY.mp4 (3631 frames) -- mode: threshold
  Selected 3 frame(s): [929 | p=0.951], [2291 | p=0.984], [3547 | p=0.954]
  -> Saved frame 929 (prob=0.951) -> 2024_05_07_12_45_IMG_5032 LE HEALTHY_frame_929_p0.951.png
  -> Saved frame 2291 (prob=0.984) -> 2024_05_07_12_45_IMG_5032 LE HEALTHY_frame_2291_p0.984.png
  -> Saved frame 3547 (prob=0.954) -> 2024_05_07_12_45_IMG_5032 LE HEALTHY_frame_3547_p0.954.png

[GPU 0] Processing: 2024_05_08_10_36_IMG_5036 LE SEVERE NPDR.mp4 (3955 frames) -- mode: threshold
  Selected 3 frame(s): [263 | p=0.986], [2003 | p=0.996], [3747 | p=0.986]
  -> Saved frame 263 (prob=0.986) -> 2024_05_08_10_36_IMG_5036 LE SEVERE NPDR_frame_263_p0.986.png
  -> Saved frame 2003 (prob=0.996) -> 2024_05_08_10_36_IMG_5036 LE SEVERE NPDR_frame_2003_p0.996.png
  -> Saved frame 3747 (prob=0.986) -> 2024_05_08_10_36_IMG_5036 LE SEVERE NPDR_frame_3747_p0.986.png

[GPU 0] Processing: 2024_05_08_11_54_IMG_5040 RE HEALTHY.mp4 (3834 frames) -- mode: threshold
  Selected 2 frame(s): [129 | p=0.980], [2887 | p=0.994]
  -> Saved frame 129 (prob=0.980) -> 2024_05_08_11_54_IMG_5040 RE HEALTHY_frame_129_p0.980.png
  -> Saved frame 2887 (prob=0.994) -> 2024_05_08_11_54_IMG_5040 RE HEALTHY_frame_2887_p0.994.png

[GPU 0] Processing: 2024_05_09_12_31_IMG_5047 RE LATTICLEWITH RETINAL HOLE.mp4 (3592 frames) -- mode: threshold
  Selected 4 frame(s): [96 | p=0.959], [1310 | p=0.995], [2432 | p=0.904], [3523 | p=0.918]
  -> Saved frame 96 (prob=0.959) -> 2024_05_09_12_31_IMG_5047 RE LATTICLEWITH RETINAL HOLE_frame_96_p0.959.png
  -> Saved frame 1310 (prob=0.995) -> 2024_05_09_12_31_IMG_5047 RE LATTICLEWITH RETINAL HOLE_frame_1310_p0.995.png
  -> Saved frame 2432 (prob=0.904) -> 2024_05_09_12_31_IMG_5047 RE LATTICLEWITH RETINAL HOLE_frame_2432_p0.904.png
  -> Saved frame 3523 (prob=0.918) -> 2024_05_09_12_31_IMG_5047 RE LATTICLEWITH RETINAL HOLE_frame_3523_p0.918.png

[GPU 0] Processing: 2024_05_09_12_56_IMG_5051 RE HEALTHY.mp4 (3844 frames) -- mode: threshold
  Selected 2 frame(s): [186 | p=0.958], [1615 | p=0.858]
  -> Saved frame 186 (prob=0.958) -> 2024_05_09_12_56_IMG_5051 RE HEALTHY_frame_186_p0.958.png
  -> Saved frame 1615 (prob=0.858) -> 2024_05_09_12_56_IMG_5051 RE HEALTHY_frame_1615_p0.858.png

[GPU 0] Processing: 2024_05_09_13_19_IMG_5055 RE RPE ALTERNATIONS.mp4 (2659 frames) -- mode: threshold
  Selected 3 frame(s): [612 | p=0.996], [1379 | p=0.990], [2614 | p=0.979]
  -> Saved frame 612 (prob=0.996) -> 2024_05_09_13_19_IMG_5055 RE RPE ALTERNATIONS_frame_612_p0.996.png
  -> Saved frame 1379 (prob=0.990) -> 2024_05_09_13_19_IMG_5055 RE RPE ALTERNATIONS_frame_1379_p0.990.png
  -> Saved frame 2614 (prob=0.979) -> 2024_05_09_13_19_IMG_5055 RE RPE ALTERNATIONS_frame_2614_p0.979.png

[GPU 0] Processing: 2024_05_09_13_36_IMG_5059 RE ERM.mp4 (2764 frames) -- mode: threshold
  Selected 3 frame(s): [491 | p=0.984], [1265 | p=0.891], [2750 | p=0.966]
  -> Saved frame 491 (prob=0.984) -> 2024_05_09_13_36_IMG_5059 RE ERM_frame_491_p0.984.png
  -> Saved frame 1265 (prob=0.891) -> 2024_05_09_13_36_IMG_5059 RE ERM_frame_1265_p0.891.png
  -> Saved frame 2750 (prob=0.966) -> 2024_05_09_13_36_IMG_5059 RE ERM_frame_2750_p0.966.png

[GPU 0] Processing: 2024_05_09_13_53_IMG_5063 RE HEALTHY.mp4 (3553 frames) -- mode: threshold
  Selected 3 frame(s): [154 | p=0.847], [1444 | p=0.992], [3026 | p=0.982]
  -> Saved frame 154 (prob=0.847) -> 2024_05_09_13_53_IMG_5063 RE HEALTHY_frame_154_p0.847.png
  -> Saved frame 1444 (prob=0.992) -> 2024_05_09_13_53_IMG_5063 RE HEALTHY_frame_1444_p0.992.png
  -> Saved frame 3026 (prob=0.982) -> 2024_05_09_13_53_IMG_5063 RE HEALTHY_frame_3026_p0.982.png

[GPU 0] Processing: 2024_05_31_12_01_IMG_3428 LE STBRVO WITH CME.mp4 (3488 frames) -- mode: threshold
  Selected 4 frame(s): [257 | p=0.989], [1231 | p=0.904], [2248 | p=0.988], [3453 | p=0.992]
  -> Saved frame 257 (prob=0.989) -> 2024_05_31_12_01_IMG_3428 LE STBRVO WITH CME_frame_257_p0.989.png
  -> Saved frame 1231 (prob=0.904) -> 2024_05_31_12_01_IMG_3428 LE STBRVO WITH CME_frame_1231_p0.904.png
  -> Saved frame 2248 (prob=0.988) -> 2024_05_31_12_01_IMG_3428 LE STBRVO WITH CME_frame_2248_p0.988.png
  -> Saved frame 3453 (prob=0.992) -> 2024_05_31_12_01_IMG_3428 LE STBRVO WITH CME_frame_3453_p0.992.png

[GPU 0] Processing: 2024_05_31_13_01_IMG_3432 LE MOD NPDR.mp4 (3545 frames) -- mode: threshold
  Selected 3 frame(s): [627 | p=0.989], [1952 | p=0.994], [3492 | p=0.975]
  -> Saved frame 627 (prob=0.989) -> 2024_05_31_13_01_IMG_3432 LE MOD NPDR_frame_627_p0.989.png
  -> Saved frame 1952 (prob=0.994) -> 2024_05_31_13_01_IMG_3432 LE MOD NPDR_frame_1952_p0.994.png
  -> Saved frame 3492 (prob=0.975) -> 2024_05_31_13_01_IMG_3432 LE MOD NPDR_frame_3492_p0.975.png

[GPU 0] Processing: 2024_06_03_09_57_IMG_3439 LE PDR+ NON CIDME.mp4 (4399 frames) -- mode: threshold
  Selected 4 frame(s): [107 | p=0.998], [1284 | p=0.999], [2836 | p=0.995], [4174 | p=0.991]
  -> Saved frame 107 (prob=0.998) -> 2024_06_03_09_57_IMG_3439 LE PDR+ NON CIDME_frame_107_p0.998.png
  -> Saved frame 1284 (prob=0.999) -> 2024_06_03_09_57_IMG_3439 LE PDR+ NON CIDME_frame_1284_p0.999.png
  -> Saved frame 2836 (prob=0.995) -> 2024_06_03_09_57_IMG_3439 LE PDR+ NON CIDME_frame_2836_p0.995.png
  -> Saved frame 4174 (prob=0.991) -> 2024_06_03_09_57_IMG_3439 LE PDR+ NON CIDME_frame_4174_p0.991.png

[GPU 0] Processing: 2024_06_03_10_38_IMG_3443 LE SEV NPDR.mp4 (3165 frames) -- mode: threshold
  Selected 3 frame(s): [288 | p=0.924], [1367 | p=0.980], [2817 | p=0.972]
  -> Saved frame 288 (prob=0.924) -> 2024_06_03_10_38_IMG_3443 LE SEV NPDR_frame_288_p0.924.png
  -> Saved frame 1367 (prob=0.980) -> 2024_06_03_10_38_IMG_3443 LE SEV NPDR_frame_1367_p0.980.png
  -> Saved frame 2817 (prob=0.972) -> 2024_06_03_10_38_IMG_3443 LE SEV NPDR_frame_2817_p0.972.png

[GPU 0] Processing: 2024_06_05_09_35_IMG_3449 LE PDR+CRVO WITH VH.mp4 (2684 frames) -- mode: threshold
  Selected 4 frame(s): [257 | p=0.951], [1178 | p=0.997], [1890 | p=0.999], [2627 | p=0.912]
  -> Saved frame 257 (prob=0.951) -> 2024_06_05_09_35_IMG_3449 LE PDR+CRVO WITH VH_frame_257_p0.951.png
  -> Saved frame 1178 (prob=0.997) -> 2024_06_05_09_35_IMG_3449 LE PDR+CRVO WITH VH_frame_1178_p0.997.png
  -> Saved frame 1890 (prob=0.999) -> 2024_06_05_09_35_IMG_3449 LE PDR+CRVO WITH VH_frame_1890_p0.999.png
  -> Saved frame 2627 (prob=0.912) -> 2024_06_05_09_35_IMG_3449 LE PDR+CRVO WITH VH_frame_2627_p0.912.png

[GPU 0] Processing: 2024_06_05_10_38_IMG_3455 RE PDR.mp4 (6183 frames) -- mode: threshold
  Selected 3 frame(s): [707 | p=0.999], [3092 | p=1.000], [4872 | p=0.999]
  -> Saved frame 707 (prob=0.999) -> 2024_06_05_10_38_IMG_3455 RE PDR_frame_707_p0.999.png
  -> Saved frame 3092 (prob=1.000) -> 2024_06_05_10_38_IMG_3455 RE PDR_frame_3092_p1.000.png
  -> Saved frame 4872 (prob=0.999) -> 2024_06_05_10_38_IMG_3455 RE PDR_frame_4872_p0.999.png

[GPU 0] Processing: 2024_06_06_10_55_IMG_3459 RE MOD NPDR.mp4 (4547 frames) -- mode: threshold
  Selected 4 frame(s): [247 | p=0.978], [1405 | p=0.996], [2937 | p=0.990], [4201 | p=0.998]
  -> Saved frame 247 (prob=0.978) -> 2024_06_06_10_55_IMG_3459 RE MOD NPDR_frame_247_p0.978.png
  -> Saved frame 1405 (prob=0.996) -> 2024_06_06_10_55_IMG_3459 RE MOD NPDR_frame_1405_p0.996.png
  -> Saved frame 2937 (prob=0.990) -> 2024_06_06_10_55_IMG_3459 RE MOD NPDR_frame_2937_p0.990.png
  -> Saved frame 4201 (prob=0.998) -> 2024_06_06_10_55_IMG_3459 RE MOD NPDR_frame_4201_p0.998.png

[GPU 0] Processing: 2024_06_06_13_04_IMG_3463 RE PDR +CIDME.mp4 (4187 frames) -- mode: threshold
  Selected 3 frame(s): [918 | p=0.997], [2127 | p=0.995], [4018 | p=0.999]
  -> Saved frame 918 (prob=0.997) -> 2024_06_06_13_04_IMG_3463 RE PDR +CIDME_frame_918_p0.997.png
  -> Saved frame 2127 (prob=0.995) -> 2024_06_06_13_04_IMG_3463 RE PDR +CIDME_frame_2127_p0.995.png
  -> Saved frame 4018 (prob=0.999) -> 2024_06_06_13_04_IMG_3463 RE PDR +CIDME_frame_4018_p0.999.png

[GPU 0] Processing: 2024_06_07_11_02_IMG_3467 HEALTHY.mp4 (2967 frames) -- mode: threshold
  Selected 3 frame(s): [100 | p=0.989], [1259 | p=0.999], [2936 | p=0.997]
  -> Saved frame 100 (prob=0.989) -> 2024_06_07_11_02_IMG_3467 HEALTHY_frame_100_p0.989.png
  -> Saved frame 1259 (prob=0.999) -> 2024_06_07_11_02_IMG_3467 HEALTHY_frame_1259_p0.999.png
  -> Saved frame 2936 (prob=0.997) -> 2024_06_07_11_02_IMG_3467 HEALTHY_frame_2936_p0.997.png

[GPU 0] Processing: 2024_06_07_11_32_IMG_3471 RE HEALTHY.mp4 (2557 frames) -- mode: threshold
  Selected 4 frame(s): [118 | p=0.932], [767 | p=0.999], [1811 | p=0.998], [2495 | p=0.988]
  -> Saved frame 118 (prob=0.932) -> 2024_06_07_11_32_IMG_3471 RE HEALTHY_frame_118_p0.932.png
  -> Saved frame 767 (prob=0.999) -> 2024_06_07_11_32_IMG_3471 RE HEALTHY_frame_767_p0.999.png
  -> Saved frame 1811 (prob=0.998) -> 2024_06_07_11_32_IMG_3471 RE HEALTHY_frame_1811_p0.998.png
  -> Saved frame 2495 (prob=0.988) -> 2024_06_07_11_32_IMG_3471 RE HEALTHY_frame_2495_p0.988.png

[GPU 0] Processing: 2024_06_07_11_49_IMG_3475 RE PDR PROLIF ON DISC.mp4 (3328 frames) -- mode: threshold
  Selected 3 frame(s): [192 | p=0.995], [1454 | p=0.998], [2940 | p=0.998]
  -> Saved frame 192 (prob=0.995) -> 2024_06_07_11_49_IMG_3475 RE PDR PROLIF ON DISC_frame_192_p0.995.png
  -> Saved frame 1454 (prob=0.998) -> 2024_06_07_11_49_IMG_3475 RE PDR PROLIF ON DISC_frame_1454_p0.998.png
  -> Saved frame 2940 (prob=0.998) -> 2024_06_07_11_49_IMG_3475 RE PDR PROLIF ON DISC_frame_2940_p0.998.png

[GPU 0] Processing: 2024_06_13_12_28_IMG_3480 RE HEALTHY.mp4 (4005 frames) -- mode: threshold
  Selected 4 frame(s): [96 | p=0.975], [1109 | p=0.986], [2702 | p=0.998], [3999 | p=0.996]
  -> Saved frame 96 (prob=0.975) -> 2024_06_13_12_28_IMG_3480 RE HEALTHY_frame_96_p0.975.png
  -> Saved frame 1109 (prob=0.986) -> 2024_06_13_12_28_IMG_3480 RE HEALTHY_frame_1109_p0.986.png
  -> Saved frame 2702 (prob=0.998) -> 2024_06_13_12_28_IMG_3480 RE HEALTHY_frame_2702_p0.998.png
  -> Saved frame 3999 (prob=0.996) -> 2024_06_13_12_28_IMG_3480 RE HEALTHY_frame_3999_p0.996.png

[GPU 0] Processing: 2024_06_13_12_56_IMG_3486 RE SEV NPDR.mp4 (3118 frames) -- mode: threshold
  Selected 4 frame(s): [23 | p=0.998], [821 | p=1.000], [1616 | p=0.965], [3053 | p=0.999]
  -> Saved frame 23 (prob=0.998) -> 2024_06_13_12_56_IMG_3486 RE SEV NPDR_frame_23_p0.998.png
  -> Saved frame 821 (prob=1.000) -> 2024_06_13_12_56_IMG_3486 RE SEV NPDR_frame_821_p1.000.png
  -> Saved frame 1616 (prob=0.965) -> 2024_06_13_12_56_IMG_3486 RE SEV NPDR_frame_1616_p0.965.png
  -> Saved frame 3053 (prob=0.999) -> 2024_06_13_12_56_IMG_3486 RE SEV NPDR_frame_3053_p0.999.png

[GPU 0] Processing: 2024_06_14_11_43_IMG_3490.mp4 (2345 frames) -- mode: fallback (max-confidence only)
  Selected 1 frame(s): [1658 | p=0.770]
  -> Saved frame 1658 (prob=0.770) -> 2024_06_14_11_43_IMG_3490_frame_1658_p0.770.png

[GPU 0] Processing: 2024_06_14_11_58_IMG_3494.mp4 (2327 frames) -- mode: threshold
  Selected 2 frame(s): [1017 | p=0.916], [1719 | p=0.928]
  -> Saved frame 1017 (prob=0.916) -> 2024_06_14_11_58_IMG_3494_frame_1017_p0.916.png
  -> Saved frame 1719 (prob=0.928) -> 2024_06_14_11_58_IMG_3494_frame_1719_p0.928.png

[GPU 0] Processing: 2024_06_14_12_26_IMG_3498.mp4 (2928 frames) -- mode: threshold
  Selected 4 frame(s): [192 | p=0.999], [1358 | p=0.999], [2096 | p=0.996], [2885 | p=0.999]
  -> Saved frame 192 (prob=0.999) -> 2024_06_14_12_26_IMG_3498_frame_192_p0.999.png
  -> Saved frame 1358 (prob=0.999) -> 2024_06_14_12_26_IMG_3498_frame_1358_p0.999.png
  -> Saved frame 2096 (prob=0.996) -> 2024_06_14_12_26_IMG_3498_frame_2096_p0.996.png
  -> Saved frame 2885 (prob=0.999) -> 2024_06_14_12_26_IMG_3498_frame_2885_p0.999.png

[GPU 0] Processing: 2024_06_14_13_19_IMG_3502.mp4 (2500 frames) -- mode: threshold
  Selected 3 frame(s): [739 | p=1.000], [1493 | p=0.999], [2356 | p=0.999]
  -> Saved frame 739 (prob=1.000) -> 2024_06_14_13_19_IMG_3502_frame_739_p1.000.png
  -> Saved frame 1493 (prob=0.999) -> 2024_06_14_13_19_IMG_3502_frame_1493_p0.999.png
  -> Saved frame 2356 (prob=0.999) -> 2024_06_14_13_19_IMG_3502_frame_2356_p0.999.png

[GPU 0] Processing: IMG_2502 RE NO DR CHANGES.mp4 (1318 frames) -- mode: threshold
  Selected 1 frame(s): [150 | p=0.880]
  -> Saved frame 150 (prob=0.880) -> IMG_2502 RE NO DR CHANGES_frame_150_p0.880.png

[GPU 0] Processing: IMG_2515 RE PDR WITH FVP.mp4 (908 frames) -- mode: fallback (max-confidence only)
  Selected 1 frame(s): [401 | p=0.748]
  -> Saved frame 401 (prob=0.748) -> IMG_2515 RE PDR WITH FVP_frame_401_p0.748.png

[GPU 0] Processing: IMG_2521 LE MACULA SCAR HE.mp4 (3719 frames) -- mode: threshold
  Selected 2 frame(s): [78 | p=0.888], [2161 | p=0.906]
  -> Saved frame 78 (prob=0.888) -> IMG_2521 LE MACULA SCAR HE_frame_78_p0.888.png
  -> Saved frame 2161 (prob=0.906) -> IMG_2521 LE MACULA SCAR HE_frame_2161_p0.906.png

[GPU 0] Processing: IMG_2536 LE HEALTHY.mp4 (1609 frames) -- mode: threshold
  Selected 1 frame(s): [1117 | p=0.904]
  -> Saved frame 1117 (prob=0.904) -> IMG_2536 LE HEALTHY_frame_1117_p0.904.png

[GPU 0] Processing: IMG_2549 LE HEALTHY.mp4 (3795 frames) -- mode: threshold
  Selected 3 frame(s): [90 | p=0.987], [1074 | p=0.985], [3343 | p=0.879]
  -> Saved frame 90 (prob=0.987) -> IMG_2549 LE HEALTHY_frame_90_p0.987.png
  -> Saved frame 1074 (prob=0.985) -> IMG_2549 LE HEALTHY_frame_1074_p0.985.png
  -> Saved frame 3343 (prob=0.879) -> IMG_2549 LE HEALTHY_frame_3343_p0.879.png

[GPU 0] Processing: IMG_2578 RE SEV NPDR + ERM.mp4 (433 frames) -- mode: threshold
  Selected 1 frame(s): [80 | p=0.929]
  -> Saved frame 80 (prob=0.929) -> IMG_2578 RE SEV NPDR + ERM_frame_80_p0.929.png

[GPU 0] Processing: IMG_2588 RE ERM.mp4 (1377 frames) -- mode: threshold
  Selected 3 frame(s): [4 | p=0.908], [446 | p=0.978], [1129 | p=0.995]
  -> Saved frame 4 (prob=0.908) -> IMG_2588 RE ERM_frame_4_p0.908.png
  -> Saved frame 446 (prob=0.978) -> IMG_2588 RE ERM_frame_446_p0.978.png
  -> Saved frame 1129 (prob=0.995) -> IMG_2588 RE ERM_frame_1129_p0.995.png

[GPU 0] Processing: IMG_2594 LE MILD NPDR.mp4 (2491 frames) -- mode: threshold
  Selected 2 frame(s): [533 | p=0.967], [1872 | p=0.997]
  -> Saved frame 533 (prob=0.967) -> IMG_2594 LE MILD NPDR_frame_533_p0.967.png
  -> Saved frame 1872 (prob=0.997) -> IMG_2594 LE MILD NPDR_frame_1872_p0.997.png

[GPU 0] Processing: IMG_2599 RE HEALTHY.mp4 (2584 frames) -- mode: threshold
  Selected 2 frame(s): [487 | p=0.977], [2468 | p=0.936]
  -> Saved frame 487 (prob=0.977) -> IMG_2599 RE HEALTHY_frame_487_p0.977.png
  -> Saved frame 2468 (prob=0.936) -> IMG_2599 RE HEALTHY_frame_2468_p0.936.png

[GPU 0] Processing: IMG_2605 LE HEALTHY.mp4 (2533 frames) -- mode: fallback (max-confidence only)
  Selected 1 frame(s): [275 | p=0.296]
  -> Saved frame 275 (prob=0.296) -> IMG_2605 LE HEALTHY_frame_275_p0.296.png

[GPU 0] Processing: IMG_2610 RE TORTOUS VESSEL.mp4 (1123 frames) -- mode: threshold
  Selected 2 frame(s): [333 | p=0.961], [913 | p=0.983]
  -> Saved frame 333 (prob=0.961) -> IMG_2610 RE TORTOUS VESSEL_frame_333_p0.961.png
  -> Saved frame 913 (prob=0.983) -> IMG_2610 RE TORTOUS VESSEL_frame_913_p0.983.png

[GPU 0] Processing: IMG_2615 LE LASER SCARS+.mp4 (2628 frames) -- mode: threshold
  Selected 1 frame(s): [296 | p=0.846]
  -> Saved frame 296 (prob=0.846) -> IMG_2615 LE LASER SCARS+_frame_296_p0.846.png

[GPU 0] Processing: IMG_2621 LE MILD NPDR.mp4 (4026 frames) -- mode: threshold
  Selected 4 frame(s): [147 | p=0.965], [1436 | p=0.994], [2752 | p=0.990], [3871 | p=0.802]
  -> Saved frame 147 (prob=0.965) -> IMG_2621 LE MILD NPDR_frame_147_p0.965.png
  -> Saved frame 1436 (prob=0.994) -> IMG_2621 LE MILD NPDR_frame_1436_p0.994.png
  -> Saved frame 2752 (prob=0.990) -> IMG_2621 LE MILD NPDR_frame_2752_p0.990.png
  -> Saved frame 3871 (prob=0.802) -> IMG_2621 LE MILD NPDR_frame_3871_p0.802.png

[GPU 0] Processing: IMG_2635 LE NO DR CHANGES.mp4 (2218 frames) -- mode: threshold
  Selected 3 frame(s): [111 | p=0.986], [938 | p=0.994], [1762 | p=0.990]
  -> Saved frame 111 (prob=0.986) -> IMG_2635 LE NO DR CHANGES_frame_111_p0.986.png
  -> Saved frame 938 (prob=0.994) -> IMG_2635 LE NO DR CHANGES_frame_938_p0.994.png
  -> Saved frame 1762 (prob=0.990) -> IMG_2635 LE NO DR CHANGES_frame_1762_p0.990.png

[GPU 0] Processing: IMG_2704 LE HEALTHY.mp4 (3640 frames) -- mode: threshold
  Selected 1 frame(s): [171 | p=0.985]
  -> Saved frame 171 (prob=0.985) -> IMG_2704 LE HEALTHY_frame_171_p0.985.png

[GPU 0] Processing: IMG_2711 RE AMD.mp4 (3610 frames) -- mode: threshold
  Selected 3 frame(s): [104 | p=0.967], [1850 | p=0.965], [2774 | p=0.837]
  -> Saved frame 104 (prob=0.967) -> IMG_2711 RE AMD_frame_104_p0.967.png
  -> Saved frame 1850 (prob=0.965) -> IMG_2711 RE AMD_frame_1850_p0.965.png
  -> Saved frame 2774 (prob=0.837) -> IMG_2711 RE AMD_frame_2774_p0.837.png

[GPU 0] Processing: IMG_2721 RE HEALTHY.mp4 (3767 frames) -- mode: threshold
  Selected 2 frame(s): [48 | p=0.971], [2277 | p=0.986]
  -> Saved frame 48 (prob=0.971) -> IMG_2721 RE HEALTHY_frame_48_p0.971.png
  -> Saved frame 2277 (prob=0.986) -> IMG_2721 RE HEALTHY_frame_2277_p0.986.png

[GPU 0] Processing: IMG_2868 LE HA.mp4 (1192 frames) -- mode: threshold
  Selected 3 frame(s): [93 | p=0.905], [501 | p=0.877], [922 | p=0.989]
  -> Saved frame 93 (prob=0.905) -> IMG_2868 LE HA_frame_93_p0.905.png
  -> Saved frame 501 (prob=0.877) -> IMG_2868 LE HA_frame_501_p0.877.png
  -> Saved frame 922 (prob=0.989) -> IMG_2868 LE HA_frame_922_p0.989.png

[GPU 0] Processing: IMG_2888 LE HEALTHY.mp4 (1950 frames) -- mode: threshold
  Selected 2 frame(s): [93 | p=0.960], [1286 | p=0.866]
  -> Saved frame 93 (prob=0.960) -> IMG_2888 LE HEALTHY_frame_93_p0.960.png
  -> Saved frame 1286 (prob=0.866) -> IMG_2888 LE HEALTHY_frame_1286_p0.866.png

[GPU 0] Processing: IMG_2893 LE NO DR CHANGES.mp4 (3316 frames) -- mode: threshold
  Selected 3 frame(s): [147 | p=0.905], [2146 | p=0.985], [3288 | p=0.909]
  -> Saved frame 147 (prob=0.905) -> IMG_2893 LE NO DR CHANGES_frame_147_p0.905.png
  -> Saved frame 2146 (prob=0.985) -> IMG_2893 LE NO DR CHANGES_frame_2146_p0.985.png
  -> Saved frame 3288 (prob=0.909) -> IMG_2893 LE NO DR CHANGES_frame_3288_p0.909.png

[GPU 0] Processing: IMG_4174 RE SEV NPDR.mp4 (2566 frames) -- mode: threshold
  Selected 4 frame(s): [0 | p=0.996], [915 | p=0.996], [1809 | p=0.984], [2516 | p=0.987]
  -> Saved frame 0 (prob=0.996) -> IMG_4174 RE SEV NPDR_frame_0_p0.996.png
  -> Saved frame 915 (prob=0.996) -> IMG_4174 RE SEV NPDR_frame_915_p0.996.png
  -> Saved frame 1809 (prob=0.984) -> IMG_4174 RE SEV NPDR_frame_1809_p0.984.png
  -> Saved frame 2516 (prob=0.987) -> IMG_4174 RE SEV NPDR_frame_2516_p0.987.png

[GPU 0] Processing: R002L.mp4 (37 frames) -- mode: threshold
  Selected 1 frame(s): [2 | p=0.943]
  -> Saved frame 2 (prob=0.943) -> R002L_frame_2_p0.943.png

[GPU 0] Processing: R006L.mp4 (234 frames) -- mode: fallback (max-confidence only)
  Selected 1 frame(s): [75 | p=0.794]
  -> Saved frame 75 (prob=0.794) -> R006L_frame_75_p0.794.png

[GPU 0] Processing: R008R3.mp4 (2932 frames) -- mode: threshold
  Selected 3 frame(s): [62 | p=0.988], [1082 | p=0.943], [2311 | p=0.994]
  -> Saved frame 62 (prob=0.988) -> R008R3_frame_62_p0.988.png
  -> Saved frame 1082 (prob=0.943) -> R008R3_frame_1082_p0.943.png
  -> Saved frame 2311 (prob=0.994) -> R008R3_frame_2311_p0.994.png

[GPU 0] Processing: R011R.mp4 (3817 frames) -- mode: threshold
  Selected 3 frame(s): [318 | p=0.996], [2133 | p=0.945], [3657 | p=0.983]
  -> Saved frame 318 (prob=0.996) -> R011R_frame_318_p0.996.png
  -> Saved frame 2133 (prob=0.945) -> R011R_frame_2133_p0.945.png
  -> Saved frame 3657 (prob=0.983) -> R011R_frame_3657_p0.983.png

[GPU 0] Processing: R014L.mp4 (722 frames) -- mode: fallback (max-confidence only)
  Selected 1 frame(s): [399 | p=0.798]
  -> Saved frame 399 (prob=0.798) -> R014L_frame_399_p0.798.png

[GPU 0] Processing: R016R.mp4 (224 frames) -- mode: threshold
  Selected 2 frame(s): [114 | p=0.883], [186 | p=0.800]
  -> Saved frame 114 (prob=0.883) -> R016R_frame_114_p0.883.png
  -> Saved frame 186 (prob=0.800) -> R016R_frame_186_p0.800.png

[GPU 0] Processing: R018L.mp4 (2812 frames) -- mode: threshold
  Selected 1 frame(s): [1246 | p=0.831]
  -> Saved frame 1246 (prob=0.831) -> R018L_frame_1246_p0.831.png

[GPU 0] Processing: R020L2.mp4 (3719 frames) -- mode: threshold
  Selected 2 frame(s): [76 | p=0.905], [2160 | p=0.879]
  -> Saved frame 76 (prob=0.905) -> R020L2_frame_76_p0.905.png
  -> Saved frame 2160 (prob=0.879) -> R020L2_frame_2160_p0.879.png

[GPU 0] Processing: R022R.mp4 (2317 frames) -- mode: threshold
  Selected 1 frame(s): [2102 | p=0.844]
  -> Saved frame 2102 (prob=0.844) -> R022R_frame_2102_p0.844.png

[GPU 0] Processing: R024R.mp4 (1418 frames) -- mode: fallback (max-confidence only)
  Selected 1 frame(s): [371 | p=0.754]
  -> Saved frame 371 (prob=0.754) -> R024R_frame_371_p0.754.png

[GPU 0] Processing: R026R.mp4 (2535 frames) -- mode: threshold
  Selected 3 frame(s): [416 | p=0.991], [1568 | p=0.861], [2368 | p=0.972]
  -> Saved frame 416 (prob=0.991) -> R026R_frame_416_p0.991.png
  -> Saved frame 1568 (prob=0.861) -> R026R_frame_1568_p0.861.png
  -> Saved frame 2368 (prob=0.972) -> R026R_frame_2368_p0.972.png

[GPU 0] Processing: R028R.mp4 (702 frames) -- mode: threshold
  Selected 2 frame(s): [165 | p=0.856], [385 | p=0.980]
  -> Saved frame 165 (prob=0.856) -> R028R_frame_165_p0.856.png
  -> Saved frame 385 (prob=0.980) -> R028R_frame_385_p0.980.png

[GPU 0] Processing: R030L.mp4 (308 frames) -- mode: fallback (max-confidence only)
  Selected 1 frame(s): [60 | p=0.051]
  -> Saved frame 60 (prob=0.051) -> R030L_frame_60_p0.051.png

[GPU 0] Processing: R032L.mp4 (1178 frames) -- mode: threshold
  Selected 2 frame(s): [10 | p=0.954], [461 | p=0.968]
  -> Saved frame 10 (prob=0.954) -> R032L_frame_10_p0.954.png
  -> Saved frame 461 (prob=0.968) -> R032L_frame_461_p0.968.png

[GPU 0] Processing: R034L.mp4 (54 frames) -- mode: fallback (max-confidence only)
  Selected 1 frame(s): [15 | p=0.294]
  -> Saved frame 15 (prob=0.294) -> R034L_frame_15_p0.294.png

[GPU 0] Processing: R034R2.mp4 (1377 frames) -- mode: threshold
  Selected 3 frame(s): [63 | p=0.888], [446 | p=0.975], [1129 | p=0.997]
  -> Saved frame 63 (prob=0.888) -> R034R2_frame_63_p0.888.png
  -> Saved frame 446 (prob=0.975) -> R034R2_frame_446_p0.975.png
  -> Saved frame 1129 (prob=0.997) -> R034R2_frame_1129_p0.997.png

[GPU 0] Processing: R036R.mp4 (2275 frames) -- mode: threshold
  Selected 2 frame(s): [274 | p=0.885], [883 | p=0.864]
  -> Saved frame 274 (prob=0.885) -> R036R_frame_274_p0.885.png
  -> Saved frame 883 (prob=0.864) -> R036R_frame_883_p0.864.png

[GPU 0] Processing: R037R.mp4 (2584 frames) -- mode: threshold
  Selected 2 frame(s): [482 | p=0.973], [2320 | p=0.933]
  -> Saved frame 482 (prob=0.973) -> R037R_frame_482_p0.973.png
  -> Saved frame 2320 (prob=0.933) -> R037R_frame_2320_p0.933.png

[GPU 0] Processing: R040L.mp4 (3190 frames) -- mode: fallback (max-confidence only)
  Selected 1 frame(s): [306 | p=0.724]
  -> Saved frame 306 (prob=0.724) -> R040L_frame_306_p0.724.png

[GPU 0] Processing: R041R.mp4 (323 frames) -- mode: threshold
  Selected 2 frame(s): [107 | p=0.979], [243 | p=0.814]
  -> Saved frame 107 (prob=0.979) -> R041R_frame_107_p0.979.png
  -> Saved frame 243 (prob=0.814) -> R041R_frame_243_p0.814.png

[GPU 0] Processing: R043R.mp4 (2541 frames) -- mode: threshold
  Selected 1 frame(s): [1764 | p=0.827]
  -> Saved frame 1764 (prob=0.827) -> R043R_frame_1764_p0.827.png

[GPU 0] Processing: R046L.mp4 (1815 frames) -- mode: fallback (max-confidence only)
  Selected 1 frame(s): [853 | p=0.534]
  -> Saved frame 853 (prob=0.534) -> R046L_frame_853_p0.534.png

[GPU 0] Processing: R047R2.mp4 (1428 frames) -- mode: threshold
  Selected 2 frame(s): [69 | p=0.807], [1395 | p=0.889]
  -> Saved frame 69 (prob=0.807) -> R047R2_frame_69_p0.807.png
  -> Saved frame 1395 (prob=0.889) -> R047R2_frame_1395_p0.889.png

[GPU 0] Processing: R049L3.mp4 (2758 frames) -- mode: threshold
  Selected 2 frame(s): [98 | p=0.954], [992 | p=0.803]
  -> Saved frame 98 (prob=0.954) -> R049L3_frame_98_p0.954.png
  -> Saved frame 992 (prob=0.803) -> R049L3_frame_992_p0.803.png

[GPU 0] Processing: R051L.mp4 (3640 frames) -- mode: threshold
  Selected 1 frame(s): [161 | p=0.972]
  -> Saved frame 161 (prob=0.972) -> R051L_frame_161_p0.972.png

[GPU 0] Processing: R054L.mp4 (533 frames) -- mode: threshold
  Selected 2 frame(s): [118 | p=0.836], [262 | p=0.837]
  -> Saved frame 118 (prob=0.836) -> R054L_frame_118_p0.836.png
  -> Saved frame 262 (prob=0.837) -> R054L_frame_262_p0.837.png

[GPU 0] Processing: R056R.mp4 (1961 frames) -- mode: fallback (max-confidence only)
  Selected 1 frame(s): [762 | p=0.757]
  -> Saved frame 762 (prob=0.757) -> R056R_frame_762_p0.757.png

[GPU 0] Processing: R058L2.mp4 (1623 frames) -- mode: fallback (max-confidence only)
  Selected 1 frame(s): [1 | p=0.044]
  -> Saved frame 1 (prob=0.044) -> R058L2_frame_1_p0.044.png

[GPU 0] Processing: R059L.mp4 (2636 frames) -- mode: threshold
  Selected 3 frame(s): [93 | p=0.976], [1892 | p=0.961], [2593 | p=0.937]
  -> Saved frame 93 (prob=0.976) -> R059L_frame_93_p0.976.png
  -> Saved frame 1892 (prob=0.961) -> R059L_frame_1892_p0.961.png
  -> Saved frame 2593 (prob=0.937) -> R059L_frame_2593_p0.937.png

[GPU 0] Processing: R061R.mp4 (539 frames) -- mode: threshold
  Selected 2 frame(s): [0 | p=0.999], [324 | p=0.925]
  -> Saved frame 0 (prob=0.999) -> R061R_frame_0_p0.999.png
  -> Saved frame 324 (prob=0.925) -> R061R_frame_324_p0.925.png

[GPU 0] Processing: R065L.mp4 (4018 frames) -- mode: threshold
  Selected 3 frame(s): [267 | p=0.993], [2067 | p=0.929], [3707 | p=0.973]
  -> Saved frame 267 (prob=0.993) -> R065L_frame_267_p0.993.png
  -> Saved frame 2067 (prob=0.929) -> R065L_frame_2067_p0.929.png
  -> Saved frame 3707 (prob=0.973) -> R065L_frame_3707_p0.973.png

[GPU 0] Processing: R068R.mp4 (3056 frames) -- mode: fallback (max-confidence only)
  Selected 1 frame(s): [2540 | p=0.219]
  -> Saved frame 2540 (prob=0.219) -> R068R_frame_2540_p0.219.png

============================================================
GPU 0 done. Processed 190 video(s). Frames saved in: '/home/s6jovand/job/new/classifier/frames_sampled'
Note: 16 video(s) used the fallback (no frame cleared the 0.8 threshold) -- worth reviewing these.
