Total images found in CSV: 758
Saved cross-validation splits to splits.json

==============================
Starting Training for FOLD 1/5
==============================
Fold 0 | Epoch 1/20 | Train Loss: 0.5087 | Val IoU: 0.8354
   -> New Best IoU! Saved best_model_fold_0.pth
Fold 0 | Epoch 2/20 | Train Loss: 0.3498 | Val IoU: 0.9621
   -> New Best IoU! Saved best_model_fold_0.pth
Fold 0 | Epoch 3/20 | Train Loss: 0.2711 | Val IoU: 0.9659
   -> New Best IoU! Saved best_model_fold_0.pth
Fold 0 | Epoch 4/20 | Train Loss: 0.2119 | Val IoU: 0.9681
   -> New Best IoU! Saved best_model_fold_0.pth
Fold 0 | Epoch 5/20 | Train Loss: 0.1702 | Val IoU: 0.9697
   -> New Best IoU! Saved best_model_fold_0.pth
Fold 0 | Epoch 6/20 | Train Loss: 0.1386 | Val IoU: 0.9714
   -> New Best IoU! Saved best_model_fold_0.pth
Fold 0 | Epoch 7/20 | Train Loss: 0.1132 | Val IoU: 0.9712
Fold 0 | Epoch 8/20 | Train Loss: 0.0939 | Val IoU: 0.9706
Fold 0 | Epoch 9/20 | Train Loss: 0.0800 | Val IoU: 0.9705
Fold 0 | Epoch 10/20 | Train Loss: 0.0692 | Val IoU: 0.9728
   -> New Best IoU! Saved best_model_fold_0.pth
Fold 0 | Epoch 11/20 | Train Loss: 0.0607 | Val IoU: 0.9733
   -> New Best IoU! Saved best_model_fold_0.pth
Fold 0 | Epoch 12/20 | Train Loss: 0.0527 | Val IoU: 0.9725
Fold 0 | Epoch 13/20 | Train Loss: 0.0478 | Val IoU: 0.9713
Fold 0 | Epoch 14/20 | Train Loss: 0.0433 | Val IoU: 0.9730
Fold 0 | Epoch 15/20 | Train Loss: 0.0391 | Val IoU: 0.9724
Fold 0 | Epoch 16/20 | Train Loss: 0.0360 | Val IoU: 0.9727
Fold 0 | Epoch 17/20 | Train Loss: 0.0337 | Val IoU: 0.9733
Fold 0 | Epoch 18/20 | Train Loss: 0.0312 | Val IoU: 0.9733
Fold 0 | Epoch 19/20 | Train Loss: 0.0288 | Val IoU: 0.9735
   -> New Best IoU! Saved best_model_fold_0.pth
Fold 0 | Epoch 20/20 | Train Loss: 0.0274 | Val IoU: 0.9728
Finished Fold 0. Best Val IoU: 0.9735

==============================
Starting Training for FOLD 2/5
==============================
Fold 1 | Epoch 1/20 | Train Loss: 0.5374 | Val IoU: 0.5579
   -> New Best IoU! Saved best_model_fold_1.pth
Fold 1 | Epoch 2/20 | Train Loss: 0.3929 | Val IoU: 0.9198
   -> New Best IoU! Saved best_model_fold_1.pth
Fold 1 | Epoch 3/20 | Train Loss: 0.3244 | Val IoU: 0.9552
   -> New Best IoU! Saved best_model_fold_1.pth
Fold 1 | Epoch 4/20 | Train Loss: 0.2651 | Val IoU: 0.9533
Fold 1 | Epoch 5/20 | Train Loss: 0.2186 | Val IoU: 0.9636
   -> New Best IoU! Saved best_model_fold_1.pth
Fold 1 | Epoch 6/20 | Train Loss: 0.1801 | Val IoU: 0.9632
Fold 1 | Epoch 7/20 | Train Loss: 0.1514 | Val IoU: 0.9694
   -> New Best IoU! Saved best_model_fold_1.pth
Fold 1 | Epoch 8/20 | Train Loss: 0.1263 | Val IoU: 0.9705
   -> New Best IoU! Saved best_model_fold_1.pth
Fold 1 | Epoch 9/20 | Train Loss: 0.1068 | Val IoU: 0.9711
   -> New Best IoU! Saved best_model_fold_1.pth
Fold 1 | Epoch 10/20 | Train Loss: 0.0913 | Val IoU: 0.9719
   -> New Best IoU! Saved best_model_fold_1.pth
Fold 1 | Epoch 11/20 | Train Loss: 0.0794 | Val IoU: 0.9689
Fold 1 | Epoch 12/20 | Train Loss: 0.0688 | Val IoU: 0.9722
   -> New Best IoU! Saved best_model_fold_1.pth
Fold 1 | Epoch 13/20 | Train Loss: 0.0611 | Val IoU: 0.9717
Fold 1 | Epoch 14/20 | Train Loss: 0.0553 | Val IoU: 0.9732
   -> New Best IoU! Saved best_model_fold_1.pth
Fold 1 | Epoch 15/20 | Train Loss: 0.0496 | Val IoU: 0.9728
Fold 1 | Epoch 16/20 | Train Loss: 0.0455 | Val IoU: 0.9708
Fold 1 | Epoch 17/20 | Train Loss: 0.0410 | Val IoU: 0.9728
Fold 1 | Epoch 18/20 | Train Loss: 0.0376 | Val IoU: 0.9737
   -> New Best IoU! Saved best_model_fold_1.pth
Fold 1 | Epoch 19/20 | Train Loss: 0.0354 | Val IoU: 0.9732
Fold 1 | Epoch 20/20 | Train Loss: 0.0328 | Val IoU: 0.9739
   -> New Best IoU! Saved best_model_fold_1.pth
Finished Fold 1. Best Val IoU: 0.9739

==============================
Starting Training for FOLD 3/5
==============================
Fold 2 | Epoch 1/20 | Train Loss: 0.5365 | Val IoU: 0.8594
   -> New Best IoU! Saved best_model_fold_2.pth
Fold 2 | Epoch 2/20 | Train Loss: 0.3179 | Val IoU: 0.9616
   -> New Best IoU! Saved best_model_fold_2.pth
Fold 2 | Epoch 3/20 | Train Loss: 0.2156 | Val IoU: 0.9677
   -> New Best IoU! Saved best_model_fold_2.pth
Fold 2 | Epoch 4/20 | Train Loss: 0.1492 | Val IoU: 0.9683
   -> New Best IoU! Saved best_model_fold_2.pth
Fold 2 | Epoch 5/20 | Train Loss: 0.1087 | Val IoU: 0.9684
   -> New Best IoU! Saved best_model_fold_2.pth
Fold 2 | Epoch 6/20 | Train Loss: 0.0838 | Val IoU: 0.9658
Fold 2 | Epoch 7/20 | Train Loss: 0.0672 | Val IoU: 0.9687
   -> New Best IoU! Saved best_model_fold_2.pth
Fold 2 | Epoch 8/20 | Train Loss: 0.0553 | Val IoU: 0.9710
   -> New Best IoU! Saved best_model_fold_2.pth
Fold 2 | Epoch 9/20 | Train Loss: 0.0470 | Val IoU: 0.9706
Fold 2 | Epoch 10/20 | Train Loss: 0.0408 | Val IoU: 0.9714
   -> New Best IoU! Saved best_model_fold_2.pth
Fold 2 | Epoch 11/20 | Train Loss: 0.0364 | Val IoU: 0.9690
Fold 2 | Epoch 12/20 | Train Loss: 0.0330 | Val IoU: 0.9718
   -> New Best IoU! Saved best_model_fold_2.pth
Fold 2 | Epoch 13/20 | Train Loss: 0.0299 | Val IoU: 0.9734
   -> New Best IoU! Saved best_model_fold_2.pth
Fold 2 | Epoch 14/20 | Train Loss: 0.0277 | Val IoU: 0.9725
Fold 2 | Epoch 15/20 | Train Loss: 0.0255 | Val IoU: 0.9725
Fold 2 | Epoch 16/20 | Train Loss: 0.0244 | Val IoU: 0.9724
Fold 2 | Epoch 17/20 | Train Loss: 0.0229 | Val IoU: 0.9728
Fold 2 | Epoch 18/20 | Train Loss: 0.0212 | Val IoU: 0.9719
Fold 2 | Epoch 19/20 | Train Loss: 0.0205 | Val IoU: 0.9713
Fold 2 | Epoch 20/20 | Train Loss: 0.0197 | Val IoU: 0.9724
Finished Fold 2. Best Val IoU: 0.9734

==============================
Starting Training for FOLD 4/5
==============================
Fold 3 | Epoch 1/20 | Train Loss: 0.5590 | Val IoU: 0.4931
   -> New Best IoU! Saved best_model_fold_3.pth
Fold 3 | Epoch 2/20 | Train Loss: 0.3765 | Val IoU: 0.9531
   -> New Best IoU! Saved best_model_fold_3.pth
Fold 3 | Epoch 3/20 | Train Loss: 0.3030 | Val IoU: 0.9533
   -> New Best IoU! Saved best_model_fold_3.pth
Fold 3 | Epoch 4/20 | Train Loss: 0.2430 | Val IoU: 0.9618
   -> New Best IoU! Saved best_model_fold_3.pth
Fold 3 | Epoch 5/20 | Train Loss: 0.1940 | Val IoU: 0.9704
   -> New Best IoU! Saved best_model_fold_3.pth
Fold 3 | Epoch 6/20 | Train Loss: 0.1576 | Val IoU: 0.9709
   -> New Best IoU! Saved best_model_fold_3.pth
Fold 3 | Epoch 7/20 | Train Loss: 0.1274 | Val IoU: 0.9719
   -> New Best IoU! Saved best_model_fold_3.pth
Fold 3 | Epoch 8/20 | Train Loss: 0.1059 | Val IoU: 0.9712
Fold 3 | Epoch 9/20 | Train Loss: 0.0884 | Val IoU: 0.9699
Fold 3 | Epoch 10/20 | Train Loss: 0.0754 | Val IoU: 0.9706
Fold 3 | Epoch 11/20 | Train Loss: 0.0644 | Val IoU: 0.9709
Fold 3 | Epoch 12/20 | Train Loss: 0.0566 | Val IoU: 0.9724
   -> New Best IoU! Saved best_model_fold_3.pth
Fold 3 | Epoch 13/20 | Train Loss: 0.0505 | Val IoU: 0.9735
   -> New Best IoU! Saved best_model_fold_3.pth
Fold 3 | Epoch 14/20 | Train Loss: 0.0456 | Val IoU: 0.9681
Fold 3 | Epoch 15/20 | Train Loss: 0.0412 | Val IoU: 0.9708
Fold 3 | Epoch 16/20 | Train Loss: 0.0377 | Val IoU: 0.9738
   -> New Best IoU! Saved best_model_fold_3.pth
Fold 3 | Epoch 17/20 | Train Loss: 0.0347 | Val IoU: 0.9738
   -> New Best IoU! Saved best_model_fold_3.pth
Fold 3 | Epoch 18/20 | Train Loss: 0.0321 | Val IoU: 0.9720
Fold 3 | Epoch 19/20 | Train Loss: 0.0299 | Val IoU: 0.9733
Fold 3 | Epoch 20/20 | Train Loss: 0.0282 | Val IoU: 0.9736
Finished Fold 3. Best Val IoU: 0.9738

==============================
Starting Training for FOLD 5/5
==============================
Fold 4 | Epoch 1/20 | Train Loss: 0.5775 | Val IoU: 0.4617
   -> New Best IoU! Saved best_model_fold_4.pth
Fold 4 | Epoch 2/20 | Train Loss: 0.4429 | Val IoU: 0.9406
   -> New Best IoU! Saved best_model_fold_4.pth
Fold 4 | Epoch 3/20 | Train Loss: 0.3422 | Val IoU: 0.9476
   -> New Best IoU! Saved best_model_fold_4.pth
Fold 4 | Epoch 4/20 | Train Loss: 0.2625 | Val IoU: 0.9638
   -> New Best IoU! Saved best_model_fold_4.pth
Fold 4 | Epoch 5/20 | Train Loss: 0.2015 | Val IoU: 0.9671
   -> New Best IoU! Saved best_model_fold_4.pth
Fold 4 | Epoch 6/20 | Train Loss: 0.1568 | Val IoU: 0.9701
   -> New Best IoU! Saved best_model_fold_4.pth
Fold 4 | Epoch 7/20 | Train Loss: 0.1244 | Val IoU: 0.9707
   -> New Best IoU! Saved best_model_fold_4.pth
Fold 4 | Epoch 8/20 | Train Loss: 0.1008 | Val IoU: 0.9719
   -> New Best IoU! Saved best_model_fold_4.pth
Fold 4 | Epoch 9/20 | Train Loss: 0.0833 | Val IoU: 0.9725
   -> New Best IoU! Saved best_model_fold_4.pth
Fold 4 | Epoch 10/20 | Train Loss: 0.0708 | Val IoU: 0.9712
Fold 4 | Epoch 11/20 | Train Loss: 0.0614 | Val IoU: 0.9726
   -> New Best IoU! Saved best_model_fold_4.pth
Fold 4 | Epoch 12/20 | Train Loss: 0.0536 | Val IoU: 0.9725
Fold 4 | Epoch 13/20 | Train Loss: 0.0470 | Val IoU: 0.9742
   -> New Best IoU! Saved best_model_fold_4.pth
Fold 4 | Epoch 14/20 | Train Loss: 0.0423 | Val IoU: 0.9744
   -> New Best IoU! Saved best_model_fold_4.pth
Fold 4 | Epoch 15/20 | Train Loss: 0.0384 | Val IoU: 0.9741
Fold 4 | Epoch 16/20 | Train Loss: 0.0349 | Val IoU: 0.9737
Fold 4 | Epoch 17/20 | Train Loss: 0.0322 | Val IoU: 0.9745
   -> New Best IoU! Saved best_model_fold_4.pth
Fold 4 | Epoch 18/20 | Train Loss: 0.0298 | Val IoU: 0.9751
   -> New Best IoU! Saved best_model_fold_4.pth
Fold 4 | Epoch 19/20 | Train Loss: 0.0283 | Val IoU: 0.9753
   -> New Best IoU! Saved best_model_fold_4.pth
Fold 4 | Epoch 20/20 | Train Loss: 0.0262 | Val IoU: 0.9746
Finished Fold 4. Best Val IoU: 0.9753
