--- DINO MIL [1024 features] weights initialized ---
Loading checkpoint from: classifier/models/dino_complex_split_1_imagenet_0512_1423.best_model.pth
Traceback (most recent call last):
  File "<frozen runpy>", line 198, in _run_module_as_main
  File "<frozen runpy>", line 88, in _run_code
  File "/home/s6jovand/job/new/dino/train_dino_mil.py", line 276, in <module>
    train_mil(args)
  File "/home/s6jovand/job/new/dino/train_dino_mil.py", line 178, in train_mil
    model = DinoMIL(checkpoint_path=args.classifier_checkpoint, freeze_backbone=args.freeze_backbone).to(device)
            ^^^^^^^^^^^^^^^^^^^^^^^^^^^^^^^^^^^^^^^^^^^^^^^^^^^^^^^^^^^^^^^^^^^^^^^^^^^^^^^^^^^^^^^^^
  File "/home/s6jovand/job/new/dino/train_dino_mil.py", line 95, in __init__
    state_dict = torch.load(checkpoint_path, map_location="cpu")
                 ^^^^^^^^^^^^^^^^^^^^^^^^^^^^^^^^^^^^^^^^^^^^^^^
  File "/home/s6jovand/.conda/envs/job_new/lib/python3.12/site-packages/torch/serialization.py", line 1479, in load
    with _open_file_like(f, "rb") as opened_file:
         ^^^^^^^^^^^^^^^^^^^^^^^^
  File "/home/s6jovand/.conda/envs/job_new/lib/python3.12/site-packages/torch/serialization.py", line 759, in _open_file_like
    return _open_file(name_or_buffer, mode)
           ^^^^^^^^^^^^^^^^^^^^^^^^^^^^^^^^
  File "/home/s6jovand/.conda/envs/job_new/lib/python3.12/site-packages/torch/serialization.py", line 740, in __init__
    super().__init__(open(name, mode))
                     ^^^^^^^^^^^^^^^^
FileNotFoundError: [Errno 2] No such file or directory: 'classifier/models/dino_complex_split_1_imagenet_0512_1423.best_model.pth'
--- DINO MIL [1024 features] weights initialized ---
Loading checkpoint from: classifier/models/dino_complex_split_2_imagenet_0510_2214/best_model.pth
Traceback (most recent call last):
  File "<frozen runpy>", line 198, in _run_module_as_main
  File "<frozen runpy>", line 88, in _run_code
  File "/home/s6jovand/job/new/dino/train_dino_mil.py", line 276, in <module>
    train_mil(args)
  File "/home/s6jovand/job/new/dino/train_dino_mil.py", line 178, in train_mil
    model = DinoMIL(checkpoint_path=args.classifier_checkpoint, freeze_backbone=args.freeze_backbone).to(device)
            ^^^^^^^^^^^^^^^^^^^^^^^^^^^^^^^^^^^^^^^^^^^^^^^^^^^^^^^^^^^^^^^^^^^^^^^^^^^^^^^^^^^^^^^^^
  File "/home/s6jovand/job/new/dino/train_dino_mil.py", line 95, in __init__
    state_dict = torch.load(checkpoint_path, map_location="cpu")
                 ^^^^^^^^^^^^^^^^^^^^^^^^^^^^^^^^^^^^^^^^^^^^^^^
  File "/home/s6jovand/.conda/envs/job_new/lib/python3.12/site-packages/torch/serialization.py", line 1479, in load
    with _open_file_like(f, "rb") as opened_file:
         ^^^^^^^^^^^^^^^^^^^^^^^^
  File "/home/s6jovand/.conda/envs/job_new/lib/python3.12/site-packages/torch/serialization.py", line 759, in _open_file_like
    return _open_file(name_or_buffer, mode)
           ^^^^^^^^^^^^^^^^^^^^^^^^^^^^^^^^
  File "/home/s6jovand/.conda/envs/job_new/lib/python3.12/site-packages/torch/serialization.py", line 740, in __init__
    super().__init__(open(name, mode))
                     ^^^^^^^^^^^^^^^^
FileNotFoundError: [Errno 2] No such file or directory: 'classifier/models/dino_complex_split_2_imagenet_0510_2214/best_model.pth'
--- DINO MIL [1024 features] weights initialized ---
Loading checkpoint from: classifier/models/dino_complex_split_3_imagenet_0510_2243/best_model.pth
Traceback (most recent call last):
  File "<frozen runpy>", line 198, in _run_module_as_main
  File "<frozen runpy>", line 88, in _run_code
  File "/home/s6jovand/job/new/dino/train_dino_mil.py", line 276, in <module>
    train_mil(args)
  File "/home/s6jovand/job/new/dino/train_dino_mil.py", line 178, in train_mil
    model = DinoMIL(checkpoint_path=args.classifier_checkpoint, freeze_backbone=args.freeze_backbone).to(device)
            ^^^^^^^^^^^^^^^^^^^^^^^^^^^^^^^^^^^^^^^^^^^^^^^^^^^^^^^^^^^^^^^^^^^^^^^^^^^^^^^^^^^^^^^^^
  File "/home/s6jovand/job/new/dino/train_dino_mil.py", line 95, in __init__
    state_dict = torch.load(checkpoint_path, map_location="cpu")
                 ^^^^^^^^^^^^^^^^^^^^^^^^^^^^^^^^^^^^^^^^^^^^^^^
  File "/home/s6jovand/.conda/envs/job_new/lib/python3.12/site-packages/torch/serialization.py", line 1479, in load
    with _open_file_like(f, "rb") as opened_file:
         ^^^^^^^^^^^^^^^^^^^^^^^^
  File "/home/s6jovand/.conda/envs/job_new/lib/python3.12/site-packages/torch/serialization.py", line 759, in _open_file_like
    return _open_file(name_or_buffer, mode)
           ^^^^^^^^^^^^^^^^^^^^^^^^^^^^^^^^
  File "/home/s6jovand/.conda/envs/job_new/lib/python3.12/site-packages/torch/serialization.py", line 740, in __init__
    super().__init__(open(name, mode))
                     ^^^^^^^^^^^^^^^^
FileNotFoundError: [Errno 2] No such file or directory: 'classifier/models/dino_complex_split_3_imagenet_0510_2243/best_model.pth'
--- DINO MIL [1024 features] weights initialized ---
Loading checkpoint from: classifier/models/dino_complex_split_4_imagenet_0510_2312/best_model.pth
Traceback (most recent call last):
  File "<frozen runpy>", line 198, in _run_module_as_main
  File "<frozen runpy>", line 88, in _run_code
  File "/home/s6jovand/job/new/dino/train_dino_mil.py", line 276, in <module>
    train_mil(args)
  File "/home/s6jovand/job/new/dino/train_dino_mil.py", line 178, in train_mil
    model = DinoMIL(checkpoint_path=args.classifier_checkpoint, freeze_backbone=args.freeze_backbone).to(device)
            ^^^^^^^^^^^^^^^^^^^^^^^^^^^^^^^^^^^^^^^^^^^^^^^^^^^^^^^^^^^^^^^^^^^^^^^^^^^^^^^^^^^^^^^^^
  File "/home/s6jovand/job/new/dino/train_dino_mil.py", line 95, in __init__
    state_dict = torch.load(checkpoint_path, map_location="cpu")
                 ^^^^^^^^^^^^^^^^^^^^^^^^^^^^^^^^^^^^^^^^^^^^^^^
  File "/home/s6jovand/.conda/envs/job_new/lib/python3.12/site-packages/torch/serialization.py", line 1479, in load
    with _open_file_like(f, "rb") as opened_file:
         ^^^^^^^^^^^^^^^^^^^^^^^^
  File "/home/s6jovand/.conda/envs/job_new/lib/python3.12/site-packages/torch/serialization.py", line 759, in _open_file_like
    return _open_file(name_or_buffer, mode)
           ^^^^^^^^^^^^^^^^^^^^^^^^^^^^^^^^
  File "/home/s6jovand/.conda/envs/job_new/lib/python3.12/site-packages/torch/serialization.py", line 740, in __init__
    super().__init__(open(name, mode))
                     ^^^^^^^^^^^^^^^^
FileNotFoundError: [Errno 2] No such file or directory: 'classifier/models/dino_complex_split_4_imagenet_0510_2312/best_model.pth'
--- DINO MIL [1024 features] weights initialized ---
Loading checkpoint from: classifier/models/dino_complex_split_5_imagenet_0510_2341/best_model.pth
Traceback (most recent call last):
  File "<frozen runpy>", line 198, in _run_module_as_main
  File "<frozen runpy>", line 88, in _run_code
  File "/home/s6jovand/job/new/dino/train_dino_mil.py", line 276, in <module>
    train_mil(args)
  File "/home/s6jovand/job/new/dino/train_dino_mil.py", line 178, in train_mil
    model = DinoMIL(checkpoint_path=args.classifier_checkpoint, freeze_backbone=args.freeze_backbone).to(device)
            ^^^^^^^^^^^^^^^^^^^^^^^^^^^^^^^^^^^^^^^^^^^^^^^^^^^^^^^^^^^^^^^^^^^^^^^^^^^^^^^^^^^^^^^^^
  File "/home/s6jovand/job/new/dino/train_dino_mil.py", line 95, in __init__
    state_dict = torch.load(checkpoint_path, map_location="cpu")
                 ^^^^^^^^^^^^^^^^^^^^^^^^^^^^^^^^^^^^^^^^^^^^^^^
  File "/home/s6jovand/.conda/envs/job_new/lib/python3.12/site-packages/torch/serialization.py", line 1479, in load
    with _open_file_like(f, "rb") as opened_file:
         ^^^^^^^^^^^^^^^^^^^^^^^^
  File "/home/s6jovand/.conda/envs/job_new/lib/python3.12/site-packages/torch/serialization.py", line 759, in _open_file_like
    return _open_file(name_or_buffer, mode)
           ^^^^^^^^^^^^^^^^^^^^^^^^^^^^^^^^
  File "/home/s6jovand/.conda/envs/job_new/lib/python3.12/site-packages/torch/serialization.py", line 740, in __init__
    super().__init__(open(name, mode))
                     ^^^^^^^^^^^^^^^^
FileNotFoundError: [Errno 2] No such file or directory: 'classifier/models/dino_complex_split_5_imagenet_0510_2341/best_model.pth'
