Searching for videos in: ['/home/s6jovand/job/new/data/dr_videos', '/home/s6jovand/job/new/data/Paxos_2020_videos']
GPU 2/2: assigned 252 video(s).

[GPU 2] Processing: C002R.MOV (4105 frames) -- mode: threshold
  Selected 3 frame(s): [282 | p=0.979], [1964 | p=0.964], [4013 | p=0.988]
  -> Saved frame 282 (prob=0.979) -> C002R_frame_282_p0.979.png
  -> Saved frame 1964 (prob=0.964) -> C002R_frame_1964_p0.964.png
  -> Saved frame 4013 (prob=0.988) -> C002R_frame_4013_p0.988.png

[GPU 2] Processing: C005L.MOV (5198 frames) -- mode: threshold
  Selected 3 frame(s): [349 | p=0.999], [1689 | p=0.839], [3976 | p=0.939]
  -> Saved frame 349 (prob=0.999) -> C005L_frame_349_p0.999.png
  -> Saved frame 1689 (prob=0.839) -> C005L_frame_1689_p0.839.png
  -> Saved frame 3976 (prob=0.939) -> C005L_frame_3976_p0.939.png

[GPU 2] Processing: C007L.MOV (5264 frames) -- mode: threshold
  Selected 1 frame(s): [1275 | p=0.992]
  -> Saved frame 1275 (prob=0.992) -> C007L_frame_1275_p0.992.png

[GPU 2] Processing: C008R.MOV (4648 frames) -- mode: threshold
  Selected 2 frame(s): [429 | p=0.977], [2895 | p=0.872]
  -> Saved frame 429 (prob=0.977) -> C008R_frame_429_p0.977.png
  -> Saved frame 2895 (prob=0.872) -> C008R_frame_2895_p0.872.png

[GPU 2] Processing: C012L.MOV (4244 frames) -- mode: threshold
  Selected 2 frame(s): [236 | p=0.990], [1863 | p=0.911]
  -> Saved frame 236 (prob=0.990) -> C012L_frame_236_p0.990.png
  -> Saved frame 1863 (prob=0.911) -> C012L_frame_1863_p0.911.png

[GPU 2] Processing: C014L.MOV (3193 frames) -- mode: threshold
  Selected 2 frame(s): [397 | p=0.968], [2164 | p=0.883]
  -> Saved frame 397 (prob=0.968) -> C014L_frame_397_p0.968.png
  -> Saved frame 2164 (prob=0.883) -> C014L_frame_2164_p0.883.png

[GPU 2] Processing: C021R.MOV (3121 frames) -- mode: threshold
  Selected 1 frame(s): [730 | p=0.966]
  -> Saved frame 730 (prob=0.966) -> C021R_frame_730_p0.966.png

[GPU 2] Processing: D002L.MOV (1710 frames) -- mode: threshold
  Selected 3 frame(s): [200 | p=0.997], [699 | p=0.928], [1437 | p=0.982]
  -> Saved frame 200 (prob=0.997) -> D002L_frame_200_p0.997.png
  -> Saved frame 699 (prob=0.928) -> D002L_frame_699_p0.928.png
  -> Saved frame 1437 (prob=0.982) -> D002L_frame_1437_p0.982.png

[GPU 2] Processing: D005L.MOV (1138 frames) -- mode: threshold
  Selected 3 frame(s): [98 | p=1.000], [645 | p=0.998], [970 | p=0.999]
  -> Saved frame 98 (prob=1.000) -> D005L_frame_98_p1.000.png
  -> Saved frame 645 (prob=0.998) -> D005L_frame_645_p0.998.png
  -> Saved frame 970 (prob=0.999) -> D005L_frame_970_p0.999.png

[GPU 2] Processing: D006R.MOV (3019 frames) -- mode: threshold
  Selected 3 frame(s): [306 | p=0.977], [1598 | p=0.937], [2654 | p=0.966]
  -> Saved frame 306 (prob=0.977) -> D006R_frame_306_p0.977.png
  -> Saved frame 1598 (prob=0.937) -> D006R_frame_1598_p0.937.png
  -> Saved frame 2654 (prob=0.966) -> D006R_frame_2654_p0.966.png

[GPU 2] Processing: D009L.MOV (2876 frames) -- mode: threshold
  Selected 3 frame(s): [774 | p=0.999], [1775 | p=0.959], [2692 | p=0.997]
  -> Saved frame 774 (prob=0.999) -> D009L_frame_774_p0.999.png
  -> Saved frame 1775 (prob=0.959) -> D009L_frame_1775_p0.959.png
  -> Saved frame 2692 (prob=0.997) -> D009L_frame_2692_p0.997.png

[GPU 2] Processing: D011L.MOV (2661 frames) -- mode: threshold
  Selected 3 frame(s): [207 | p=1.000], [898 | p=0.991], [2326 | p=0.963]
  -> Saved frame 207 (prob=1.000) -> D011L_frame_207_p1.000.png
  -> Saved frame 898 (prob=0.991) -> D011L_frame_898_p0.991.png
  -> Saved frame 2326 (prob=0.963) -> D011L_frame_2326_p0.963.png

[GPU 2] Processing: D012R.MOV (2874 frames) -- mode: fallback (max-confidence only)
  Selected 1 frame(s): [1322 | p=0.434]
  -> Saved frame 1322 (prob=0.434) -> D012R_frame_1322_p0.434.png

[GPU 2] Processing: D014L.MOV (1908 frames) -- mode: threshold
  Selected 3 frame(s): [563 | p=1.000], [1103 | p=0.994], [1845 | p=0.998]
  -> Saved frame 563 (prob=1.000) -> D014L_frame_563_p1.000.png
  -> Saved frame 1103 (prob=0.994) -> D014L_frame_1103_p0.994.png
  -> Saved frame 1845 (prob=0.998) -> D014L_frame_1845_p0.998.png

[GPU 2] Processing: D015R.MOV (1601 frames) -- mode: threshold
  Selected 3 frame(s): [272 | p=0.996], [802 | p=0.977], [1541 | p=0.970]
  -> Saved frame 272 (prob=0.996) -> D015R_frame_272_p0.996.png
  -> Saved frame 802 (prob=0.977) -> D015R_frame_802_p0.977.png
  -> Saved frame 1541 (prob=0.970) -> D015R_frame_1541_p0.970.png

[GPU 2] Processing: D017L.MOV (987 frames) -- mode: threshold
  Selected 2 frame(s): [149 | p=0.996], [475 | p=0.953]
  -> Saved frame 149 (prob=0.996) -> D017L_frame_149_p0.996.png
  -> Saved frame 475 (prob=0.953) -> D017L_frame_475_p0.953.png

[GPU 2] Processing: D019L.MOV (4707 frames) -- mode: threshold
  Selected 4 frame(s): [177 | p=0.986], [1452 | p=1.000], [2688 | p=0.995], [4266 | p=0.997]
  -> Saved frame 177 (prob=0.986) -> D019L_frame_177_p0.986.png
  -> Saved frame 1452 (prob=1.000) -> D019L_frame_1452_p1.000.png
  -> Saved frame 2688 (prob=0.995) -> D019L_frame_2688_p0.995.png
  -> Saved frame 4266 (prob=0.997) -> D019L_frame_4266_p0.997.png

[GPU 2] Processing: D020R.MOV (2687 frames) -- mode: threshold
  Selected 2 frame(s): [657 | p=0.991], [2311 | p=0.932]
  -> Saved frame 657 (prob=0.991) -> D020R_frame_657_p0.991.png
  -> Saved frame 2311 (prob=0.932) -> D020R_frame_2311_p0.932.png

[GPU 2] Processing: E001L.MOV (2106 frames) -- mode: threshold
  Selected 3 frame(s): [554 | p=0.997], [1154 | p=0.919], [2058 | p=0.995]
  -> Saved frame 554 (prob=0.997) -> E001L_frame_554_p0.997.png
  -> Saved frame 1154 (prob=0.919) -> E001L_frame_1154_p0.919.png
  -> Saved frame 2058 (prob=0.995) -> E001L_frame_2058_p0.995.png

[GPU 2] Processing: E003L.MOV (2683 frames) -- mode: threshold
  Selected 3 frame(s): [293 | p=0.999], [1508 | p=0.999], [2613 | p=0.995]
  -> Saved frame 293 (prob=0.999) -> E003L_frame_293_p0.999.png
  -> Saved frame 1508 (prob=0.999) -> E003L_frame_1508_p0.999.png
  -> Saved frame 2613 (prob=0.995) -> E003L_frame_2613_p0.995.png

[GPU 2] Processing: E005R.MOV (5285 frames) -- mode: threshold
  Selected 4 frame(s): [368 | p=0.998], [1940 | p=0.965], [3362 | p=1.000], [5023 | p=0.999]
  -> Saved frame 368 (prob=0.998) -> E005R_frame_368_p0.998.png
  -> Saved frame 1940 (prob=0.965) -> E005R_frame_1940_p0.965.png
  -> Saved frame 3362 (prob=1.000) -> E005R_frame_3362_p1.000.png
  -> Saved frame 5023 (prob=0.999) -> E005R_frame_5023_p0.999.png

[GPU 2] Processing: F009L.MOV (2099 frames) -- mode: threshold
  Selected 4 frame(s): [312 | p=0.992], [873 | p=0.948], [1399 | p=0.987], [2032 | p=0.987]
  -> Saved frame 312 (prob=0.992) -> F009L_frame_312_p0.992.png
  -> Saved frame 873 (prob=0.948) -> F009L_frame_873_p0.948.png
  -> Saved frame 1399 (prob=0.987) -> F009L_frame_1399_p0.987.png
  -> Saved frame 2032 (prob=0.987) -> F009L_frame_2032_p0.987.png

[GPU 2] Processing: F013L.MOV (5654 frames) -- mode: threshold
  Selected 3 frame(s): [341 | p=0.997], [2303 | p=0.998], [5600 | p=0.999]
  -> Saved frame 341 (prob=0.997) -> F013L_frame_341_p0.997.png
  -> Saved frame 2303 (prob=0.998) -> F013L_frame_2303_p0.998.png
  -> Saved frame 5600 (prob=0.999) -> F013L_frame_5600_p0.999.png

[GPU 2] Processing: F016L.MOV (1455 frames) -- mode: threshold
  Selected 3 frame(s): [219 | p=0.999], [841 | p=0.998], [1410 | p=0.999]
  -> Saved frame 219 (prob=0.999) -> F016L_frame_219_p0.999.png
  -> Saved frame 841 (prob=0.998) -> F016L_frame_841_p0.998.png
  -> Saved frame 1410 (prob=0.999) -> F016L_frame_1410_p0.999.png

[GPU 2] Processing: G002L.MOV (4479 frames) -- mode: threshold
  Selected 3 frame(s): [714 | p=0.997], [1900 | p=0.986], [4193 | p=0.995]
  -> Saved frame 714 (prob=0.997) -> G002L_frame_714_p0.997.png
  -> Saved frame 1900 (prob=0.986) -> G002L_frame_1900_p0.986.png
  -> Saved frame 4193 (prob=0.995) -> G002L_frame_4193_p0.995.png

[GPU 2] Processing: G003R.MOV (1529 frames) -- mode: threshold
  Selected 4 frame(s): [52 | p=1.000], [436 | p=0.999], [952 | p=0.997], [1457 | p=1.000]
  -> Saved frame 52 (prob=1.000) -> G003R_frame_52_p1.000.png
  -> Saved frame 436 (prob=0.999) -> G003R_frame_436_p0.999.png
  -> Saved frame 952 (prob=0.997) -> G003R_frame_952_p0.997.png
  -> Saved frame 1457 (prob=1.000) -> G003R_frame_1457_p1.000.png

[GPU 2] Processing: G006R.MOV (3142 frames) -- mode: threshold
  Selected 3 frame(s): [691 | p=1.000], [1965 | p=0.999], [3084 | p=1.000]
  -> Saved frame 691 (prob=1.000) -> G006R_frame_691_p1.000.png
  -> Saved frame 1965 (prob=0.999) -> G006R_frame_1965_p0.999.png
  -> Saved frame 3084 (prob=1.000) -> G006R_frame_3084_p1.000.png

[GPU 2] Processing: G008L.MOV (2313 frames) -- mode: threshold
  Selected 3 frame(s): [558 | p=0.999], [1188 | p=0.988], [2243 | p=0.999]
  -> Saved frame 558 (prob=0.999) -> G008L_frame_558_p0.999.png
  -> Saved frame 1188 (prob=0.988) -> G008L_frame_1188_p0.988.png
  -> Saved frame 2243 (prob=0.999) -> G008L_frame_2243_p0.999.png

[GPU 2] Processing: G013R.MOV (3644 frames) -- mode: threshold
  Selected 2 frame(s): [1971 | p=0.847], [3382 | p=0.999]
  -> Saved frame 1971 (prob=0.847) -> G013R_frame_1971_p0.847.png
  -> Saved frame 3382 (prob=0.999) -> G013R_frame_3382_p0.999.png

[GPU 2] Processing: H002L.MOV (2662 frames) -- mode: threshold
  Selected 4 frame(s): [332 | p=0.996], [1151 | p=0.986], [1842 | p=0.988], [2623 | p=0.997]
  -> Saved frame 332 (prob=0.996) -> H002L_frame_332_p0.996.png
  -> Saved frame 1151 (prob=0.986) -> H002L_frame_1151_p0.986.png
  -> Saved frame 1842 (prob=0.988) -> H002L_frame_1842_p0.988.png
  -> Saved frame 2623 (prob=0.997) -> H002L_frame_2623_p0.997.png

[GPU 2] Processing: H004R.MOV (2316 frames) -- mode: threshold
  Selected 3 frame(s): [524 | p=0.998], [1465 | p=0.997], [2271 | p=0.992]
  -> Saved frame 524 (prob=0.998) -> H004R_frame_524_p0.998.png
  -> Saved frame 1465 (prob=0.997) -> H004R_frame_1465_p0.997.png
  -> Saved frame 2271 (prob=0.992) -> H004R_frame_2271_p0.992.png

[GPU 2] Processing: H007L.MOV (3217 frames) -- mode: threshold
  Selected 3 frame(s): [1020 | p=0.908], [2298 | p=0.972], [3169 | p=0.924]
  -> Saved frame 1020 (prob=0.908) -> H007L_frame_1020_p0.908.png
  -> Saved frame 2298 (prob=0.972) -> H007L_frame_2298_p0.972.png
  -> Saved frame 3169 (prob=0.924) -> H007L_frame_3169_p0.924.png

[GPU 2] Processing: H008R.MOV (2861 frames) -- mode: threshold
  Selected 3 frame(s): [490 | p=0.996], [1429 | p=0.953], [2695 | p=0.991]
  -> Saved frame 490 (prob=0.996) -> H008R_frame_490_p0.996.png
  -> Saved frame 1429 (prob=0.953) -> H008R_frame_1429_p0.953.png
  -> Saved frame 2695 (prob=0.991) -> H008R_frame_2695_p0.991.png

[GPU 2] Processing: I001L.MOV (2778 frames) -- mode: threshold
  Selected 2 frame(s): [858 | p=0.974], [2708 | p=0.879]
  -> Saved frame 858 (prob=0.974) -> I001L_frame_858_p0.974.png
  -> Saved frame 2708 (prob=0.879) -> I001L_frame_2708_p0.879.png

[GPU 2] Processing: I002R.MOV (1804 frames) -- mode: threshold
  Selected 3 frame(s): [336 | p=0.999], [840 | p=1.000], [1660 | p=1.000]
  -> Saved frame 336 (prob=0.999) -> I002R_frame_336_p0.999.png
  -> Saved frame 840 (prob=1.000) -> I002R_frame_840_p1.000.png
  -> Saved frame 1660 (prob=1.000) -> I002R_frame_1660_p1.000.png

[GPU 2] Processing: I004L.MOV (2781 frames) -- mode: threshold
  Selected 3 frame(s): [183 | p=0.997], [1207 | p=0.999], [2657 | p=0.997]
  -> Saved frame 183 (prob=0.997) -> I004L_frame_183_p0.997.png
  -> Saved frame 1207 (prob=0.999) -> I004L_frame_1207_p0.999.png
  -> Saved frame 2657 (prob=0.997) -> I004L_frame_2657_p0.997.png

[GPU 2] Processing: I006R.MOV (2776 frames) -- mode: threshold
  Selected 4 frame(s): [147 | p=0.895], [850 | p=0.996], [1762 | p=0.998], [2683 | p=0.999]
  -> Saved frame 147 (prob=0.895) -> I006R_frame_147_p0.895.png
  -> Saved frame 850 (prob=0.996) -> I006R_frame_850_p0.996.png
  -> Saved frame 1762 (prob=0.998) -> I006R_frame_1762_p0.998.png
  -> Saved frame 2683 (prob=0.999) -> I006R_frame_2683_p0.999.png

[GPU 2] Processing: I008R.MOV (4821 frames) -- mode: threshold
  Selected 4 frame(s): [3 | p=0.992], [1295 | p=0.895], [2795 | p=0.956], [4750 | p=0.977]
  -> Saved frame 3 (prob=0.992) -> I008R_frame_3_p0.992.png
  -> Saved frame 1295 (prob=0.895) -> I008R_frame_1295_p0.895.png
  -> Saved frame 2795 (prob=0.956) -> I008R_frame_2795_p0.956.png
  -> Saved frame 4750 (prob=0.977) -> I008R_frame_4750_p0.977.png

[GPU 2] Processing: I010L.MOV (2093 frames) -- mode: threshold
  Selected 4 frame(s): [110 | p=0.998], [946 | p=0.949], [1471 | p=0.995], [2055 | p=0.997]
  -> Saved frame 110 (prob=0.998) -> I010L_frame_110_p0.998.png
  -> Saved frame 946 (prob=0.949) -> I010L_frame_946_p0.949.png
  -> Saved frame 1471 (prob=0.995) -> I010L_frame_1471_p0.995.png
  -> Saved frame 2055 (prob=0.997) -> I010L_frame_2055_p0.997.png

[GPU 2] Processing: I012L.MOV (1524 frames) -- mode: threshold
  Selected 4 frame(s): [62 | p=0.999], [454 | p=0.999], [1046 | p=0.996], [1480 | p=0.999]
  -> Saved frame 62 (prob=0.999) -> I012L_frame_62_p0.999.png
  -> Saved frame 454 (prob=0.999) -> I012L_frame_454_p0.999.png
  -> Saved frame 1046 (prob=0.996) -> I012L_frame_1046_p0.996.png
  -> Saved frame 1480 (prob=0.999) -> I012L_frame_1480_p0.999.png

[GPU 2] Processing: I013R.MOV (2082 frames) -- mode: threshold
  Selected 4 frame(s): [1 | p=0.998], [552 | p=1.000], [1501 | p=0.999], [2039 | p=0.935]
  -> Saved frame 1 (prob=0.998) -> I013R_frame_1_p0.998.png
  -> Saved frame 552 (prob=1.000) -> I013R_frame_552_p1.000.png
  -> Saved frame 1501 (prob=0.999) -> I013R_frame_1501_p0.999.png
  -> Saved frame 2039 (prob=0.935) -> I013R_frame_2039_p0.935.png

[GPU 2] Processing: I015L.MOV (1763 frames) -- mode: threshold
  Selected 3 frame(s): [182 | p=1.000], [806 | p=0.998], [1590 | p=0.999]
  -> Saved frame 182 (prob=1.000) -> I015L_frame_182_p1.000.png
  -> Saved frame 806 (prob=0.998) -> I015L_frame_806_p0.998.png
  -> Saved frame 1590 (prob=0.999) -> I015L_frame_1590_p0.999.png

[GPU 2] Processing: I016R.MOV (4187 frames) -- mode: threshold
  Selected 4 frame(s): [166 | p=0.997], [1587 | p=0.999], [2914 | p=0.941], [4131 | p=0.999]
  -> Saved frame 166 (prob=0.997) -> I016R_frame_166_p0.997.png
  -> Saved frame 1587 (prob=0.999) -> I016R_frame_1587_p0.999.png
  -> Saved frame 2914 (prob=0.941) -> I016R_frame_2914_p0.941.png
  -> Saved frame 4131 (prob=0.999) -> I016R_frame_4131_p0.999.png

[GPU 2] Processing: I019L.MOV (2261 frames) -- mode: threshold
  Selected 3 frame(s): [335 | p=0.997], [1495 | p=0.989], [2209 | p=0.994]
  -> Saved frame 335 (prob=0.997) -> I019L_frame_335_p0.997.png
  -> Saved frame 1495 (prob=0.989) -> I019L_frame_1495_p0.989.png
  -> Saved frame 2209 (prob=0.994) -> I019L_frame_2209_p0.994.png

[GPU 2] Processing: I021R.MOV (7268 frames) -- mode: threshold
  Selected 4 frame(s): [467 | p=0.996], [3092 | p=0.994], [4958 | p=0.983], [7177 | p=0.995]
  -> Saved frame 467 (prob=0.996) -> I021R_frame_467_p0.996.png
  -> Saved frame 3092 (prob=0.994) -> I021R_frame_3092_p0.994.png
  -> Saved frame 4958 (prob=0.983) -> I021R_frame_4958_p0.983.png
  -> Saved frame 7177 (prob=0.995) -> I021R_frame_7177_p0.995.png

[GPU 2] Processing: J001L.MOV (3530 frames) -- mode: threshold
  Selected 4 frame(s): [373 | p=1.000], [1294 | p=0.918], [2384 | p=0.981], [3361 | p=0.998]
  -> Saved frame 373 (prob=1.000) -> J001L_frame_373_p1.000.png
  -> Saved frame 1294 (prob=0.918) -> J001L_frame_1294_p0.918.png
  -> Saved frame 2384 (prob=0.981) -> J001L_frame_2384_p0.981.png
  -> Saved frame 3361 (prob=0.998) -> J001L_frame_3361_p0.998.png

[GPU 2] Processing: J002R.MOV (7374 frames) -- mode: threshold
  Selected 3 frame(s): [716 | p=0.999], [3478 | p=0.927], [6449 | p=0.996]
  -> Saved frame 716 (prob=0.999) -> J002R_frame_716_p0.999.png
  -> Saved frame 3478 (prob=0.927) -> J002R_frame_3478_p0.927.png
  -> Saved frame 6449 (prob=0.996) -> J002R_frame_6449_p0.996.png

[GPU 2] Processing: J004L.MOV (3498 frames) -- mode: threshold
  Selected 3 frame(s): [385 | p=0.999], [1532 | p=0.985], [3021 | p=0.999]
  -> Saved frame 385 (prob=0.999) -> J004L_frame_385_p0.999.png
  -> Saved frame 1532 (prob=0.985) -> J004L_frame_1532_p0.985.png
  -> Saved frame 3021 (prob=0.999) -> J004L_frame_3021_p0.999.png

[GPU 2] Processing: J005R.MOV (3224 frames) -- mode: threshold
  Selected 1 frame(s): [108 | p=0.940]
  -> Saved frame 108 (prob=0.940) -> J005R_frame_108_p0.940.png

[GPU 2] Processing: K007L.MOV (4887 frames) -- mode: threshold
  Selected 2 frame(s): [831 | p=0.998], [3699 | p=0.992]
  -> Saved frame 831 (prob=0.998) -> K007L_frame_831_p0.998.png
  -> Saved frame 3699 (prob=0.992) -> K007L_frame_3699_p0.992.png

[GPU 2] Processing: K008R.MOV (4026 frames) -- mode: threshold
  Selected 3 frame(s): [507 | p=0.986], [2190 | p=0.873], [3511 | p=0.993]
  -> Saved frame 507 (prob=0.986) -> K008R_frame_507_p0.986.png
  -> Saved frame 2190 (prob=0.873) -> K008R_frame_2190_p0.873.png
  -> Saved frame 3511 (prob=0.993) -> K008R_frame_3511_p0.993.png

[GPU 2] Processing: K010L.MOV (6708 frames) -- mode: threshold
  Selected 3 frame(s): [945 | p=0.999], [4223 | p=0.998], [6629 | p=0.988]
  -> Saved frame 945 (prob=0.999) -> K010L_frame_945_p0.999.png
  -> Saved frame 4223 (prob=0.998) -> K010L_frame_4223_p0.998.png
  -> Saved frame 6629 (prob=0.988) -> K010L_frame_6629_p0.988.png

[GPU 2] Processing: K012L.MOV (2271 frames) -- mode: threshold
  Selected 4 frame(s): [304 | p=0.999], [916 | p=0.993], [1499 | p=0.987], [2154 | p=1.000]
  -> Saved frame 304 (prob=0.999) -> K012L_frame_304_p0.999.png
  -> Saved frame 916 (prob=0.993) -> K012L_frame_916_p0.993.png
  -> Saved frame 1499 (prob=0.987) -> K012L_frame_1499_p0.987.png
  -> Saved frame 2154 (prob=1.000) -> K012L_frame_2154_p1.000.png

[GPU 2] Processing: K013R.MOV (2122 frames) -- mode: threshold
  Selected 4 frame(s): [2 | p=0.994], [687 | p=0.973], [1307 | p=0.991], [2078 | p=0.968]
  -> Saved frame 2 (prob=0.994) -> K013R_frame_2_p0.994.png
  -> Saved frame 687 (prob=0.973) -> K013R_frame_687_p0.973.png
  -> Saved frame 1307 (prob=0.991) -> K013R_frame_1307_p0.991.png
  -> Saved frame 2078 (prob=0.968) -> K013R_frame_2078_p0.968.png

[GPU 2] Processing: K015R.MOV (2190 frames) -- mode: threshold
  Selected 3 frame(s): [378 | p=0.999], [988 | p=0.957], [2032 | p=0.999]
  -> Saved frame 378 (prob=0.999) -> K015R_frame_378_p0.999.png
  -> Saved frame 988 (prob=0.957) -> K015R_frame_988_p0.957.png
  -> Saved frame 2032 (prob=0.999) -> K015R_frame_2032_p0.999.png

[GPU 2] Processing: K017R.MOV (2863 frames) -- mode: threshold
  Selected 3 frame(s): [580 | p=0.999], [1670 | p=0.983], [2815 | p=0.999]
  -> Saved frame 580 (prob=0.999) -> K017R_frame_580_p0.999.png
  -> Saved frame 1670 (prob=0.983) -> K017R_frame_1670_p0.983.png
  -> Saved frame 2815 (prob=0.999) -> K017R_frame_2815_p0.999.png

[GPU 2] Processing: K019L.MOV (3485 frames) -- mode: threshold
  Selected 4 frame(s): [54 | p=0.994], [960 | p=0.880], [2180 | p=0.924], [3143 | p=0.995]
  -> Saved frame 54 (prob=0.994) -> K019L_frame_54_p0.994.png
  -> Saved frame 960 (prob=0.880) -> K019L_frame_960_p0.880.png
  -> Saved frame 2180 (prob=0.924) -> K019L_frame_2180_p0.924.png
  -> Saved frame 3143 (prob=0.995) -> K019L_frame_3143_p0.995.png

[GPU 2] Processing: K020R.MOV (2056 frames) -- mode: threshold
  Selected 3 frame(s): [118 | p=1.000], [820 | p=0.999], [1727 | p=0.995]
  -> Saved frame 118 (prob=1.000) -> K020R_frame_118_p1.000.png
  -> Saved frame 820 (prob=0.999) -> K020R_frame_820_p0.999.png
  -> Saved frame 1727 (prob=0.995) -> K020R_frame_1727_p0.995.png

[GPU 2] Processing: K022L.MOV (3014 frames) -- mode: threshold
  Selected 3 frame(s): [573 | p=0.995], [1858 | p=0.906], [2635 | p=0.993]
  -> Saved frame 573 (prob=0.995) -> K022L_frame_573_p0.995.png
  -> Saved frame 1858 (prob=0.906) -> K022L_frame_1858_p0.906.png
  -> Saved frame 2635 (prob=0.993) -> K022L_frame_2635_p0.993.png

[GPU 2] Processing: K023R.MOV (2003 frames) -- mode: threshold
  Selected 4 frame(s): [68 | p=0.997], [659 | p=0.992], [1163 | p=0.961], [1691 | p=0.994]
  -> Saved frame 68 (prob=0.997) -> K023R_frame_68_p0.997.png
  -> Saved frame 659 (prob=0.992) -> K023R_frame_659_p0.992.png
  -> Saved frame 1163 (prob=0.961) -> K023R_frame_1163_p0.961.png
  -> Saved frame 1691 (prob=0.994) -> K023R_frame_1691_p0.994.png

[GPU 2] Processing: M001L.MOV (5127 frames) -- mode: threshold
  Selected 4 frame(s): [335 | p=0.999], [2147 | p=0.997], [3476 | p=0.998], [4868 | p=0.988]
  -> Saved frame 335 (prob=0.999) -> M001L_frame_335_p0.999.png
  -> Saved frame 2147 (prob=0.997) -> M001L_frame_2147_p0.997.png
  -> Saved frame 3476 (prob=0.998) -> M001L_frame_3476_p0.998.png
  -> Saved frame 4868 (prob=0.988) -> M001L_frame_4868_p0.988.png

[GPU 2] Processing: M003L.MOV (8057 frames) -- mode: threshold
  Selected 4 frame(s): [1007 | p=0.999], [3039 | p=0.998], [5714 | p=0.999], [7979 | p=0.997]
  -> Saved frame 1007 (prob=0.999) -> M003L_frame_1007_p0.999.png
  -> Saved frame 3039 (prob=0.998) -> M003L_frame_3039_p0.998.png
  -> Saved frame 5714 (prob=0.999) -> M003L_frame_5714_p0.999.png
  -> Saved frame 7979 (prob=0.997) -> M003L_frame_7979_p0.997.png

[GPU 2] Processing: M004R.MOV (6754 frames) -- mode: threshold
  Selected 3 frame(s): [525 | p=0.996], [2966 | p=0.947], [5963 | p=0.995]
  -> Saved frame 525 (prob=0.996) -> M004R_frame_525_p0.996.png
  -> Saved frame 2966 (prob=0.947) -> M004R_frame_2966_p0.947.png
  -> Saved frame 5963 (prob=0.995) -> M004R_frame_5963_p0.995.png

[GPU 2] Processing: M006L.MOV (5130 frames) -- mode: threshold
  Selected 3 frame(s): [570 | p=0.999], [2060 | p=0.807], [3856 | p=0.991]
  -> Saved frame 570 (prob=0.999) -> M006L_frame_570_p0.999.png
  -> Saved frame 2060 (prob=0.807) -> M006L_frame_2060_p0.807.png
  -> Saved frame 3856 (prob=0.991) -> M006L_frame_3856_p0.991.png

[GPU 2] Processing: M007R.MOV (5292 frames) -- mode: threshold
  Selected 3 frame(s): [830 | p=0.999], [2711 | p=0.996], [4471 | p=0.997]
  -> Saved frame 830 (prob=0.999) -> M007R_frame_830_p0.999.png
  -> Saved frame 2711 (prob=0.996) -> M007R_frame_2711_p0.996.png
  -> Saved frame 4471 (prob=0.997) -> M007R_frame_4471_p0.997.png

[GPU 2] Processing: M009L.MOV (2924 frames) -- mode: threshold
  Selected 4 frame(s): [65 | p=0.997], [1037 | p=0.983], [1868 | p=0.989], [2884 | p=0.998]
  -> Saved frame 65 (prob=0.997) -> M009L_frame_65_p0.997.png
  -> Saved frame 1037 (prob=0.983) -> M009L_frame_1037_p0.983.png
  -> Saved frame 1868 (prob=0.989) -> M009L_frame_1868_p0.989.png
  -> Saved frame 2884 (prob=0.998) -> M009L_frame_2884_p0.998.png

[GPU 2] Processing: M010R.MOV (6498 frames) -- mode: threshold
  Selected 4 frame(s): [753 | p=0.999], [2889 | p=0.988], [4593 | p=0.997], [6401 | p=0.997]
  -> Saved frame 753 (prob=0.999) -> M010R_frame_753_p0.999.png
  -> Saved frame 2889 (prob=0.988) -> M010R_frame_2889_p0.988.png
  -> Saved frame 4593 (prob=0.997) -> M010R_frame_4593_p0.997.png
  -> Saved frame 6401 (prob=0.997) -> M010R_frame_6401_p0.997.png

[GPU 2] Processing: M012L.MOV (13145 frames) -- mode: threshold
  Selected 3 frame(s): [1124 | p=0.999], [7433 | p=0.998], [12063 | p=0.998]
  -> Saved frame 1124 (prob=0.999) -> M012L_frame_1124_p0.999.png
  -> Saved frame 7433 (prob=0.998) -> M012L_frame_7433_p0.998.png
  -> Saved frame 12063 (prob=0.998) -> M012L_frame_12063_p0.998.png

[GPU 2] Processing: M013R.MOV (10893 frames) -- mode: threshold
  Selected 3 frame(s): [1259 | p=0.997], [6852 | p=0.978], [9859 | p=0.992]
  -> Saved frame 1259 (prob=0.997) -> M013R_frame_1259_p0.997.png
  -> Saved frame 6852 (prob=0.978) -> M013R_frame_6852_p0.978.png
  -> Saved frame 9859 (prob=0.992) -> M013R_frame_9859_p0.992.png

[GPU 2] Processing: M015R.MOV (3068 frames) -- mode: threshold
  Selected 4 frame(s): [378 | p=0.934], [1394 | p=0.812], [2163 | p=0.994], [2982 | p=0.998]
  -> Saved frame 378 (prob=0.934) -> M015R_frame_378_p0.934.png
  -> Saved frame 1394 (prob=0.812) -> M015R_frame_1394_p0.812.png
  -> Saved frame 2163 (prob=0.994) -> M015R_frame_2163_p0.994.png
  -> Saved frame 2982 (prob=0.998) -> M015R_frame_2982_p0.998.png

[GPU 2] Processing: M017L.MOV (2646 frames) -- mode: threshold
  Selected 3 frame(s): [573 | p=0.995], [1428 | p=0.989], [2105 | p=0.997]
  -> Saved frame 573 (prob=0.995) -> M017L_frame_573_p0.995.png
  -> Saved frame 1428 (prob=0.989) -> M017L_frame_1428_p0.989.png
  -> Saved frame 2105 (prob=0.997) -> M017L_frame_2105_p0.997.png

[GPU 2] Processing: M018R.MOV (2301 frames) -- mode: threshold
  Selected 3 frame(s): [575 | p=0.993], [1203 | p=0.972], [1803 | p=0.988]
  -> Saved frame 575 (prob=0.993) -> M018R_frame_575_p0.993.png
  -> Saved frame 1203 (prob=0.972) -> M018R_frame_1203_p0.972.png
  -> Saved frame 1803 (prob=0.988) -> M018R_frame_1803_p0.988.png

[GPU 2] Processing: M020L.MOV (1447 frames) -- mode: threshold
  Selected 3 frame(s): [257 | p=0.998], [753 | p=0.985], [1310 | p=0.997]
  -> Saved frame 257 (prob=0.998) -> M020L_frame_257_p0.998.png
  -> Saved frame 753 (prob=0.985) -> M020L_frame_753_p0.985.png
  -> Saved frame 1310 (prob=0.997) -> M020L_frame_1310_p0.997.png

[GPU 2] Processing: M021R.MOV (2067 frames) -- mode: threshold
  Selected 4 frame(s): [286 | p=0.987], [878 | p=0.989], [1483 | p=0.952], [2005 | p=0.989]
  -> Saved frame 286 (prob=0.987) -> M021R_frame_286_p0.987.png
  -> Saved frame 878 (prob=0.989) -> M021R_frame_878_p0.989.png
  -> Saved frame 1483 (prob=0.952) -> M021R_frame_1483_p0.952.png
  -> Saved frame 2005 (prob=0.989) -> M021R_frame_2005_p0.989.png

[GPU 2] Processing: M023L.MOV (5892 frames) -- mode: threshold
  Selected 4 frame(s): [822 | p=1.000], [2620 | p=0.999], [4188 | p=1.000], [5849 | p=0.855]
  -> Saved frame 822 (prob=1.000) -> M023L_frame_822_p1.000.png
  -> Saved frame 2620 (prob=0.999) -> M023L_frame_2620_p0.999.png
  -> Saved frame 4188 (prob=1.000) -> M023L_frame_4188_p1.000.png
  -> Saved frame 5849 (prob=0.855) -> M023L_frame_5849_p0.855.png

[GPU 2] Processing: N001R.MOV (2914 frames) -- mode: threshold
  Selected 3 frame(s): [390 | p=1.000], [1300 | p=0.991], [2501 | p=0.999]
  -> Saved frame 390 (prob=1.000) -> N001R_frame_390_p1.000.png
  -> Saved frame 1300 (prob=0.991) -> N001R_frame_1300_p0.991.png
  -> Saved frame 2501 (prob=0.999) -> N001R_frame_2501_p0.999.png

[GPU 2] Processing: N003L.MOV (4548 frames) -- mode: threshold
  Selected 3 frame(s): [456 | p=0.999], [1616 | p=0.998], [4010 | p=0.996]
  -> Saved frame 456 (prob=0.999) -> N003L_frame_456_p0.999.png
  -> Saved frame 1616 (prob=0.998) -> N003L_frame_1616_p0.998.png
  -> Saved frame 4010 (prob=0.996) -> N003L_frame_4010_p0.996.png

[GPU 2] Processing: N004R.MOV (2358 frames) -- mode: threshold
  Selected 3 frame(s): [449 | p=0.999], [1396 | p=0.996], [2313 | p=0.998]
  -> Saved frame 449 (prob=0.999) -> N004R_frame_449_p0.999.png
  -> Saved frame 1396 (prob=0.996) -> N004R_frame_1396_p0.996.png
  -> Saved frame 2313 (prob=0.998) -> N004R_frame_2313_p0.998.png

[GPU 2] Processing: N006L.MOV (2301 frames) -- mode: threshold
  Selected 3 frame(s): [405 | p=0.994], [1505 | p=0.996], [2275 | p=0.974]
  -> Saved frame 405 (prob=0.994) -> N006L_frame_405_p0.994.png
  -> Saved frame 1505 (prob=0.996) -> N006L_frame_1505_p0.996.png
  -> Saved frame 2275 (prob=0.974) -> N006L_frame_2275_p0.974.png

[GPU 2] Processing: N007R.MOV (1485 frames) -- mode: threshold
  Selected 3 frame(s): [237 | p=0.997], [962 | p=0.995], [1441 | p=0.999]
  -> Saved frame 237 (prob=0.997) -> N007R_frame_237_p0.997.png
  -> Saved frame 962 (prob=0.995) -> N007R_frame_962_p0.995.png
  -> Saved frame 1441 (prob=0.999) -> N007R_frame_1441_p0.999.png

[GPU 2] Processing: N009L.MOV (3834 frames) -- mode: threshold
  Selected 4 frame(s): [257 | p=1.000], [1338 | p=0.968], [2336 | p=0.997], [3626 | p=0.999]
  -> Saved frame 257 (prob=1.000) -> N009L_frame_257_p1.000.png
  -> Saved frame 1338 (prob=0.968) -> N009L_frame_1338_p0.968.png
  -> Saved frame 2336 (prob=0.997) -> N009L_frame_2336_p0.997.png
  -> Saved frame 3626 (prob=0.999) -> N009L_frame_3626_p0.999.png

[GPU 2] Processing: N010R.MOV (2980 frames) -- mode: threshold
  Selected 3 frame(s): [366 | p=0.997], [1666 | p=0.984], [2935 | p=0.992]
  -> Saved frame 366 (prob=0.997) -> N010R_frame_366_p0.997.png
  -> Saved frame 1666 (prob=0.984) -> N010R_frame_1666_p0.984.png
  -> Saved frame 2935 (prob=0.992) -> N010R_frame_2935_p0.992.png

[GPU 2] Processing: N012L.MOV (2095 frames) -- mode: threshold
  Selected 3 frame(s): [799 | p=0.996], [1422 | p=0.992], [2006 | p=0.995]
  -> Saved frame 799 (prob=0.996) -> N012L_frame_799_p0.996.png
  -> Saved frame 1422 (prob=0.992) -> N012L_frame_1422_p0.992.png
  -> Saved frame 2006 (prob=0.995) -> N012L_frame_2006_p0.995.png

[GPU 2] Processing: N013R.MOV (3471 frames) -- mode: threshold
  Selected 3 frame(s): [431 | p=0.994], [1322 | p=0.939], [2527 | p=0.996]
  -> Saved frame 431 (prob=0.994) -> N013R_frame_431_p0.994.png
  -> Saved frame 1322 (prob=0.939) -> N013R_frame_1322_p0.939.png
  -> Saved frame 2527 (prob=0.996) -> N013R_frame_2527_p0.996.png

[GPU 2] Processing: N015L.MOV (1291 frames) -- mode: threshold
  Selected 3 frame(s): [220 | p=0.998], [663 | p=0.968], [1032 | p=0.995]
  -> Saved frame 220 (prob=0.998) -> N015L_frame_220_p0.998.png
  -> Saved frame 663 (prob=0.968) -> N015L_frame_663_p0.968.png
  -> Saved frame 1032 (prob=0.995) -> N015L_frame_1032_p0.995.png

[GPU 2] Processing: N016R.MOV (3174 frames) -- mode: threshold
  Selected 4 frame(s): [155 | p=0.999], [1060 | p=0.999], [1867 | p=0.996], [3140 | p=0.999]
  -> Saved frame 155 (prob=0.999) -> N016R_frame_155_p0.999.png
  -> Saved frame 1060 (prob=0.999) -> N016R_frame_1060_p0.999.png
  -> Saved frame 1867 (prob=0.996) -> N016R_frame_1867_p0.996.png
  -> Saved frame 3140 (prob=0.999) -> N016R_frame_3140_p0.999.png

[GPU 2] Processing: N019L.MOV (2500 frames) -- mode: threshold
  Selected 3 frame(s): [204 | p=0.997], [1155 | p=0.994], [2211 | p=0.997]
  -> Saved frame 204 (prob=0.997) -> N019L_frame_204_p0.997.png
  -> Saved frame 1155 (prob=0.994) -> N019L_frame_1155_p0.994.png
  -> Saved frame 2211 (prob=0.997) -> N019L_frame_2211_p0.997.png

[GPU 2] Processing: N020R.MOV (1823 frames) -- mode: threshold
  Selected 3 frame(s): [353 | p=0.997], [988 | p=0.989], [1609 | p=0.998]
  -> Saved frame 353 (prob=0.997) -> N020R_frame_353_p0.997.png
  -> Saved frame 988 (prob=0.989) -> N020R_frame_988_p0.989.png
  -> Saved frame 1609 (prob=0.998) -> N020R_frame_1609_p0.998.png

[GPU 2] Processing: P002L.MOV (3547 frames) -- mode: threshold
  Selected 3 frame(s): [957 | p=1.000], [1864 | p=0.997], [2786 | p=1.000]
  -> Saved frame 957 (prob=1.000) -> P002L_frame_957_p1.000.png
  -> Saved frame 1864 (prob=0.997) -> P002L_frame_1864_p0.997.png
  -> Saved frame 2786 (prob=1.000) -> P002L_frame_2786_p1.000.png

[GPU 2] Processing: P003R.MOV (3052 frames) -- mode: threshold
  Selected 3 frame(s): [242 | p=1.000], [1258 | p=1.000], [2469 | p=1.000]
  -> Saved frame 242 (prob=1.000) -> P003R_frame_242_p1.000.png
  -> Saved frame 1258 (prob=1.000) -> P003R_frame_1258_p1.000.png
  -> Saved frame 2469 (prob=1.000) -> P003R_frame_2469_p1.000.png

[GPU 2] Processing: P006L.MOV (2779 frames) -- mode: threshold
  Selected 4 frame(s): [376 | p=0.999], [1085 | p=0.963], [1787 | p=0.999], [2719 | p=0.995]
  -> Saved frame 376 (prob=0.999) -> P006L_frame_376_p0.999.png
  -> Saved frame 1085 (prob=0.963) -> P006L_frame_1085_p0.963.png
  -> Saved frame 1787 (prob=0.999) -> P006L_frame_1787_p0.999.png
  -> Saved frame 2719 (prob=0.995) -> P006L_frame_2719_p0.995.png

[GPU 2] Processing: P007R.MOV (10305 frames) -- mode: threshold
  Selected 3 frame(s): [48 | p=0.998], [3822 | p=0.999], [8313 | p=1.000]
  -> Saved frame 48 (prob=0.998) -> P007R_frame_48_p0.998.png
  -> Saved frame 3822 (prob=0.999) -> P007R_frame_3822_p0.999.png
  -> Saved frame 8313 (prob=1.000) -> P007R_frame_8313_p1.000.png

[GPU 2] Processing: P009L.MOV (2686 frames) -- mode: threshold
  Selected 3 frame(s): [377 | p=0.995], [1449 | p=0.996], [2533 | p=0.998]
  -> Saved frame 377 (prob=0.995) -> P009L_frame_377_p0.995.png
  -> Saved frame 1449 (prob=0.996) -> P009L_frame_1449_p0.996.png
  -> Saved frame 2533 (prob=0.998) -> P009L_frame_2533_p0.998.png

[GPU 2] Processing: P010R.MOV (2680 frames) -- mode: threshold
  Selected 4 frame(s): [180 | p=0.988], [989 | p=0.995], [1746 | p=0.987], [2493 | p=0.998]
  -> Saved frame 180 (prob=0.988) -> P010R_frame_180_p0.988.png
  -> Saved frame 989 (prob=0.995) -> P010R_frame_989_p0.995.png
  -> Saved frame 1746 (prob=0.987) -> P010R_frame_1746_p0.987.png
  -> Saved frame 2493 (prob=0.998) -> P010R_frame_2493_p0.998.png

[GPU 2] Processing: P012L.MOV (1417 frames) -- mode: threshold
  Selected 3 frame(s): [272 | p=0.998], [652 | p=0.973], [1185 | p=0.998]
  -> Saved frame 272 (prob=0.998) -> P012L_frame_272_p0.998.png
  -> Saved frame 652 (prob=0.973) -> P012L_frame_652_p0.973.png
  -> Saved frame 1185 (prob=0.998) -> P012L_frame_1185_p0.998.png

[GPU 2] Processing: P013R.MOV (2035 frames) -- mode: threshold
  Selected 3 frame(s): [344 | p=0.998], [1121 | p=0.998], [1759 | p=0.997]
  -> Saved frame 344 (prob=0.998) -> P013R_frame_344_p0.998.png
  -> Saved frame 1121 (prob=0.998) -> P013R_frame_1121_p0.998.png
  -> Saved frame 1759 (prob=0.997) -> P013R_frame_1759_p0.997.png

[GPU 2] Processing: P015L.MOV (2283 frames) -- mode: threshold
  Selected 3 frame(s): [144 | p=0.996], [1568 | p=0.997], [2203 | p=0.996]
  -> Saved frame 144 (prob=0.996) -> P015L_frame_144_p0.996.png
  -> Saved frame 1568 (prob=0.997) -> P015L_frame_1568_p0.997.png
  -> Saved frame 2203 (prob=0.996) -> P015L_frame_2203_p0.996.png

[GPU 2] Processing: P017L.MOV (3088 frames) -- mode: threshold
  Selected 2 frame(s): [999 | p=0.999], [2349 | p=0.998]
  -> Saved frame 999 (prob=0.999) -> P017L_frame_999_p0.999.png
  -> Saved frame 2349 (prob=0.998) -> P017L_frame_2349_p0.998.png

[GPU 2] Processing: P018R.MOV (1376 frames) -- mode: threshold
  Selected 3 frame(s): [448 | p=0.999], [841 | p=1.000], [1342 | p=1.000]
  -> Saved frame 448 (prob=0.999) -> P018R_frame_448_p0.999.png
  -> Saved frame 841 (prob=1.000) -> P018R_frame_841_p1.000.png
  -> Saved frame 1342 (prob=1.000) -> P018R_frame_1342_p1.000.png

[GPU 2] Processing: P020L.MOV (2505 frames) -- mode: threshold
  Selected 4 frame(s): [299 | p=0.999], [1011 | p=0.999], [1639 | p=0.987], [2285 | p=0.998]
  -> Saved frame 299 (prob=0.999) -> P020L_frame_299_p0.999.png
  -> Saved frame 1011 (prob=0.999) -> P020L_frame_1011_p0.999.png
  -> Saved frame 1639 (prob=0.987) -> P020L_frame_1639_p0.987.png
  -> Saved frame 2285 (prob=0.998) -> P020L_frame_2285_p0.998.png

[GPU 2] Processing: P021R.MOV (1351 frames) -- mode: threshold
  Selected 3 frame(s): [484 | p=0.998], [869 | p=0.979], [1318 | p=0.997]
  -> Saved frame 484 (prob=0.998) -> P021R_frame_484_p0.998.png
  -> Saved frame 869 (prob=0.979) -> P021R_frame_869_p0.979.png
  -> Saved frame 1318 (prob=0.997) -> P021R_frame_1318_p0.997.png

[GPU 2] Processing: P023L.MOV (3429 frames) -- mode: threshold
  Selected 3 frame(s): [857 | p=0.997], [2151 | p=0.981], [3076 | p=0.999]
  -> Saved frame 857 (prob=0.997) -> P023L_frame_857_p0.997.png
  -> Saved frame 2151 (prob=0.981) -> P023L_frame_2151_p0.981.png
  -> Saved frame 3076 (prob=0.999) -> P023L_frame_3076_p0.999.png

[GPU 2] Processing: P025R.MOV (2026 frames) -- mode: threshold
  Selected 3 frame(s): [518 | p=0.998], [1379 | p=0.968], [1947 | p=0.998]
  -> Saved frame 518 (prob=0.998) -> P025R_frame_518_p0.998.png
  -> Saved frame 1379 (prob=0.968) -> P025R_frame_1379_p0.968.png
  -> Saved frame 1947 (prob=0.998) -> P025R_frame_1947_p0.998.png

[GPU 2] Processing: P028L.MOV (3470 frames) -- mode: threshold
  Selected 3 frame(s): [642 | p=0.999], [1925 | p=0.998], [3318 | p=0.999]
  -> Saved frame 642 (prob=0.999) -> P028L_frame_642_p0.999.png
  -> Saved frame 1925 (prob=0.998) -> P028L_frame_1925_p0.998.png
  -> Saved frame 3318 (prob=0.999) -> P028L_frame_3318_p0.999.png

[GPU 2] Processing: P030L.MOV (4227 frames) -- mode: threshold
  Selected 3 frame(s): [910 | p=1.000], [2813 | p=0.998], [4138 | p=0.999]
  -> Saved frame 910 (prob=1.000) -> P030L_frame_910_p1.000.png
  -> Saved frame 2813 (prob=0.998) -> P030L_frame_2813_p0.998.png
  -> Saved frame 4138 (prob=0.999) -> P030L_frame_4138_p0.999.png

[GPU 2] Processing: P032R.MOV (2324 frames) -- mode: threshold
  Selected 3 frame(s): [266 | p=0.995], [903 | p=0.991], [1768 | p=0.995]
  -> Saved frame 266 (prob=0.995) -> P032R_frame_266_p0.995.png
  -> Saved frame 903 (prob=0.991) -> P032R_frame_903_p0.991.png
  -> Saved frame 1768 (prob=0.995) -> P032R_frame_1768_p0.995.png

[GPU 2] Processing: P034L.MOV (1651 frames) -- mode: threshold
  Selected 3 frame(s): [198 | p=0.998], [935 | p=0.998], [1533 | p=0.998]
  -> Saved frame 198 (prob=0.998) -> P034L_frame_198_p0.998.png
  -> Saved frame 935 (prob=0.998) -> P034L_frame_935_p0.998.png
  -> Saved frame 1533 (prob=0.998) -> P034L_frame_1533_p0.998.png

[GPU 2] Processing: P035R.MOV (3642 frames) -- mode: threshold
  Selected 3 frame(s): [364 | p=1.000], [1621 | p=0.995], [2810 | p=0.999]
  -> Saved frame 364 (prob=1.000) -> P035R_frame_364_p1.000.png
  -> Saved frame 1621 (prob=0.995) -> P035R_frame_1621_p0.995.png
  -> Saved frame 2810 (prob=0.999) -> P035R_frame_2810_p0.999.png

[GPU 2] Processing: P040L.MOV (2617 frames) -- mode: threshold
  Selected 4 frame(s): [280 | p=0.999], [982 | p=0.995], [1743 | p=0.998], [2555 | p=0.999]
  -> Saved frame 280 (prob=0.999) -> P040L_frame_280_p0.999.png
  -> Saved frame 982 (prob=0.995) -> P040L_frame_982_p0.995.png
  -> Saved frame 1743 (prob=0.998) -> P040L_frame_1743_p0.998.png
  -> Saved frame 2555 (prob=0.999) -> P040L_frame_2555_p0.999.png

[GPU 2] Processing: P041R.MOV (2276 frames) -- mode: threshold
  Selected 3 frame(s): [449 | p=0.994], [1558 | p=0.997], [2212 | p=0.995]
  -> Saved frame 449 (prob=0.994) -> P041R_frame_449_p0.994.png
  -> Saved frame 1558 (prob=0.997) -> P041R_frame_1558_p0.997.png
  -> Saved frame 2212 (prob=0.995) -> P041R_frame_2212_p0.995.png

[GPU 2] Processing: P045L.MOV (2557 frames) -- mode: threshold
  Selected 3 frame(s): [400 | p=0.998], [1234 | p=0.994], [2351 | p=0.998]
  -> Saved frame 400 (prob=0.998) -> P045L_frame_400_p0.998.png
  -> Saved frame 1234 (prob=0.994) -> P045L_frame_1234_p0.994.png
  -> Saved frame 2351 (prob=0.998) -> P045L_frame_2351_p0.998.png

[GPU 2] Processing: P048R.MOV (3589 frames) -- mode: threshold
  Selected 4 frame(s): [298 | p=0.902], [1211 | p=1.000], [2218 | p=0.988], [3268 | p=0.999]
  -> Saved frame 298 (prob=0.902) -> P048R_frame_298_p0.902.png
  -> Saved frame 1211 (prob=1.000) -> P048R_frame_1211_p1.000.png
  -> Saved frame 2218 (prob=0.988) -> P048R_frame_2218_p0.988.png
  -> Saved frame 3268 (prob=0.999) -> P048R_frame_3268_p0.999.png

[GPU 2] Processing: Q001R.MOV (4334 frames) -- mode: threshold
  Selected 4 frame(s): [853 | p=0.998], [1949 | p=0.991], [3043 | p=0.820], [4184 | p=0.991]
  -> Saved frame 853 (prob=0.998) -> Q001R_frame_853_p0.998.png
  -> Saved frame 1949 (prob=0.991) -> Q001R_frame_1949_p0.991.png
  -> Saved frame 3043 (prob=0.820) -> Q001R_frame_3043_p0.820.png
  -> Saved frame 4184 (prob=0.991) -> Q001R_frame_4184_p0.991.png

[GPU 2] Processing: 2024_02_11_12_26_IMG_4608 LE MILD NPDR.mp4 (1201 frames) -- mode: threshold
  Selected 2 frame(s): [289 | p=0.928], [841 | p=0.899]
  -> Saved frame 289 (prob=0.928) -> 2024_02_11_12_26_IMG_4608 LE MILD NPDR_frame_289_p0.928.png
  -> Saved frame 841 (prob=0.899) -> 2024_02_11_12_26_IMG_4608 LE MILD NPDR_frame_841_p0.899.png

[GPU 2] Processing: 2024_02_12_14_56_IMG_4623 RE SEV NPDR.mp4 (2456 frames) -- mode: threshold
  Selected 2 frame(s): [453 | p=0.987], [1481 | p=0.976]
  -> Saved frame 453 (prob=0.987) -> 2024_02_12_14_56_IMG_4623 RE SEV NPDR_frame_453_p0.987.png
  -> Saved frame 1481 (prob=0.976) -> 2024_02_12_14_56_IMG_4623 RE SEV NPDR_frame_1481_p0.976.png

[GPU 2] Processing: 2024_02_14_14_44_IMG_4650 LE SEV NPDR.mp4 (5378 frames) -- mode: threshold
  Selected 3 frame(s): [1315 | p=0.991], [3478 | p=0.851], [5237 | p=0.984]
[2026-07-23T16:11:28.007] error: *** JOB 223363 ON node-04 CANCELLED AT 2026-07-23T16:11:28 DUE TO TIME LIMIT ***
