Searching for videos in: ['/home/s6jovand/job/new/data/dr_videos', '/home/s6jovand/job/new/data/Paxos_2020_videos']
GPU 0/2: assigned 253 video(s).

[GPU 0] Processing: B005L.MOV (7233 frames) -- mode: threshold
  Selected 2 frame(s): [2121 | p=0.997], [5797 | p=0.998]
  -> Saved frame 2121 (prob=0.997) -> B005L_frame_2121_p0.997.png
  -> Saved frame 5797 (prob=0.998) -> B005L_frame_5797_p0.998.png

[GPU 0] Processing: C004L.MOV (3439 frames) -- mode: threshold
  Selected 1 frame(s): [656 | p=0.858]
  -> Saved frame 656 (prob=0.858) -> C004L_frame_656_p0.858.png

[GPU 0] Processing: C005R.MOV (3281 frames) -- mode: threshold
  Selected 4 frame(s): [163 | p=0.993], [1077 | p=0.999], [2351 | p=0.968], [3183 | p=0.839]
  -> Saved frame 163 (prob=0.993) -> C005R_frame_163_p0.993.png
  -> Saved frame 1077 (prob=0.999) -> C005R_frame_1077_p0.999.png
  -> Saved frame 2351 (prob=0.968) -> C005R_frame_2351_p0.968.png
  -> Saved frame 3183 (prob=0.839) -> C005R_frame_3183_p0.839.png

[GPU 0] Processing: C007R.MOV (4820 frames) -- mode: fallback (max-confidence only)
  Selected 1 frame(s): [651 | p=0.576]
  -> Saved frame 651 (prob=0.576) -> C007R_frame_651_p0.576.png

[GPU 0] Processing: C009L.MOV (4839 frames) -- mode: threshold
  Selected 2 frame(s): [794 | p=0.983], [2450 | p=0.811]
  -> Saved frame 794 (prob=0.983) -> C009L_frame_794_p0.983.png
  -> Saved frame 2450 (prob=0.811) -> C009L_frame_2450_p0.811.png

[GPU 0] Processing: C012R.MOV (5413 frames) -- mode: threshold
  Selected 3 frame(s): [155 | p=0.995], [3041 | p=0.976], [5370 | p=0.983]
  -> Saved frame 155 (prob=0.995) -> C012R_frame_155_p0.995.png
  -> Saved frame 3041 (prob=0.976) -> C012R_frame_3041_p0.976.png
  -> Saved frame 5370 (prob=0.983) -> C012R_frame_5370_p0.983.png

[GPU 0] Processing: C020R.MOV (3956 frames) -- mode: threshold
  Selected 2 frame(s): [1065 | p=0.994], [3707 | p=0.968]
  -> Saved frame 1065 (prob=0.994) -> C020R_frame_1065_p0.994.png
  -> Saved frame 3707 (prob=0.968) -> C020R_frame_3707_p0.968.png

[GPU 0] Processing: D001L.MOV (2420 frames) -- mode: threshold
  Selected 2 frame(s): [292 | p=0.994], [1616 | p=0.890]
  -> Saved frame 292 (prob=0.994) -> D001L_frame_292_p0.994.png
  -> Saved frame 1616 (prob=0.890) -> D001L_frame_1616_p0.890.png

[GPU 0] Processing: D002R.MOV (1873 frames) -- mode: threshold
  Selected 3 frame(s): [227 | p=0.999], [1161 | p=0.998], [1634 | p=0.809]
  -> Saved frame 227 (prob=0.999) -> D002R_frame_227_p0.999.png
  -> Saved frame 1161 (prob=0.998) -> D002R_frame_1161_p0.998.png
  -> Saved frame 1634 (prob=0.809) -> D002R_frame_1634_p0.809.png

[GPU 0] Processing: D005R.MOV (1415 frames) -- mode: threshold
  Selected 3 frame(s): [203 | p=0.999], [689 | p=0.864], [1045 | p=0.997]
  -> Saved frame 203 (prob=0.999) -> D005R_frame_203_p0.999.png
  -> Saved frame 689 (prob=0.864) -> D005R_frame_689_p0.864.png
  -> Saved frame 1045 (prob=0.997) -> D005R_frame_1045_p0.997.png

[GPU 0] Processing: D008L.MOV (1658 frames) -- mode: threshold
  Selected 3 frame(s): [416 | p=0.998], [858 | p=0.917], [1461 | p=0.999]
  -> Saved frame 416 (prob=0.998) -> D008L_frame_416_p0.998.png
  -> Saved frame 858 (prob=0.917) -> D008L_frame_858_p0.917.png
  -> Saved frame 1461 (prob=0.999) -> D008L_frame_1461_p0.999.png

[GPU 0] Processing: D009R.MOV (3406 frames) -- mode: threshold
  Selected 3 frame(s): [698 | p=0.999], [1583 | p=0.993], [2678 | p=0.936]
  -> Saved frame 698 (prob=0.999) -> D009R_frame_698_p0.999.png
  -> Saved frame 1583 (prob=0.993) -> D009R_frame_1583_p0.993.png
  -> Saved frame 2678 (prob=0.936) -> D009R_frame_2678_p0.936.png

[GPU 0] Processing: D011R.MOV (2216 frames) -- mode: threshold
  Selected 3 frame(s): [583 | p=0.991], [1446 | p=0.989], [2148 | p=0.996]
  -> Saved frame 583 (prob=0.991) -> D011R_frame_583_p0.991.png
  -> Saved frame 1446 (prob=0.989) -> D011R_frame_1446_p0.989.png
  -> Saved frame 2148 (prob=0.996) -> D011R_frame_2148_p0.996.png

[GPU 0] Processing: D013L.MOV (2118 frames) -- mode: threshold
  Selected 2 frame(s): [659 | p=1.000], [1285 | p=0.974]
  -> Saved frame 659 (prob=1.000) -> D013L_frame_659_p1.000.png
  -> Saved frame 1285 (prob=0.974) -> D013L_frame_1285_p0.974.png

[GPU 0] Processing: D014R.MOV (1958 frames) -- mode: threshold
  Selected 2 frame(s): [212 | p=0.845], [874 | p=0.987]
  -> Saved frame 212 (prob=0.845) -> D014R_frame_212_p0.845.png
  -> Saved frame 874 (prob=0.987) -> D014R_frame_874_p0.987.png

[GPU 0] Processing: D016L.MOV (1768 frames) -- mode: threshold
  Selected 2 frame(s): [190 | p=0.976], [1452 | p=0.977]
  -> Saved frame 190 (prob=0.976) -> D016L_frame_190_p0.976.png
  -> Saved frame 1452 (prob=0.977) -> D016L_frame_1452_p0.977.png

[GPU 0] Processing: D018L.MOV (1983 frames) -- mode: threshold
  Selected 3 frame(s): [373 | p=0.993], [1377 | p=0.997], [1917 | p=0.994]
  -> Saved frame 373 (prob=0.993) -> D018L_frame_373_p0.993.png
  -> Saved frame 1377 (prob=0.997) -> D018L_frame_1377_p0.997.png
  -> Saved frame 1917 (prob=0.994) -> D018L_frame_1917_p0.994.png

[GPU 0] Processing: D019R.MOV (4445 frames) -- mode: threshold
  Selected 4 frame(s): [416 | p=1.000], [1547 | p=0.997], [3035 | p=0.999], [4386 | p=0.989]
  -> Saved frame 416 (prob=1.000) -> D019R_frame_416_p1.000.png
  -> Saved frame 1547 (prob=0.997) -> D019R_frame_1547_p0.997.png
  -> Saved frame 3035 (prob=0.999) -> D019R_frame_3035_p0.999.png
  -> Saved frame 4386 (prob=0.989) -> D019R_frame_4386_p0.989.png

[GPU 0] Processing: D021L.MOV (2464 frames) -- mode: threshold
  Selected 4 frame(s): [158 | p=0.999], [860 | p=0.999], [1785 | p=0.956], [2406 | p=0.994]
  -> Saved frame 158 (prob=0.999) -> D021L_frame_158_p0.999.png
  -> Saved frame 860 (prob=0.999) -> D021L_frame_860_p0.999.png
  -> Saved frame 1785 (prob=0.956) -> D021L_frame_1785_p0.956.png
  -> Saved frame 2406 (prob=0.994) -> D021L_frame_2406_p0.994.png

[GPU 0] Processing: E002L.MOV (5111 frames) -- mode: threshold
  Selected 3 frame(s): [531 | p=0.999], [2318 | p=0.985], [4110 | p=0.979]
  -> Saved frame 531 (prob=0.999) -> E002L_frame_531_p0.999.png
  -> Saved frame 2318 (prob=0.985) -> E002L_frame_2318_p0.985.png
  -> Saved frame 4110 (prob=0.979) -> E002L_frame_4110_p0.979.png

[GPU 0] Processing: E004L.MOV (1728 frames) -- mode: threshold
  Selected 3 frame(s): [292 | p=0.989], [1000 | p=0.975], [1435 | p=0.980]
  -> Saved frame 292 (prob=0.989) -> E004L_frame_292_p0.989.png
  -> Saved frame 1000 (prob=0.975) -> E004L_frame_1000_p0.975.png
  -> Saved frame 1435 (prob=0.980) -> E004L_frame_1435_p0.980.png

[GPU 0] Processing: E006L.MOV (3424 frames) -- mode: threshold
  Selected 3 frame(s): [150 | p=0.998], [1720 | p=0.945], [3077 | p=0.999]
  -> Saved frame 150 (prob=0.998) -> E006L_frame_150_p0.998.png
  -> Saved frame 1720 (prob=0.945) -> E006L_frame_1720_p0.945.png
  -> Saved frame 3077 (prob=0.999) -> E006L_frame_3077_p0.999.png

[GPU 0] Processing: F009R.MOV (2298 frames) -- mode: threshold
  Selected 3 frame(s): [643 | p=0.987], [1266 | p=0.992], [1888 | p=0.981]
  -> Saved frame 643 (prob=0.987) -> F009R_frame_643_p0.987.png
  -> Saved frame 1266 (prob=0.992) -> F009R_frame_1266_p0.992.png
  -> Saved frame 1888 (prob=0.981) -> F009R_frame_1888_p0.981.png

[GPU 0] Processing: F014L.MOV (2565 frames) -- mode: threshold
  Selected 3 frame(s): [460 | p=0.998], [1261 | p=0.993], [2275 | p=0.999]
  -> Saved frame 460 (prob=0.998) -> F014L_frame_460_p0.998.png
  -> Saved frame 1261 (prob=0.993) -> F014L_frame_1261_p0.993.png
  -> Saved frame 2275 (prob=0.999) -> F014L_frame_2275_p0.999.png

[GPU 0] Processing: G001L.MOV (3686 frames) -- mode: threshold
  Selected 3 frame(s): [169 | p=1.000], [1804 | p=0.997], [3433 | p=0.996]
  -> Saved frame 169 (prob=1.000) -> G001L_frame_169_p1.000.png
  -> Saved frame 1804 (prob=0.997) -> G001L_frame_1804_p0.997.png
  -> Saved frame 3433 (prob=0.996) -> G001L_frame_3433_p0.996.png

[GPU 0] Processing: G002R.MOV (2189 frames) -- mode: threshold
  Selected 2 frame(s): [734 | p=0.980], [2099 | p=0.958]
  -> Saved frame 734 (prob=0.980) -> G002R_frame_734_p0.980.png
  -> Saved frame 2099 (prob=0.958) -> G002R_frame_2099_p0.958.png

[GPU 0] Processing: G004R.MOV (3449 frames) -- mode: threshold
  Selected 4 frame(s): [321 | p=0.999], [1215 | p=0.981], [2196 | p=0.892], [3084 | p=0.999]
  -> Saved frame 321 (prob=0.999) -> G004R_frame_321_p0.999.png
  -> Saved frame 1215 (prob=0.981) -> G004R_frame_1215_p0.981.png
  -> Saved frame 2196 (prob=0.892) -> G004R_frame_2196_p0.892.png
  -> Saved frame 3084 (prob=0.999) -> G004R_frame_3084_p0.999.png

[GPU 0] Processing: G007L.MOV (3055 frames) -- mode: threshold
  Selected 3 frame(s): [522 | p=1.000], [1784 | p=0.997], [2703 | p=0.999]
  -> Saved frame 522 (prob=1.000) -> G007L_frame_522_p1.000.png
  -> Saved frame 1784 (prob=0.997) -> G007L_frame_1784_p0.997.png
  -> Saved frame 2703 (prob=0.999) -> G007L_frame_2703_p0.999.png

[GPU 0] Processing: G009L.MOV (2093 frames) -- mode: threshold
  Selected 3 frame(s): [382 | p=0.998], [1183 | p=0.988], [1845 | p=0.998]
  -> Saved frame 382 (prob=0.998) -> G009L_frame_382_p0.998.png
  -> Saved frame 1183 (prob=0.988) -> G009L_frame_1183_p0.988.png
  -> Saved frame 1845 (prob=0.998) -> G009L_frame_1845_p0.998.png

[GPU 0] Processing: H001L.MOV (2330 frames) -- mode: threshold
  Selected 3 frame(s): [402 | p=0.998], [1166 | p=0.993], [2123 | p=0.998]
  -> Saved frame 402 (prob=0.998) -> H001L_frame_402_p0.998.png
  -> Saved frame 1166 (prob=0.993) -> H001L_frame_1166_p0.993.png
  -> Saved frame 2123 (prob=0.998) -> H001L_frame_2123_p0.998.png

[GPU 0] Processing: H002R.MOV (1988 frames) -- mode: threshold
  Selected 3 frame(s): [195 | p=0.999], [1172 | p=0.996], [1688 | p=0.999]
  -> Saved frame 195 (prob=0.999) -> H002R_frame_195_p0.999.png
  -> Saved frame 1172 (prob=0.996) -> H002R_frame_1172_p0.996.png
  -> Saved frame 1688 (prob=0.999) -> H002R_frame_1688_p0.999.png

[GPU 0] Processing: H005L.MOV (2449 frames) -- mode: threshold
  Selected 3 frame(s): [253 | p=0.998], [1178 | p=0.984], [2027 | p=0.992]
  -> Saved frame 253 (prob=0.998) -> H005L_frame_253_p0.998.png
  -> Saved frame 1178 (prob=0.984) -> H005L_frame_1178_p0.984.png
  -> Saved frame 2027 (prob=0.992) -> H005L_frame_2027_p0.992.png

[GPU 0] Processing: H007R.MOV (2365 frames) -- mode: threshold
  Selected 3 frame(s): [425 | p=0.992], [1327 | p=0.983], [2323 | p=0.989]
  -> Saved frame 425 (prob=0.992) -> H007R_frame_425_p0.992.png
  -> Saved frame 1327 (prob=0.983) -> H007R_frame_1327_p0.983.png
  -> Saved frame 2323 (prob=0.989) -> H007R_frame_2323_p0.989.png

[GPU 0] Processing: H009L.MOV (1057 frames) -- mode: threshold
  Selected 3 frame(s): [256 | p=0.999], [691 | p=0.998], [1013 | p=1.000]
  -> Saved frame 256 (prob=0.999) -> H009L_frame_256_p0.999.png
  -> Saved frame 691 (prob=0.998) -> H009L_frame_691_p0.998.png
  -> Saved frame 1013 (prob=1.000) -> H009L_frame_1013_p1.000.png

[GPU 0] Processing: I001R.MOV (3858 frames) -- mode: threshold
  Selected 3 frame(s): [687 | p=0.998], [2087 | p=0.999], [3778 | p=0.997]
  -> Saved frame 687 (prob=0.998) -> I001R_frame_687_p0.998.png
  -> Saved frame 2087 (prob=0.999) -> I001R_frame_2087_p0.999.png
  -> Saved frame 3778 (prob=0.997) -> I001R_frame_3778_p0.997.png

[GPU 0] Processing: I003L.MOV (1792 frames) -- mode: threshold
  Selected 4 frame(s): [255 | p=0.998], [712 | p=0.986], [1204 | p=0.999], [1733 | p=0.998]
  -> Saved frame 255 (prob=0.998) -> I003L_frame_255_p0.998.png
  -> Saved frame 712 (prob=0.986) -> I003L_frame_712_p0.986.png
  -> Saved frame 1204 (prob=0.999) -> I003L_frame_1204_p0.999.png
  -> Saved frame 1733 (prob=0.998) -> I003L_frame_1733_p0.998.png

[GPU 0] Processing: I004R.MOV (3594 frames) -- mode: threshold
  Selected 3 frame(s): [177 | p=0.999], [1478 | p=0.998], [3017 | p=0.998]
  -> Saved frame 177 (prob=0.999) -> I004R_frame_177_p0.999.png
  -> Saved frame 1478 (prob=0.998) -> I004R_frame_1478_p0.998.png
  -> Saved frame 3017 (prob=0.998) -> I004R_frame_3017_p0.998.png

[GPU 0] Processing: I007R.MOV (4350 frames) -- mode: threshold
  Selected 2 frame(s): [121 | p=0.994], [1953 | p=0.977]
  -> Saved frame 121 (prob=0.994) -> I007R_frame_121_p0.994.png
  -> Saved frame 1953 (prob=0.977) -> I007R_frame_1953_p0.977.png

[GPU 0] Processing: I009L.MOV (1978 frames) -- mode: threshold
  Selected 3 frame(s): [248 | p=1.000], [968 | p=0.998], [1668 | p=1.000]
  -> Saved frame 248 (prob=1.000) -> I009L_frame_248_p1.000.png
  -> Saved frame 968 (prob=0.998) -> I009L_frame_968_p0.998.png
  -> Saved frame 1668 (prob=1.000) -> I009L_frame_1668_p1.000.png

[GPU 0] Processing: I011L.MOV (4451 frames) -- mode: threshold
  Selected 3 frame(s): [1343 | p=0.996], [3225 | p=0.880], [4378 | p=0.987]
  -> Saved frame 1343 (prob=0.996) -> I011L_frame_1343_p0.996.png
  -> Saved frame 3225 (prob=0.880) -> I011L_frame_3225_p0.880.png
  -> Saved frame 4378 (prob=0.987) -> I011L_frame_4378_p0.987.png

[GPU 0] Processing: I012R.MOV (1511 frames) -- mode: threshold
  Selected 3 frame(s): [206 | p=1.000], [778 | p=0.996], [1255 | p=0.999]
  -> Saved frame 206 (prob=1.000) -> I012R_frame_206_p1.000.png
  -> Saved frame 778 (prob=0.996) -> I012R_frame_778_p0.996.png
  -> Saved frame 1255 (prob=0.999) -> I012R_frame_1255_p0.999.png

[GPU 0] Processing: I014L.MOV (3333 frames) -- mode: threshold
  Selected 4 frame(s): [327 | p=0.999], [1300 | p=0.849], [2223 | p=0.998], [3265 | p=0.998]
  -> Saved frame 327 (prob=0.999) -> I014L_frame_327_p0.999.png
  -> Saved frame 1300 (prob=0.849) -> I014L_frame_1300_p0.849.png
  -> Saved frame 2223 (prob=0.998) -> I014L_frame_2223_p0.998.png
  -> Saved frame 3265 (prob=0.998) -> I014L_frame_3265_p0.998.png

[GPU 0] Processing: I015R.MOV (2584 frames) -- mode: threshold
  Selected 3 frame(s): [450 | p=0.999], [1731 | p=0.999], [2524 | p=0.947]
  -> Saved frame 450 (prob=0.999) -> I015R_frame_450_p0.999.png
  -> Saved frame 1731 (prob=0.999) -> I015R_frame_1731_p0.999.png
  -> Saved frame 2524 (prob=0.947) -> I015R_frame_2524_p0.947.png

[GPU 0] Processing: I017L.MOV (2942 frames) -- mode: threshold
  Selected 2 frame(s): [381 | p=0.934], [2867 | p=0.995]
  -> Saved frame 381 (prob=0.934) -> I017L_frame_381_p0.934.png
  -> Saved frame 2867 (prob=0.995) -> I017L_frame_2867_p0.995.png

[GPU 0] Processing: I019R.MOV (2524 frames) -- mode: threshold
  Selected 3 frame(s): [183 | p=0.999], [1686 | p=0.996], [2429 | p=0.992]
  -> Saved frame 183 (prob=0.999) -> I019R_frame_183_p0.999.png
  -> Saved frame 1686 (prob=0.996) -> I019R_frame_1686_p0.996.png
  -> Saved frame 2429 (prob=0.992) -> I019R_frame_2429_p0.992.png

[GPU 0] Processing: I023L.MOV (2822 frames) -- mode: threshold
  Selected 3 frame(s): [190 | p=0.995], [1551 | p=0.999], [2768 | p=0.987]
  -> Saved frame 190 (prob=0.995) -> I023L_frame_190_p0.995.png
  -> Saved frame 1551 (prob=0.999) -> I023L_frame_1551_p0.999.png
  -> Saved frame 2768 (prob=0.987) -> I023L_frame_2768_p0.987.png

[GPU 0] Processing: J001R.MOV (4067 frames) -- mode: threshold
  Selected 4 frame(s): [347 | p=0.999], [1838 | p=0.990], [2881 | p=0.834], [3988 | p=0.997]
  -> Saved frame 347 (prob=0.999) -> J001R_frame_347_p0.999.png
  -> Saved frame 1838 (prob=0.990) -> J001R_frame_1838_p0.990.png
  -> Saved frame 2881 (prob=0.834) -> J001R_frame_2881_p0.834.png
  -> Saved frame 3988 (prob=0.997) -> J001R_frame_3988_p0.997.png

[GPU 0] Processing: J003L.MOV (2809 frames) -- mode: threshold
  Selected 3 frame(s): [11 | p=0.997], [1159 | p=0.995], [2605 | p=0.997]
  -> Saved frame 11 (prob=0.997) -> J003L_frame_11_p0.997.png
  -> Saved frame 1159 (prob=0.995) -> J003L_frame_1159_p0.995.png
  -> Saved frame 2605 (prob=0.997) -> J003L_frame_2605_p0.997.png

[GPU 0] Processing: J004R.MOV (3567 frames) -- mode: threshold
  Selected 4 frame(s): [2 | p=0.997], [987 | p=0.999], [1884 | p=0.805], [2967 | p=0.999]
  -> Saved frame 2 (prob=0.997) -> J004R_frame_2_p0.997.png
  -> Saved frame 987 (prob=0.999) -> J004R_frame_987_p0.999.png
  -> Saved frame 1884 (prob=0.805) -> J004R_frame_1884_p0.805.png
  -> Saved frame 2967 (prob=0.999) -> J004R_frame_2967_p0.999.png

[GPU 0] Processing: J006L.MOV (2503 frames) -- mode: threshold
  Selected 4 frame(s): [16 | p=0.999], [748 | p=0.992], [1776 | p=0.996], [2468 | p=0.995]
  -> Saved frame 16 (prob=0.999) -> J006L_frame_16_p0.999.png
  -> Saved frame 748 (prob=0.992) -> J006L_frame_748_p0.992.png
  -> Saved frame 1776 (prob=0.996) -> J006L_frame_1776_p0.996.png
  -> Saved frame 2468 (prob=0.995) -> J006L_frame_2468_p0.995.png

[GPU 0] Processing: K007R.MOV (2361 frames) -- mode: threshold
  Selected 3 frame(s): [183 | p=0.988], [868 | p=0.993], [2342 | p=0.997]
  -> Saved frame 183 (prob=0.988) -> K007R_frame_183_p0.988.png
  -> Saved frame 868 (prob=0.993) -> K007R_frame_868_p0.993.png
  -> Saved frame 2342 (prob=0.997) -> K007R_frame_2342_p0.997.png

[GPU 0] Processing: K009L.MOV (1875 frames) -- mode: threshold
  Selected 4 frame(s): [118 | p=0.998], [753 | p=0.997], [1252 | p=0.997], [1832 | p=0.998]
  -> Saved frame 118 (prob=0.998) -> K009L_frame_118_p0.998.png
  -> Saved frame 753 (prob=0.997) -> K009L_frame_753_p0.997.png
  -> Saved frame 1252 (prob=0.997) -> K009L_frame_1252_p0.997.png
  -> Saved frame 1832 (prob=0.998) -> K009L_frame_1832_p0.998.png

[GPU 0] Processing: K011L.MOV (2119 frames) -- mode: threshold
  Selected 3 frame(s): [33 | p=0.996], [740 | p=0.994], [1823 | p=0.996]
  -> Saved frame 33 (prob=0.996) -> K011L_frame_33_p0.996.png
  -> Saved frame 740 (prob=0.994) -> K011L_frame_740_p0.994.png
  -> Saved frame 1823 (prob=0.996) -> K011L_frame_1823_p0.996.png

[GPU 0] Processing: K012R.MOV (2921 frames) -- mode: threshold
  Selected 3 frame(s): [301 | p=0.998], [1596 | p=0.999], [2866 | p=0.999]
  -> Saved frame 301 (prob=0.998) -> K012R_frame_301_p0.998.png
  -> Saved frame 1596 (prob=0.999) -> K012R_frame_1596_p0.999.png
  -> Saved frame 2866 (prob=0.999) -> K012R_frame_2866_p0.999.png

[GPU 0] Processing: K014L.MOV (5294 frames) -- mode: threshold
  Selected 1 frame(s): [793 | p=0.995]
  -> Saved frame 793 (prob=0.995) -> K014L_frame_793_p0.995.png

[GPU 0] Processing: K016L.MOV (3961 frames) -- mode: threshold
  Selected 3 frame(s): [257 | p=0.993], [1677 | p=0.916], [3026 | p=0.939]
  -> Saved frame 257 (prob=0.993) -> K016L_frame_257_p0.993.png
  -> Saved frame 1677 (prob=0.916) -> K016L_frame_1677_p0.916.png
  -> Saved frame 3026 (prob=0.939) -> K016L_frame_3026_p0.939.png

[GPU 0] Processing: K018L.MOV (1038 frames) -- mode: threshold
  Selected 3 frame(s): [21 | p=0.998], [532 | p=0.997], [986 | p=0.999]
  -> Saved frame 21 (prob=0.998) -> K018L_frame_21_p0.998.png
  -> Saved frame 532 (prob=0.997) -> K018L_frame_532_p0.997.png
  -> Saved frame 986 (prob=0.999) -> K018L_frame_986_p0.999.png

[GPU 0] Processing: K019R.MOV (1748 frames) -- mode: threshold
  Selected 4 frame(s): [2 | p=0.997], [643 | p=0.972], [1256 | p=0.999], [1727 | p=0.995]
  -> Saved frame 2 (prob=0.997) -> K019R_frame_2_p0.997.png
  -> Saved frame 643 (prob=0.972) -> K019R_frame_643_p0.972.png
  -> Saved frame 1256 (prob=0.999) -> K019R_frame_1256_p0.999.png
  -> Saved frame 1727 (prob=0.995) -> K019R_frame_1727_p0.995.png

[GPU 0] Processing: K021L.MOV (1511 frames) -- mode: threshold
  Selected 4 frame(s): [7 | p=0.999], [596 | p=0.982], [993 | p=0.999], [1408 | p=0.996]
  -> Saved frame 7 (prob=0.999) -> K021L_frame_7_p0.999.png
  -> Saved frame 596 (prob=0.982) -> K021L_frame_596_p0.982.png
  -> Saved frame 993 (prob=0.999) -> K021L_frame_993_p0.999.png
  -> Saved frame 1408 (prob=0.996) -> K021L_frame_1408_p0.996.png

[GPU 0] Processing: K022R.MOV (5008 frames) -- mode: threshold
  Selected 3 frame(s): [293 | p=0.998], [2574 | p=0.994], [4478 | p=0.998]
  -> Saved frame 293 (prob=0.998) -> K022R_frame_293_p0.998.png
  -> Saved frame 2574 (prob=0.994) -> K022R_frame_2574_p0.994.png
  -> Saved frame 4478 (prob=0.998) -> K022R_frame_4478_p0.998.png

[GPU 0] Processing: K024L.MOV (1013 frames) -- mode: threshold
  Selected 2 frame(s): [255 | p=0.999], [806 | p=0.997]
  -> Saved frame 255 (prob=0.999) -> K024L_frame_255_p0.999.png
  -> Saved frame 806 (prob=0.997) -> K024L_frame_806_p0.997.png

[GPU 0] Processing: M001R.MOV (13078 frames) -- mode: threshold
  Selected 3 frame(s): [741 | p=0.991], [5349 | p=0.998], [10391 | p=0.999]
  -> Saved frame 741 (prob=0.991) -> M001R_frame_741_p0.991.png
  -> Saved frame 5349 (prob=0.998) -> M001R_frame_5349_p0.998.png
  -> Saved frame 10391 (prob=0.999) -> M001R_frame_10391_p0.999.png

[GPU 0] Processing: M003R.MOV (6815 frames) -- mode: threshold
  Selected 3 frame(s): [669 | p=0.999], [3158 | p=0.998], [6128 | p=0.999]
  -> Saved frame 669 (prob=0.999) -> M003R_frame_669_p0.999.png
  -> Saved frame 3158 (prob=0.998) -> M003R_frame_3158_p0.998.png
  -> Saved frame 6128 (prob=0.999) -> M003R_frame_6128_p0.999.png

[GPU 0] Processing: M005L.MOV (8514 frames) -- mode: threshold
  Selected 4 frame(s): [728 | p=0.998], [3080 | p=0.996], [5723 | p=0.996], [8294 | p=0.959]
  -> Saved frame 728 (prob=0.998) -> M005L_frame_728_p0.998.png
  -> Saved frame 3080 (prob=0.996) -> M005L_frame_3080_p0.996.png
  -> Saved frame 5723 (prob=0.996) -> M005L_frame_5723_p0.996.png
  -> Saved frame 8294 (prob=0.959) -> M005L_frame_8294_p0.959.png

[GPU 0] Processing: M006R.MOV (5203 frames) -- mode: threshold
  Selected 3 frame(s): [591 | p=0.998], [2934 | p=0.996], [4497 | p=0.998]
  -> Saved frame 591 (prob=0.998) -> M006R_frame_591_p0.998.png
  -> Saved frame 2934 (prob=0.996) -> M006R_frame_2934_p0.996.png
  -> Saved frame 4497 (prob=0.998) -> M006R_frame_4497_p0.998.png

[GPU 0] Processing: M008L.MOV (4322 frames) -- mode: threshold
  Selected 2 frame(s): [890 | p=0.987], [3899 | p=0.994]
  -> Saved frame 890 (prob=0.987) -> M008L_frame_890_p0.987.png
  -> Saved frame 3899 (prob=0.994) -> M008L_frame_3899_p0.994.png

[GPU 0] Processing: M009R.MOV (3452 frames) -- mode: threshold
  Selected 3 frame(s): [20 | p=0.998], [962 | p=0.952], [2621 | p=0.997]
  -> Saved frame 20 (prob=0.998) -> M009R_frame_20_p0.998.png
  -> Saved frame 962 (prob=0.952) -> M009R_frame_962_p0.952.png
  -> Saved frame 2621 (prob=0.997) -> M009R_frame_2621_p0.997.png

[GPU 0] Processing: M011L.MOV (4829 frames) -- mode: threshold
  Selected 4 frame(s): [324 | p=0.998], [1915 | p=0.976], [3131 | p=0.998], [4803 | p=0.993]
  -> Saved frame 324 (prob=0.998) -> M011L_frame_324_p0.998.png
  -> Saved frame 1915 (prob=0.976) -> M011L_frame_1915_p0.976.png
  -> Saved frame 3131 (prob=0.998) -> M011L_frame_3131_p0.998.png
  -> Saved frame 4803 (prob=0.993) -> M011L_frame_4803_p0.993.png

[GPU 0] Processing: M012R.MOV (5687 frames) -- mode: threshold
  Selected 4 frame(s): [115 | p=0.999], [1636 | p=0.992], [3147 | p=0.998], [5634 | p=0.999]
  -> Saved frame 115 (prob=0.999) -> M012R_frame_115_p0.999.png
  -> Saved frame 1636 (prob=0.992) -> M012R_frame_1636_p0.992.png
  -> Saved frame 3147 (prob=0.998) -> M012R_frame_3147_p0.998.png
  -> Saved frame 5634 (prob=0.999) -> M012R_frame_5634_p0.999.png

[GPU 0] Processing: M014R.MOV (3569 frames) -- mode: threshold
  Selected 3 frame(s): [317 | p=0.997], [2155 | p=0.998], [3479 | p=0.984]
  -> Saved frame 317 (prob=0.997) -> M014R_frame_317_p0.997.png
  -> Saved frame 2155 (prob=0.998) -> M014R_frame_2155_p0.998.png
  -> Saved frame 3479 (prob=0.984) -> M014R_frame_3479_p0.984.png

[GPU 0] Processing: M016L.MOV (2986 frames) -- mode: threshold
  Selected 3 frame(s): [974 | p=0.998], [1760 | p=0.942], [2655 | p=0.989]
  -> Saved frame 974 (prob=0.998) -> M016L_frame_974_p0.998.png
  -> Saved frame 1760 (prob=0.942) -> M016L_frame_1760_p0.942.png
  -> Saved frame 2655 (prob=0.989) -> M016L_frame_2655_p0.989.png

[GPU 0] Processing: M017R.MOV (4674 frames) -- mode: threshold
  Selected 2 frame(s): [1088 | p=0.998], [2567 | p=0.975]
  -> Saved frame 1088 (prob=0.998) -> M017R_frame_1088_p0.998.png
  -> Saved frame 2567 (prob=0.975) -> M017R_frame_2567_p0.975.png

[GPU 0] Processing: M019L.MOV (2706 frames) -- mode: threshold
  Selected 3 frame(s): [272 | p=0.963], [1097 | p=0.994], [2004 | p=0.925]
  -> Saved frame 272 (prob=0.963) -> M019L_frame_272_p0.963.png
  -> Saved frame 1097 (prob=0.994) -> M019L_frame_1097_p0.994.png
  -> Saved frame 2004 (prob=0.925) -> M019L_frame_2004_p0.925.png

[GPU 0] Processing: M020R.MOV (3232 frames) -- mode: threshold
  Selected 3 frame(s): [752 | p=0.995], [2188 | p=0.979], [3012 | p=0.996]
  -> Saved frame 752 (prob=0.995) -> M020R_frame_752_p0.995.png
  -> Saved frame 2188 (prob=0.979) -> M020R_frame_2188_p0.979.png
  -> Saved frame 3012 (prob=0.996) -> M020R_frame_3012_p0.996.png

[GPU 0] Processing: M022L.MOV (6575 frames) -- mode: threshold
  Selected 4 frame(s): [1182 | p=1.000], [2875 | p=0.981], [4677 | p=0.999], [6484 | p=0.999]
  -> Saved frame 1182 (prob=1.000) -> M022L_frame_1182_p1.000.png
  -> Saved frame 2875 (prob=0.981) -> M022L_frame_2875_p0.981.png
  -> Saved frame 4677 (prob=0.999) -> M022L_frame_4677_p0.999.png
  -> Saved frame 6484 (prob=0.999) -> M022L_frame_6484_p0.999.png

[GPU 0] Processing: M023R.MOV (6050 frames) -- mode: threshold
  Selected 3 frame(s): [1310 | p=1.000], [2929 | p=0.996], [4533 | p=1.000]
  -> Saved frame 1310 (prob=1.000) -> M023R_frame_1310_p1.000.png
  -> Saved frame 2929 (prob=0.996) -> M023R_frame_2929_p0.996.png
  -> Saved frame 4533 (prob=1.000) -> M023R_frame_4533_p1.000.png

[GPU 0] Processing: N002L.MOV (2226 frames) -- mode: threshold
  Selected 3 frame(s): [483 | p=0.997], [1042 | p=0.929], [1714 | p=0.976]
  -> Saved frame 483 (prob=0.997) -> N002L_frame_483_p0.997.png
  -> Saved frame 1042 (prob=0.929) -> N002L_frame_1042_p0.929.png
  -> Saved frame 1714 (prob=0.976) -> N002L_frame_1714_p0.976.png

[GPU 0] Processing: N003R.MOV (4278 frames) -- mode: threshold
  Selected 3 frame(s): [978 | p=0.999], [2618 | p=0.986], [3978 | p=0.998]
  -> Saved frame 978 (prob=0.999) -> N003R_frame_978_p0.999.png
  -> Saved frame 2618 (prob=0.986) -> N003R_frame_2618_p0.986.png
  -> Saved frame 3978 (prob=0.998) -> N003R_frame_3978_p0.998.png

[GPU 0] Processing: N005L.MOV (1952 frames) -- mode: threshold
  Selected 3 frame(s): [512 | p=0.998], [1118 | p=0.992], [1610 | p=0.997]
  -> Saved frame 512 (prob=0.998) -> N005L_frame_512_p0.998.png
  -> Saved frame 1118 (prob=0.992) -> N005L_frame_1118_p0.992.png
  -> Saved frame 1610 (prob=0.997) -> N005L_frame_1610_p0.997.png

[GPU 0] Processing: N006R.MOV (3593 frames) -- mode: threshold
  Selected 3 frame(s): [830 | p=0.997], [2490 | p=0.950], [3567 | p=0.980]
  -> Saved frame 830 (prob=0.997) -> N006R_frame_830_p0.997.png
  -> Saved frame 2490 (prob=0.950) -> N006R_frame_2490_p0.950.png
  -> Saved frame 3567 (prob=0.980) -> N006R_frame_3567_p0.980.png

[GPU 0] Processing: N008L.MOV (2604 frames) -- mode: threshold
  Selected 4 frame(s): [373 | p=1.000], [1030 | p=0.998], [1698 | p=0.999], [2375 | p=1.000]
  -> Saved frame 373 (prob=1.000) -> N008L_frame_373_p1.000.png
  -> Saved frame 1030 (prob=0.998) -> N008L_frame_1030_p0.998.png
  -> Saved frame 1698 (prob=0.999) -> N008L_frame_1698_p0.999.png
  -> Saved frame 2375 (prob=1.000) -> N008L_frame_2375_p1.000.png

[GPU 0] Processing: N009R.MOV (1963 frames) -- mode: threshold
  Selected 3 frame(s): [479 | p=0.999], [974 | p=0.992], [1906 | p=1.000]
  -> Saved frame 479 (prob=0.999) -> N009R_frame_479_p0.999.png
  -> Saved frame 974 (prob=0.992) -> N009R_frame_974_p0.992.png
  -> Saved frame 1906 (prob=1.000) -> N009R_frame_1906_p1.000.png

[GPU 0] Processing: N011L.MOV (2349 frames) -- mode: threshold
  Selected 3 frame(s): [410 | p=0.992], [1712 | p=0.991], [2306 | p=0.901]
  -> Saved frame 410 (prob=0.992) -> N011L_frame_410_p0.992.png
  -> Saved frame 1712 (prob=0.991) -> N011L_frame_1712_p0.991.png
  -> Saved frame 2306 (prob=0.901) -> N011L_frame_2306_p0.901.png

[GPU 0] Processing: N012R.MOV (1556 frames) -- mode: threshold
  Selected 3 frame(s): [657 | p=0.998], [1083 | p=0.899], [1509 | p=0.990]
  -> Saved frame 657 (prob=0.998) -> N012R_frame_657_p0.998.png
  -> Saved frame 1083 (prob=0.899) -> N012R_frame_1083_p0.899.png
  -> Saved frame 1509 (prob=0.990) -> N012R_frame_1509_p0.990.png

[GPU 0] Processing: N014L.MOV (1918 frames) -- mode: threshold
  Selected 3 frame(s): [345 | p=0.987], [969 | p=0.992], [1817 | p=0.970]
  -> Saved frame 345 (prob=0.987) -> N014L_frame_345_p0.987.png
  -> Saved frame 969 (prob=0.992) -> N014L_frame_969_p0.992.png
  -> Saved frame 1817 (prob=0.970) -> N014L_frame_1817_p0.970.png

[GPU 0] Processing: N015R.MOV (2107 frames) -- mode: threshold
  Selected 3 frame(s): [340 | p=0.996], [1430 | p=0.995], [1997 | p=0.986]
  -> Saved frame 340 (prob=0.996) -> N015R_frame_340_p0.996.png
  -> Saved frame 1430 (prob=0.995) -> N015R_frame_1430_p0.995.png
  -> Saved frame 1997 (prob=0.986) -> N015R_frame_1997_p0.986.png

[GPU 0] Processing: N018L.MOV (4088 frames) -- mode: threshold
  Selected 4 frame(s): [401 | p=0.940], [1469 | p=0.994], [2940 | p=0.991], [4035 | p=0.995]
  -> Saved frame 401 (prob=0.940) -> N018L_frame_401_p0.940.png
  -> Saved frame 1469 (prob=0.994) -> N018L_frame_1469_p0.994.png
  -> Saved frame 2940 (prob=0.991) -> N018L_frame_2940_p0.991.png
  -> Saved frame 4035 (prob=0.995) -> N018L_frame_4035_p0.995.png

[GPU 0] Processing: N019R.MOV (2208 frames) -- mode: threshold
  Selected 3 frame(s): [448 | p=0.997], [1193 | p=0.994], [2103 | p=0.995]
  -> Saved frame 448 (prob=0.997) -> N019R_frame_448_p0.997.png
  -> Saved frame 1193 (prob=0.994) -> N019R_frame_1193_p0.994.png
  -> Saved frame 2103 (prob=0.995) -> N019R_frame_2103_p0.995.png

[GPU 0] Processing: P001L.MOV (6362 frames) -- mode: threshold
  Selected 3 frame(s): [1173 | p=0.999], [3679 | p=1.000], [6184 | p=1.000]
  -> Saved frame 1173 (prob=0.999) -> P001L_frame_1173_p0.999.png
  -> Saved frame 3679 (prob=1.000) -> P001L_frame_3679_p1.000.png
  -> Saved frame 6184 (prob=1.000) -> P001L_frame_6184_p1.000.png

[GPU 0] Processing: P002R.MOV (2026 frames) -- mode: threshold
  Selected 3 frame(s): [553 | p=0.998], [1299 | p=0.997], [1883 | p=0.998]
  -> Saved frame 553 (prob=0.998) -> P002R_frame_553_p0.998.png
  -> Saved frame 1299 (prob=0.997) -> P002R_frame_1299_p0.997.png
  -> Saved frame 1883 (prob=0.998) -> P002R_frame_1883_p0.998.png

[GPU 0] Processing: P004L.MOV (2114 frames) -- mode: threshold
  Selected 3 frame(s): [650 | p=0.996], [1222 | p=0.966], [1791 | p=0.993]
  -> Saved frame 650 (prob=0.996) -> P004L_frame_650_p0.996.png
  -> Saved frame 1222 (prob=0.966) -> P004L_frame_1222_p0.966.png
  -> Saved frame 1791 (prob=0.993) -> P004L_frame_1791_p0.993.png

[GPU 0] Processing: P006R.MOV (2887 frames) -- mode: threshold
  Selected 4 frame(s): [193 | p=0.995], [945 | p=0.965], [1761 | p=0.997], [2608 | p=0.995]
  -> Saved frame 193 (prob=0.995) -> P006R_frame_193_p0.995.png
  -> Saved frame 945 (prob=0.965) -> P006R_frame_945_p0.965.png
  -> Saved frame 1761 (prob=0.997) -> P006R_frame_1761_p0.997.png
  -> Saved frame 2608 (prob=0.995) -> P006R_frame_2608_p0.995.png

[GPU 0] Processing: P008L.MOV (2368 frames) -- mode: threshold
  Selected 3 frame(s): [194 | p=0.929], [788 | p=0.998], [1889 | p=0.998]
  -> Saved frame 194 (prob=0.929) -> P008L_frame_194_p0.929.png
  -> Saved frame 788 (prob=0.998) -> P008L_frame_788_p0.998.png
  -> Saved frame 1889 (prob=0.998) -> P008L_frame_1889_p0.998.png

[GPU 0] Processing: P009R.MOV (2663 frames) -- mode: threshold
  Selected 3 frame(s): [383 | p=0.993], [1416 | p=0.992], [2614 | p=0.994]
  -> Saved frame 383 (prob=0.993) -> P009R_frame_383_p0.993.png
  -> Saved frame 1416 (prob=0.992) -> P009R_frame_1416_p0.992.png
  -> Saved frame 2614 (prob=0.994) -> P009R_frame_2614_p0.994.png

[GPU 0] Processing: P011L.MOV (2736 frames) -- mode: threshold
  Selected 4 frame(s): [422 | p=0.999], [1142 | p=0.959], [1962 | p=0.999], [2673 | p=0.993]
  -> Saved frame 422 (prob=0.999) -> P011L_frame_422_p0.999.png
  -> Saved frame 1142 (prob=0.959) -> P011L_frame_1142_p0.959.png
  -> Saved frame 1962 (prob=0.999) -> P011L_frame_1962_p0.999.png
  -> Saved frame 2673 (prob=0.993) -> P011L_frame_2673_p0.993.png

[GPU 0] Processing: P012R.MOV (1270 frames) -- mode: threshold
  Selected 3 frame(s): [327 | p=0.999], [923 | p=0.996], [1241 | p=0.999]
  -> Saved frame 327 (prob=0.999) -> P012R_frame_327_p0.999.png
  -> Saved frame 923 (prob=0.996) -> P012R_frame_923_p0.996.png
  -> Saved frame 1241 (prob=0.999) -> P012R_frame_1241_p0.999.png

[GPU 0] Processing: P014L.MOV (3157 frames) -- mode: threshold
  Selected 4 frame(s): [253 | p=0.927], [1100 | p=0.990], [1959 | p=0.994], [3066 | p=0.989]
  -> Saved frame 253 (prob=0.927) -> P014L_frame_253_p0.927.png
  -> Saved frame 1100 (prob=0.990) -> P014L_frame_1100_p0.990.png
  -> Saved frame 1959 (prob=0.994) -> P014L_frame_1959_p0.994.png
  -> Saved frame 3066 (prob=0.989) -> P014L_frame_3066_p0.989.png

[GPU 0] Processing: P015R.MOV (1574 frames) -- mode: threshold
  Selected 3 frame(s): [345 | p=0.998], [1105 | p=0.997], [1539 | p=0.996]
  -> Saved frame 345 (prob=0.998) -> P015R_frame_345_p0.998.png
  -> Saved frame 1105 (prob=0.997) -> P015R_frame_1105_p0.997.png
  -> Saved frame 1539 (prob=0.996) -> P015R_frame_1539_p0.996.png

[GPU 0] Processing: P017R.MOV (4388 frames) -- mode: threshold
  Selected 3 frame(s): [1086 | p=0.996], [2639 | p=0.999], [3737 | p=0.990]
  -> Saved frame 1086 (prob=0.996) -> P017R_frame_1086_p0.996.png
  -> Saved frame 2639 (prob=0.999) -> P017R_frame_2639_p0.999.png
  -> Saved frame 3737 (prob=0.990) -> P017R_frame_3737_p0.990.png

[GPU 0] Processing: P019L.MOV (3697 frames) -- mode: threshold
  Selected 3 frame(s): [271 | p=0.999], [1816 | p=0.989], [3214 | p=0.999]
  -> Saved frame 271 (prob=0.999) -> P019L_frame_271_p0.999.png
  -> Saved frame 1816 (prob=0.989) -> P019L_frame_1816_p0.989.png
  -> Saved frame 3214 (prob=0.999) -> P019L_frame_3214_p0.999.png

[GPU 0] Processing: P020R.MOV (2307 frames) -- mode: threshold
  Selected 3 frame(s): [432 | p=0.999], [1181 | p=0.980], [1952 | p=0.999]
  -> Saved frame 432 (prob=0.999) -> P020R_frame_432_p0.999.png
  -> Saved frame 1181 (prob=0.980) -> P020R_frame_1181_p0.980.png
  -> Saved frame 1952 (prob=0.999) -> P020R_frame_1952_p0.999.png

[GPU 0] Processing: P022L.MOV (2480 frames) -- mode: threshold
  Selected 3 frame(s): [283 | p=0.998], [1292 | p=0.995], [2446 | p=0.998]
  -> Saved frame 283 (prob=0.998) -> P022L_frame_283_p0.998.png
  -> Saved frame 1292 (prob=0.995) -> P022L_frame_1292_p0.995.png
  -> Saved frame 2446 (prob=0.998) -> P022L_frame_2446_p0.998.png

[GPU 0] Processing: P024L.MOV (3775 frames) -- mode: threshold
  Selected 3 frame(s): [769 | p=0.911], [1734 | p=0.931], [3728 | p=0.991]
  -> Saved frame 769 (prob=0.911) -> P024L_frame_769_p0.911.png
  -> Saved frame 1734 (prob=0.931) -> P024L_frame_1734_p0.931.png
  -> Saved frame 3728 (prob=0.991) -> P024L_frame_3728_p0.991.png

[GPU 0] Processing: P027L.MOV (2300 frames) -- mode: threshold
  Selected 3 frame(s): [395 | p=0.999], [1200 | p=0.998], [1849 | p=0.999]
  -> Saved frame 395 (prob=0.999) -> P027L_frame_395_p0.999.png
  -> Saved frame 1200 (prob=0.998) -> P027L_frame_1200_p0.998.png
  -> Saved frame 1849 (prob=0.999) -> P027L_frame_1849_p0.999.png

[GPU 0] Processing: P028R.MOV (2235 frames) -- mode: threshold
  Selected 3 frame(s): [343 | p=0.999], [1372 | p=0.997], [2195 | p=0.999]
  -> Saved frame 343 (prob=0.999) -> P028R_frame_343_p0.999.png
  -> Saved frame 1372 (prob=0.997) -> P028R_frame_1372_p0.997.png
  -> Saved frame 2195 (prob=0.999) -> P028R_frame_2195_p0.999.png

[GPU 0] Processing: P030R.MOV (4585 frames) -- mode: threshold
  Selected 3 frame(s): [1158 | p=0.999], [2825 | p=0.991], [4354 | p=0.939]
  -> Saved frame 1158 (prob=0.999) -> P030R_frame_1158_p0.999.png
  -> Saved frame 2825 (prob=0.991) -> P030R_frame_2825_p0.991.png
  -> Saved frame 4354 (prob=0.939) -> P030R_frame_4354_p0.939.png

[GPU 0] Processing: P033L.MOV (3437 frames) -- mode: threshold
  Selected 4 frame(s): [263 | p=0.999], [1152 | p=0.999], [2277 | p=0.997], [3395 | p=0.997]
  -> Saved frame 263 (prob=0.999) -> P033L_frame_263_p0.999.png
  -> Saved frame 1152 (prob=0.999) -> P033L_frame_1152_p0.999.png
  -> Saved frame 2277 (prob=0.997) -> P033L_frame_2277_p0.997.png
  -> Saved frame 3395 (prob=0.997) -> P033L_frame_3395_p0.997.png

[GPU 0] Processing: P034R.MOV (1440 frames) -- mode: threshold
  Selected 3 frame(s): [251 | p=0.998], [858 | p=0.998], [1377 | p=0.997]
  -> Saved frame 251 (prob=0.998) -> P034R_frame_251_p0.998.png
  -> Saved frame 858 (prob=0.998) -> P034R_frame_858_p0.998.png
  -> Saved frame 1377 (prob=0.997) -> P034R_frame_1377_p0.997.png

[GPU 0] Processing: P037L.MOV (2967 frames) -- mode: threshold
  Selected 3 frame(s): [383 | p=0.999], [1825 | p=0.994], [2903 | p=0.992]
  -> Saved frame 383 (prob=0.999) -> P037L_frame_383_p0.999.png
  -> Saved frame 1825 (prob=0.994) -> P037L_frame_1825_p0.994.png
  -> Saved frame 2903 (prob=0.992) -> P037L_frame_2903_p0.992.png

[GPU 0] Processing: P040R.MOV (1874 frames) -- mode: threshold
  Selected 3 frame(s): [320 | p=0.999], [897 | p=0.992], [1571 | p=0.999]
  -> Saved frame 320 (prob=0.999) -> P040R_frame_320_p0.999.png
  -> Saved frame 897 (prob=0.992) -> P040R_frame_897_p0.992.png
  -> Saved frame 1571 (prob=0.999) -> P040R_frame_1571_p0.999.png

[GPU 0] Processing: P043L.MOV (3180 frames) -- mode: threshold
  Selected 3 frame(s): [494 | p=0.999], [1954 | p=0.995], [2943 | p=0.999]
  -> Saved frame 494 (prob=0.999) -> P043L_frame_494_p0.999.png
  -> Saved frame 1954 (prob=0.995) -> P043L_frame_1954_p0.995.png
  -> Saved frame 2943 (prob=0.999) -> P043L_frame_2943_p0.999.png

[GPU 0] Processing: P045R.MOV (5606 frames) -- mode: threshold
  Selected 4 frame(s): [511 | p=0.998], [2410 | p=0.979], [3943 | p=0.980], [5543 | p=0.998]
  -> Saved frame 511 (prob=0.998) -> P045R_frame_511_p0.998.png
  -> Saved frame 2410 (prob=0.979) -> P045R_frame_2410_p0.979.png
  -> Saved frame 3943 (prob=0.980) -> P045R_frame_3943_p0.980.png
  -> Saved frame 5543 (prob=0.998) -> P045R_frame_5543_p0.998.png

[GPU 0] Processing: P049R.MOV (1291 frames) -- mode: threshold
  Selected 3 frame(s): [291 | p=0.998], [616 | p=0.998], [1041 | p=0.953]
  -> Saved frame 291 (prob=0.998) -> P049R_frame_291_p0.998.png
  -> Saved frame 616 (prob=0.998) -> P049R_frame_616_p0.998.png
  -> Saved frame 1041 (prob=0.953) -> P049R_frame_1041_p0.953.png

[GPU 0] Processing: Q002L.MOV (5331 frames) -- mode: threshold
  Selected 2 frame(s): [1408 | p=0.994], [4155 | p=0.998]
  -> Saved frame 1408 (prob=0.994) -> Q002L_frame_1408_p0.994.png
  -> Saved frame 4155 (prob=0.998) -> Q002L_frame_4155_p0.998.png

[GPU 0] Processing: 2024_02_12_12_41_IMG_4613 RE MOD NPDR.mp4 (2384 frames) -- mode: threshold
  Selected 3 frame(s): [325 | p=0.994], [1005 | p=0.998], [2309 | p=0.995]
  -> Saved frame 325 (prob=0.994) -> 2024_02_12_12_41_IMG_4613 RE MOD NPDR_frame_325_p0.994.png
  -> Saved frame 1005 (prob=0.998) -> 2024_02_12_12_41_IMG_4613 RE MOD NPDR_frame_1005_p0.998.png
  -> Saved frame 2309 (prob=0.995) -> 2024_02_12_12_41_IMG_4613 RE MOD NPDR_frame_2309_p0.995.png

[GPU 0] Processing: 2024_02_12_14_58_IMG_4624 LE MOD NPDR.mp4 (3283 frames) -- mode: threshold
  Selected 3 frame(s): [75 | p=0.993], [1463 | p=0.897], [3239 | p=0.987]
  -> Saved frame 75 (prob=0.993) -> 2024_02_12_14_58_IMG_4624 LE MOD NPDR_frame_75_p0.993.png
  -> Saved frame 1463 (prob=0.897) -> 2024_02_12_14_58_IMG_4624 LE MOD NPDR_frame_1463_p0.897.png
  -> Saved frame 3239 (prob=0.987) -> 2024_02_12_14_58_IMG_4624 LE MOD NPDR_frame_3239_p0.987.png

[GPU 0] Processing: 2024_02_15_14_08_IMG_4657 LE MILD NPDR.mp4 (2700 frames) -- mode: threshold
  Selected 4 frame(s): [90 | p=0.921], [766 | p=0.985], [1550 | p=0.960], [2677 | p=0.993]
  -> Saved frame 90 (prob=0.921) -> 2024_02_15_14_08_IMG_4657 LE MILD NPDR_frame_90_p0.921.png
  -> Saved frame 766 (prob=0.985) -> 2024_02_15_14_08_IMG_4657 LE MILD NPDR_frame_766_p0.985.png
  -> Saved frame 1550 (prob=0.960) -> 2024_02_15_14_08_IMG_4657 LE MILD NPDR_frame_1550_p0.960.png
  -> Saved frame 2677 (prob=0.993) -> 2024_02_15_14_08_IMG_4657 LE MILD NPDR_frame_2677_p0.993.png

[GPU 0] Processing: 2024_02_15_14_57_IMG_4662 LE MILD NPDR.mp4 (2464 frames) -- mode: fallback (max-confidence only)
  Selected 1 frame(s): [462 | p=0.361]
  -> Saved frame 462 (prob=0.361) -> 2024_02_15_14_57_IMG_4662 LE MILD NPDR_frame_462_p0.361.png

[GPU 0] Processing: 2024_02_16_13_31_IMG_4671 re mod npdr.mp4 (2439 frames) -- mode: threshold
  Selected 3 frame(s): [140 | p=0.994], [769 | p=0.991], [2403 | p=0.990]
  -> Saved frame 140 (prob=0.994) -> 2024_02_16_13_31_IMG_4671 re mod npdr_frame_140_p0.994.png
  -> Saved frame 769 (prob=0.991) -> 2024_02_16_13_31_IMG_4671 re mod npdr_frame_769_p0.991.png
  -> Saved frame 2403 (prob=0.990) -> 2024_02_16_13_31_IMG_4671 re mod npdr_frame_2403_p0.990.png

[GPU 0] Processing: 2024_02_19_12_31_IMG_4679 RE MOD NPDR.mp4 (4867 frames) -- mode: threshold
  Selected 3 frame(s): [1025 | p=0.896], [2293 | p=0.990], [4318 | p=0.953]
  -> Saved frame 1025 (prob=0.896) -> 2024_02_19_12_31_IMG_4679 RE MOD NPDR_frame_1025_p0.896.png
  -> Saved frame 2293 (prob=0.990) -> 2024_02_19_12_31_IMG_4679 RE MOD NPDR_frame_2293_p0.990.png
  -> Saved frame 4318 (prob=0.953) -> 2024_02_19_12_31_IMG_4679 RE MOD NPDR_frame_4318_p0.953.png

[GPU 0] Processing: 2024_02_23_14_03_IMG_4725 LE MOD NPDR.mp4 (1151 frames) -- mode: threshold
  Selected 3 frame(s): [32 | p=0.993], [547 | p=0.959], [1110 | p=0.995]
  -> Saved frame 32 (prob=0.993) -> 2024_02_23_14_03_IMG_4725 LE MOD NPDR_frame_32_p0.993.png
  -> Saved frame 547 (prob=0.959) -> 2024_02_23_14_03_IMG_4725 LE MOD NPDR_frame_547_p0.959.png
  -> Saved frame 1110 (prob=0.995) -> 2024_02_23_14_03_IMG_4725 LE MOD NPDR_frame_1110_p0.995.png

[GPU 0] Processing: 2024_03_07_15_21_IMG_4759 RE MILD NPDR.mp4 (5128 frames) -- mode: threshold
  Selected 4 frame(s): [37 | p=0.827], [1353 | p=0.988], [3531 | p=0.897], [5095 | p=0.986]
  -> Saved frame 37 (prob=0.827) -> 2024_03_07_15_21_IMG_4759 RE MILD NPDR_frame_37_p0.827.png
  -> Saved frame 1353 (prob=0.988) -> 2024_03_07_15_21_IMG_4759 RE MILD NPDR_frame_1353_p0.988.png
  -> Saved frame 3531 (prob=0.897) -> 2024_03_07_15_21_IMG_4759 RE MILD NPDR_frame_3531_p0.897.png
  -> Saved frame 5095 (prob=0.986) -> 2024_03_07_15_21_IMG_4759 RE MILD NPDR_frame_5095_p0.986.png

[GPU 0] Processing: 2024_03_10_12_25_IMG_4794 LE SEV NPDR.mp4 (1733 frames) -- mode: threshold
  Selected 3 frame(s): [407 | p=0.957], [1211 | p=0.998], [1707 | p=0.910]
  -> Saved frame 407 (prob=0.957) -> 2024_03_10_12_25_IMG_4794 LE SEV NPDR_frame_407_p0.957.png
  -> Saved frame 1211 (prob=0.998) -> 2024_03_10_12_25_IMG_4794 LE SEV NPDR_frame_1211_p0.998.png
  -> Saved frame 1707 (prob=0.910) -> 2024_03_10_12_25_IMG_4794 LE SEV NPDR_frame_1707_p0.910.png

[GPU 0] Processing: 2024_03_21_12_30_IMG_3044 RE SEV NPDR WITH CIDME.mp4 (5103 frames) -- mode: threshold
  Selected 2 frame(s): [1414 | p=0.991], [4511 | p=0.994]
  -> Saved frame 1414 (prob=0.991) -> 2024_03_21_12_30_IMG_3044 RE SEV NPDR WITH CIDME_frame_1414_p0.991.png
  -> Saved frame 4511 (prob=0.994) -> 2024_03_21_12_30_IMG_3044 RE SEV NPDR WITH CIDME_frame_4511_p0.994.png

[GPU 0] Processing: 2024_03_21_12_57_IMG_3049 LE MILD NPDR.mp4 (2344 frames) -- mode: threshold
  Selected 4 frame(s): [136 | p=0.981], [764 | p=0.990], [1447 | p=0.941], [2036 | p=0.997]
[2026-07-23T16:11:28.006] error: *** JOB 223361 ON node-04 CANCELLED AT 2026-07-23T16:11:28 DUE TO TIME LIMIT ***
