Searching for videos in: /home/s6jovand/job/new/data/dr_videos
Processing: 2024_02_11_12_26_IMG_4608 LE MILD NPDR.mp4 (1201 frames)...
  -> Extracted frame 600
Processing: 2024_02_12_12_41_IMG_4613 RE MOD NPDR.mp4 (2384 frames)...
  -> Extracted frame 1192
Processing: 2024_02_12_12_47_IMG_4616 LE MOD NPDR.mp4 (2015 frames)...
  -> Extracted frame 1007
Processing: 2024_02_12_14_56_IMG_4623 RE SEV NPDR.mp4 (2456 frames)...
  -> Extracted frame 1228
Processing: 2024_02_12_14_58_IMG_4624 LE MOD NPDR.mp4 (3283 frames)...
  -> Extracted frame 1641
Processing: 2024_02_14_14_40_IMG_4648 RE  SEV NPDR WITH DME.mp4 (3590 frames)...
  -> Extracted frame 1795
Processing: 2024_02_14_14_44_IMG_4650 LE SEV NPDR.mp4 (5378 frames)...
  -> Extracted frame 2689
Processing: 2024_02_15_14_08_IMG_4657 LE MILD NPDR.mp4 (2700 frames)...
  -> Extracted frame 1350
Processing: 2024_02_15_14_19_IMG_4658 RE MILD NPDR.mp4 (2234 frames)...
  -> Extracted frame 1117
Processing: 2024_02_15_14_20_IMG_4659 LE MILD NPDR.mp4 (1813 frames)...
  -> Extracted frame 906
Processing: 2024_02_15_14_57_IMG_4662 LE MILD NPDR.mp4 (2464 frames)...
  -> Extracted frame 1232
Processing: 2024_02_16_10_50_IMG_4665 RE PDR STABLE.mp4 (4256 frames)...
  -> Extracted frame 2128
Processing: 2024_02_16_10_53_IMG_4666 LE MOD NPDR.mp4 (6469 frames)...
  -> Extracted frame 3234
Processing: 2024_02_16_13_31_IMG_4671 re mod npdr.mp4 (2439 frames)...
  -> Extracted frame 1219
Processing: 2024_02_16_13_33_IMG_4672 LE SEV NPDR WITH DME.mp4 (3768 frames)...
  -> Extracted frame 1884
Processing: 2024_02_19_11_46_IMG_4678 LE PDR.mp4 (3854 frames)...
  -> Extracted frame 1927
Processing: 2024_02_19_12_31_IMG_4679 RE MOD NPDR.mp4 (4867 frames)...
  -> Extracted frame 2433
Processing: 2024_02_19_13_36_IMG_4681 RE SEV NPDR.mp4 (5347 frames)...
  -> Extracted frame 2673
Processing: 2024_02_19_13_40_IMG_4682 LE SEV NPDR WITH DME.mp4 (4332 frames)...
  -> Extracted frame 2166
Processing: 2024_02_23_14_03_IMG_4725 LE MOD NPDR.mp4 (1151 frames)...
  -> Extracted frame 575
Processing: 2024_02_26_15_30_IMG_4731 RE PDR WITH DME.mp4 (4667 frames)...
  -> Extracted frame 2333
Processing: 2024_02_26_15_33_IMG_4732 LE SEV NPDR.mp4 (5267 frames)...
  -> Extracted frame 2633
Processing: 2024_03_07_15_21_IMG_4759 RE MILD NPDR.mp4 (5128 frames)...
  -> Extracted frame 2564
Processing: 2024_03_07_15_24_IMG_4760 LE MOD NPDR.mp4 (4109 frames)...
  -> Extracted frame 2054
Processing: 2024_03_10_11_45_IMG_4785 LE MOD NPDR WIHT DME.mp4 (4696 frames)...
  -> Extracted frame 2348
Processing: 2024_03_10_12_25_IMG_4794 LE SEV NPDR.mp4 (1733 frames)...
  -> Extracted frame 866
Processing: 2024_03_19_14_40_IMG_3017 LE MILD NPDR.mp4 (1933 frames)...
  -> Extracted frame 966
Processing: 2024_03_21_12_16_IMG_3042 RE MOD NPDR.mp4 (1988 frames)...
  -> Extracted frame 994
Processing: 2024_03_21_12_30_IMG_3044 RE SEV NPDR WITH CIDME.mp4 (5103 frames)...
  -> Extracted frame 2551
Processing: 2024_03_21_12_33_IMG_3045 LE SEV NPDR WITH DME.mp4 (5241 frames)...
  -> Extracted frame 2620
Processing: 2024_03_21_12_55_IMG_3048 RE MILD NPDR.mp4 (2507 frames)...
  -> Extracted frame 1253
Processing: 2024_03_21_12_57_IMG_3049 LE MILD NPDR.mp4 (2344 frames)...
  -> Extracted frame 1172
Processing: 2024_03_21_13_08_IMG_3050 RE MOD NPDR WITH DME.mp4 (1787 frames)...
  -> Extracted frame 893
Processing: 2024_03_21_14_55_IMG_3053 LE SEV NPDR.mp4 (3590 frames)...
  -> Extracted frame 1795
Processing: 2024_03_25_11_51_IMG_3058 LE SEV NPDR.mp4 (4247 frames)...
  -> Extracted frame 2123
Processing: 2024_03_25_15_30_IMG_3070 LE MILD NPDR.mp4 (2920 frames)...
  -> Extracted frame 1460
Processing: 2024_03_28_14_08_IMG_4839 RE PDR.mp4 (2611 frames)...
  -> Extracted frame 1305
Processing: 2024_03_28_14_32_IMG_4842 RE MOD NPDR.mp4 (2777 frames)...
  -> Extracted frame 1388
Processing: 2024_03_30_11_37_IMG_4851 RE MILD NPDR.mp4 (2165 frames)...
  -> Extracted frame 1082
Processing: 2024_03_30_12_19_IMG_4854 LE PDR.mp4 (3210 frames)...
  -> Extracted frame 1605
Processing: 2024_04_01_11_52_IMG_4866 RE MOD NPDR LASERED.mp4 (2302 frames)...
  -> Extracted frame 1151
Processing: 2024_04_01_12_12_IMG_4868 RE SEV NPDR WITH CIDME.mp4 (5940 frames)...
  -> Extracted frame 2970
Processing: 2024_04_01_12_16_IMG_4869 SEV NPDR WITH DME.mp4 (3634 frames)...
  -> Extracted frame 1817
Processing: 2024_04_01_12_56_IMG_4872 RE MOD NPDR WITH FVD.mp4 (3989 frames)...
  -> Extracted frame 1994
Processing: 2024_04_01_12_59_IMG_4873 LE MOD NPDR.mp4 (6173 frames)...
  -> Extracted frame 3086
Processing: 2024_04_02_11_54_IMG_4881 LE MOD NPDR.mp4 (2159 frames)...
  -> Extracted frame 1079
Processing: 2024_04_02_12_48_IMG_4883 RE SEV NPDR WITH DME.mp4 (3235 frames)...
  -> Extracted frame 1617
Processing: 2024_04_03_11_51_IMG_4888 RE MOD NPDR.mp4 (1635 frames)...
  -> Extracted frame 817
Processing: 2024_04_03_11_53_IMG_4889 LE MOD NPDR.mp4 (2799 frames)...
  -> Extracted frame 1399
Processing: 2024_04_04_11_36_IMG_4896 RE SEV NPDR.mp4 (2770 frames)...
  -> Extracted frame 1385
Processing: 2024_04_04_11_38_IMG_4897 LE SEV NPDR.mp4 (3679 frames)...
  -> Extracted frame 1839
Processing: 2024_04_04_13_08_IMG_4898 RE MOD NPDR.mp4 (3110 frames)...
  -> Extracted frame 1555
Processing: 2024_04_04_13_10_IMG_4899 LE MILD NPDR.mp4 (2983 frames)...
  -> Extracted frame 1491
Processing: 2024_04_04_14_40_IMG_4905 RE MILD NPDR.mp4 (2317 frames)...
  -> Extracted frame 1158
Processing: 2024_04_05_10_17_IMG_4918 LE MACULAR DEGENERATION.mp4 (1559 frames)...
  -> Extracted frame 779
Processing: 2024_04_05_10_24_IMG_4919 RE LASERED PDR.mp4 (2213 frames)...
  -> Extracted frame 1106
Processing: 2024_04_05_10_57_IMG_4922 RE PDR WITH FVP.mp4 (1754 frames)...
  -> Extracted frame 877
Processing: 2024_04_05_10_58_IMG_4923 LE SEV NPDR.mp4 (2525 frames)...
  -> Extracted frame 1262
Processing: 2024_04_05_11_49_IMG_4926 LE FVP.mp4 (2970 frames)...
  -> Extracted frame 1485
Processing: 2024_04_05_12_51_IMG_4927 RE HEALTHY.mp4 (3890 frames)...
  -> Extracted frame 1945
Processing: 2024_04_05_12_54_IMG_4928 LE HEALTHY.mp4 (3150 frames)...
  -> Extracted frame 1575
Processing: 2024_04_05_13_16_IMG_4931 RE SEV NPDR.mp4 (3119 frames)...
  -> Extracted frame 1559
Processing: 2024_04_05_13_18_IMG_4932 LE SEV NPDR.mp4 (3034 frames)...
  -> Extracted frame 1517
Processing: 2024_04_05_13_29_IMG_4933 RE HEALTHY.mp4 (3055 frames)...
  -> Extracted frame 1527
Processing: 2024_04_05_13_37_IMG_4934 LE HEALTHY.mp4 (2725 frames)...
  -> Extracted frame 1362
Processing: 2024_04_06_10_27_IMG_4937 RE CR ATROPHY, ERM.mp4 (3167 frames)...
  -> Extracted frame 1583
Processing: 2024_04_06_10_29_IMG_4938 LE MUTIPLE CHORIORETINAL PATCHES.mp4 (3172 frames)...
  -> Extracted frame 1586
Processing: 2024_04_06_10_38_IMG_4939 RE TRD WITH MACULAR SCHIESIS.mp4 (1543 frames)...
  -> Extracted frame 771
Processing: 2024_04_11_15_23_IMG_4955 LE PDR.mp4 (3213 frames)...
  -> Extracted frame 1606
Processing: 2024_04_06_10_39_IMG_4940 LE FTMH.mp4 (3483 frames)...
  -> Extracted frame 1741
Processing: 2024_04_06_11_17_IMG_4941 RE SEV NPDR.mp4 (2114 frames)...
  -> Extracted frame 1057
Processing: 2024_04_06_11_18_IMG_4942 LE PDR WITH DME.mp4 (1979 frames)...
  -> Extracted frame 989
Processing: 2024_04_06_11_48_IMG_4944 RE MOD NPDR.mp4 (3037 frames)...
  -> Extracted frame 1518
Processing: 2024_04_06_11_50_IMG_4945 LE ASTEROID HYALOSIS.mp4 (1862 frames)...
  -> Extracted frame 931
Processing: 2024_04_11_13_32_IMG_4947 RE MOD NPDR.mp4 (2037 frames)...
  -> Extracted frame 1018
Processing: 2024_04_11_13_34_IMG_4948 LE MOD NPDR.mp4 (2484 frames)...
  -> Extracted frame 1242
Processing: 2024_04_11_15_09_IMG_4952 LE HEALTHY.mp4 (3322 frames)...
  -> Extracted frame 1661
Processing: 2024_04_11_15_12_IMG_4953 RE HEALTHY.mp4 (1405 frames)...
  -> Extracted frame 702
Processing: 2024_04_11_15_21_IMG_4954 RE SEV NPDR.mp4 (4073 frames)...
  -> Extracted frame 2036
Processing: 2024_04_11_15_27_IMG_4956 RE MILD NPDR.mp4 (3072 frames)...
  -> Extracted frame 1536
Processing: 2024_04_11_15_29_IMG_4957 LE ERM.mp4 (2646 frames)...
  -> Extracted frame 1323
Processing: 2024_04_12_11_22_IMG_4958 RE MOD NPDR.mp4 (3732 frames)...
  -> Extracted frame 1866
Processing: 2024_04_12_11_24_IMG_4959 LE MOD NPDR.mp4 (3958 frames)...
  -> Extracted frame 1979
Processing: 2024_04_12_11_40_IMG_4960 RE HEALTHY.mp4 (3396 frames)...
  -> Extracted frame 1698
Processing: 2024_04_12_12_03_IMG_4961 RE HEALTHY.mp4 (3098 frames)...
  -> Extracted frame 1549
Processing: 2024_04_12_12_58_IMG_4966 RE TRD.mp4 (4064 frames)...
  -> Extracted frame 2032
Processing: 2024_04_12_13_02_IMG_4967 LE PDR OIL PLACED.mp4 (3088 frames)...
  -> Extracted frame 1544
Processing: 2024_04_12_13_10_IMG_4968 LE SCAR+.mp4 (4061 frames)...
  -> Extracted frame 2030
Processing: 2024_04_12_13_22_IMG_4969 RE HEALTHY.mp4 (3034 frames)...
  -> Extracted frame 1517
Processing: 2024_04_12_13_24_IMG_4970 LE HEALTHY.mp4 (3705 frames)...
  -> Extracted frame 1852
Processing: 2024_04_12_13_30_IMG_4971 RE HIGH MYOP.mp4 (3618 frames)...
  -> Extracted frame 1809
Processing: 2024_04_12_13_32_IMG_4972 LE HIGH MYOP.mp4 (3149 frames)...
  -> Extracted frame 1574
Processing: 2024_04_30_11_53_IMG_5009 RE HEALTHY.mp4 (2727 frames)...
  -> Extracted frame 1363
Processing: 2024_04_30_11_56_IMG_5010 LE HEALTHY.mp4 (2735 frames)...
  -> Extracted frame 1367
Processing: 2024_04_30_12_16_IMG_5012 RE HEALTHY.mp4 (3362 frames)...
  -> Extracted frame 1681
Processing: 2024_04_30_12_19_IMG_5013 LE HEALTHY.mp4 (2911 frames)...
  -> Extracted frame 1455
Processing: 2024_04_30_12_44_IMG_5014 RE SEV NPDR.mp4 (5022 frames)...
  -> Extracted frame 2511
Processing: 2024_04_30_12_48_IMG_5016 SEV NPDR.mp4 (5096 frames)...
  -> Extracted frame 2548
Processing: 2024_05_06_12_30_IMG_3269 RE Healthy.mp4 (2241 frames)...
  -> Extracted frame 1120
Processing: 2024_05_06_12_31_IMG_3270 LE HEALTHY.mp4 (2311 frames)...
  -> Extracted frame 1155
Processing: 2024_05_06_12_38_IMG_3271 RE MILD NPDR.mp4 (1934 frames)...
  -> Extracted frame 967
Processing: 2024_05_06_12_40_IMG_3272 LE MOD NPDR.mp4 (3296 frames)...
  -> Extracted frame 1648
Processing: 2024_05_06_14_02_IMG_3273 RE PDR.mp4 (3653 frames)...
  -> Extracted frame 1826
Processing: 2024_05_06_14_05_IMG_3274 LE PDR WITH FVP.mp4 (3794 frames)...
  -> Extracted frame 1897
Processing: 2024_05_07_12_33_IMG_5029 RE PDR, TRD.mp4 (2261 frames)...
  -> Extracted frame 1130
Processing: 2024_05_07_12_35_IMG_5030 LE PDR TRD.mp4 (3839 frames)...
  -> Extracted frame 1919
Processing: 2024_05_07_12_43_IMG_5031 RE HEALTHY.mp4 (2980 frames)...
  -> Extracted frame 1490
Processing: 2024_05_07_12_45_IMG_5032 LE HEALTHY.mp4 (3631 frames)...
  -> Extracted frame 1815
Processing: 2024_05_07_12_59_IMG_5033 RE MOD NPDR.mp4 (2916 frames)...
  -> Extracted frame 1458
Processing: 2024_05_07_13_01_IMG_5034 LE MOD NPDR.mp4 (2823 frames)...
  -> Extracted frame 1411
Processing: 2024_05_08_10_34_IMG_5035 RE PDR WITH FVP.mp4 (2017 frames)...
  -> Extracted frame 1008
Processing: 2024_05_08_10_36_IMG_5036 LE SEVERE NPDR.mp4 (3955 frames)...
  -> Extracted frame 1977
Processing: 2024_05_08_11_04_IMG_5037 RE SEV NPDR.mp4 (4292 frames)...
  -> Extracted frame 2146
Processing: 2024_05_08_11_07_IMG_5038 LE PDR WITH CME.mp4 (4126 frames)...
  -> Extracted frame 2063
Processing: 2024_05_08_11_48_IMG_5039 RE HEALTHY.mp4 (3592 frames)...
  -> Extracted frame 1796
Processing: 2024_05_08_11_54_IMG_5040 RE HEALTHY.mp4 (3834 frames)...
  -> Extracted frame 1917
Processing: 2024_05_08_11_59_IMG_5042 LE HEALTHY.mp4 (2699 frames)...
  -> Extracted frame 1349
Processing: 2024_05_08_12_04_IMG_5043 RE ADV AMD.mp4 (2929 frames)...
  -> Extracted frame 1464
Processing: 2024_05_08_12_06_IMG_5044 LE MILD NPDR, ERLY AMD.mp4 (3586 frames)...
  -> Extracted frame 1793
Processing: 2024_05_09_12_31_IMG_5047 RE LATTICLEWITH RETINAL HOLE.mp4 (3592 frames)...
  -> Extracted frame 1796
Processing: 2024_05_09_12_34_IMG_5048 RE HEALTHY.mp4 (3028 frames)...
  -> Extracted frame 1514
Processing: 2024_05_09_12_46_IMG_5049 RE DRUSEN+.mp4 (2880 frames)...
  -> Extracted frame 1440
Processing: 2024_05_09_12_48_IMG_5050 LE DRUSEN+.mp4 (3222 frames)...
  -> Extracted frame 1611
Processing: 2024_05_09_12_56_IMG_5051 RE HEALTHY.mp4 (3844 frames)...
  -> Extracted frame 1922
Processing: 2024_05_09_12_59_IMG_5052 LE ERM.mp4 (4412 frames)...
  -> Extracted frame 2206
Processing: 2024_05_09_13_06_IMG_5053 RE HEALTHY.mp4 (2154 frames)...
  -> Extracted frame 1077
Processing: 2024_05_09_13_10_IMG_5054 LE ERM PRESENT.mp4 (2805 frames)...
  -> Extracted frame 1402
Processing: 2024_05_09_13_19_IMG_5055 RE RPE ALTERNATIONS.mp4 (2659 frames)...
  -> Extracted frame 1329
Processing: 2024_05_09_13_20_IMG_5056 LE RPE ALTERATIONS.mp4 (3253 frames)...
  -> Extracted frame 1626
Processing: 2024_05_09_13_25_IMG_5057 RE HEALTHY.mp4 (2775 frames)...
  -> Extracted frame 1387
Processing: 2024_05_09_13_27_IMG_5058 LE HEALTHY.mp4 (2777 frames)...
  -> Extracted frame 1388
Processing: 2024_05_09_13_36_IMG_5059 RE ERM.mp4 (2764 frames)...
  -> Extracted frame 1382
Processing: 2024_05_09_13_38_IMG_5060 LE ERM.mp4 (2324 frames)...
  -> Extracted frame 1162
Processing: 2024_05_09_13_42_IMG_5061 RE HEALTHY.mp4 (2903 frames)...
  -> Extracted frame 1451
Processing: 2024_05_09_13_44_IMG_5062 LE HEALTHY.mp4 (4761 frames)...
  -> Extracted frame 2380
Processing: 2024_05_09_13_53_IMG_5063 RE HEALTHY.mp4 (3553 frames)...
  -> Extracted frame 1776
Processing: 2024_05_09_13_55_IMG_5064 LE HEALTHY.mp4 (3445 frames)...
  -> Extracted frame 1722
Processing: 2024_05_09_14_01_IMG_5065 RE HEALTHY.mp4 (3323 frames)...
  -> Extracted frame 1661
Processing: 2024_05_09_14_03_IMG_5066 LE HEALTHY.mp4 (2676 frames)...
  -> Extracted frame 1338
Processing: 2024_05_31_12_01_IMG_3428 LE STBRVO WITH CME.mp4 (3488 frames)...
  -> Extracted frame 1744
Processing: 2024_05_31_12_08_IMG_3429  RE WET AMD.mp4 (2640 frames)...
  -> Extracted frame 1320
Processing: 2024_05_31_12_09_IMG_3430 LE WET AMD.mp4 (3361 frames)...
  -> Extracted frame 1680
Processing: 2024_05_31_12_59_IMG_3431 RE MOD NPDR.mp4 (3131 frames)...
  -> Extracted frame 1565
Processing: 2024_05_31_13_01_IMG_3432 LE MOD NPDR.mp4 (3545 frames)...
  -> Extracted frame 1772
Processing: 2024_05_31_14_10_IMG_3433 RE HEALTHY.mp4 (3366 frames)...
  -> Extracted frame 1683
Processing: 2024_05_31_14_12_IMG_3434 LE HEALTHY.mp4 (2800 frames)...
  -> Extracted frame 1400
Processing: 2024_06_03_09_55_IMG_3438 RE PDR+ME+VH.mp4 (3095 frames)...
  -> Extracted frame 1547
Processing: 2024_06_03_09_57_IMG_3439 LE PDR+ NON CIDME.mp4 (4399 frames)...
  -> Extracted frame 2199
Processing: 2024_06_03_10_05_IMG_3440 RE PDR.mp4 (3857 frames)...
  -> Extracted frame 1928
Processing: 2024_06_03_10_07_IMG_3441 LE PDR +NONCIDME.mp4 (3633 frames)...
  -> Extracted frame 1816
Processing: 2024_06_03_10_36_IMG_3442 RESEV NPDR.mp4 (3591 frames)...
  -> Extracted frame 1795
Processing: 2024_06_03_10_38_IMG_3443 LE SEV NPDR.mp4 (3165 frames)...
  -> Extracted frame 1582
Processing: 2024_06_03_11_12_IMG_3444 RE MOD NPDR.mp4 (5536 frames)...
  -> Extracted frame 2768
Processing: 2024_06_03_11_19_IMG_3445 LE MOD NPDR.mp4 (5094 frames)...
  -> Extracted frame 2547
Processing: 2024_06_05_09_33_IMG_3448 RE PDR.mp4 (2464 frames)...
  -> Extracted frame 1232
Processing: 2024_06_05_09_35_IMG_3449 LE PDR+CRVO WITH VH.mp4 (2684 frames)...
  -> Extracted frame 1342
Processing: 2024_06_05_10_00_IMG_3450 PDR WITH DME.mp4 (2800 frames)...
  -> Extracted frame 1400
Processing: 2024_06_05_10_02_IMG_3451 PDR WITH DME.mp4 (4853 frames)...
  -> Extracted frame 2426
Processing: 2024_06_05_10_24_IMG_3454 LE HEALTHY.mp4 (3887 frames)...
  -> Extracted frame 1943
Processing: 2024_06_05_10_38_IMG_3455 RE PDR.mp4 (6183 frames)...
  -> Extracted frame 3091
Processing: 2024_06_05_10_42_IMG_3456 LE PDR.mp4 (3487 frames)...
  -> Extracted frame 1743
Processing: 2024_06_06_10_41_IMG_3457 RE PDR WITH TRD.mp4 (4051 frames)...
  -> Extracted frame 2025
Processing: 2024_06_06_10_44_IMG_3458 LE PDR.mp4 (4531 frames)...
  -> Extracted frame 2265
Processing: 2024_06_06_10_55_IMG_3459 RE MOD NPDR.mp4 (4547 frames)...
  -> Extracted frame 2273
Processing: 2024_06_06_10_58_IMG_3460 LE MOD NPDR WITH CIDME.mp4 (3568 frames)...
  -> Extracted frame 1784
Processing: 2024_06_06_11_57_IMG_3461 RE PDR.mp4 (2674 frames)...
  -> Extracted frame 1337
Processing: 2024_06_06_11_59_IMG_3462 LE PDR.mp4 (2588 frames)...
  -> Extracted frame 1294
Processing: 2024_06_06_13_04_IMG_3463 RE PDR +CIDME.mp4 (4187 frames)...
  -> Extracted frame 2093
Processing: 2024_06_06_13_07_IMG_3464 LE PDR.mp4 (5891 frames)...
  -> Extracted frame 2945
Processing: 2024_06_07_10_51_IMG_3465 RE HEALTHY.mp4 (1741 frames)...
  -> Extracted frame 870
Processing: 2024_06_07_10_52_IMG_3466 LE DRUSEN+.mp4 (3640 frames)...
  -> Extracted frame 1820
Processing: 2024_06_07_11_02_IMG_3467 HEALTHY.mp4 (2967 frames)...
  -> Extracted frame 1483
Processing: 2024_06_07_11_04_IMG_3468 LE RVO TRACT ON DISC.mp4 (2630 frames)...
  -> Extracted frame 1315
Processing: 2024_06_07_11_20_IMG_3469 RE ATYPICAL PDR.mp4 (2824 frames)...
  -> Extracted frame 1412
Processing: 2024_06_07_11_22_IMG_3470 LE LASERED FUNDUS.mp4 (2607 frames)...
  -> Extracted frame 1303
Processing: 2024_06_07_11_32_IMG_3471 RE HEALTHY.mp4 (2557 frames)...
  -> Extracted frame 1278
Processing: 2024_06_07_11_34_IMG_3472 LE HEALTHY.mp4 (2247 frames)...
  -> Extracted frame 1123
Processing: 2024_06_07_11_42_IMG_3473 RE PDR.mp4 (1897 frames)...
  -> Extracted frame 948
Processing: 2024_06_07_11_43_IMG_3474 LE PDR TRD WITH CRAO.mp4 (4393 frames)...
  -> Extracted frame 2196
Processing: 2024_06_07_11_49_IMG_3475 RE PDR PROLIF ON DISC.mp4 (3328 frames)...
  -> Extracted frame 1664
Processing: 2024_06_07_11_52_IMG_3476 LE PDR ISCHEMIC MACULA.mp4 (4340 frames)...
  -> Extracted frame 2170
Processing: 2024_06_13_11_34_IMG_3477 RE HEALTHY.mp4 (3260 frames)...
  -> Extracted frame 1630
Processing: 2024_06_13_11_36_IMG_3478 LE HEALTHY.mp4 (3627 frames)...
  -> Extracted frame 1813
Processing: 2024_06_13_12_28_IMG_3480 RE HEALTHY.mp4 (4005 frames)...
  -> Extracted frame 2002
Processing: 2024_06_13_12_31_IMG_3481 LE HEALTHY.mp4 (3358 frames)...
  -> Extracted frame 1679
Processing: 2024_06_13_12_40_IMG_3482 RE HEALTHY.mp4 (2028 frames)...
  -> Extracted frame 1014
Processing: 2024_06_13_12_42_IMG_3484 LE HEALTHY.mp4 (1893 frames)...
  -> Extracted frame 946
Processing: 2024_06_13_12_56_IMG_3486 RE SEV NPDR.mp4 (3118 frames)...
  -> Extracted frame 1559
Processing: 2024_06_13_12_58_IMG_3487 LE MOD NPDR.mp4 (4264 frames)...
  -> Extracted frame 2132
Processing: 2024_06_14_10_57_IMG_3488.mp4 (3954 frames)...
  -> Extracted frame 1977
Processing: 2024_06_14_11_00_IMG_3489.mp4 (3772 frames)...
  -> Extracted frame 1886
Processing: 2024_06_14_11_43_IMG_3490.mp4 (2345 frames)...
  -> Extracted frame 1172
Processing: 2024_06_14_11_45_IMG_3491.mp4 (5720 frames)...
  -> Extracted frame 2860
Processing: 2024_06_14_11_52_IMG_3492.mp4 (2035 frames)...
  -> Extracted frame 1017
Processing: 2024_06_14_11_53_IMG_3493.mp4 (3693 frames)...
  -> Extracted frame 1846
Processing: 2024_06_14_11_58_IMG_3494.mp4 (2327 frames)...
  -> Extracted frame 1163
Processing: 2024_06_14_11_59_IMG_3495.mp4 (3421 frames)...
  -> Extracted frame 1710
Processing: 2024_06_14_12_08_IMG_3496.mp4 (2941 frames)...
  -> Extracted frame 1470
Processing: 2024_06_14_12_10_IMG_3497.mp4 (1756 frames)...
  -> Extracted frame 878
Processing: 2024_06_14_12_26_IMG_3498.mp4 (2928 frames)...
  -> Extracted frame 1464
Processing: 2024_06_14_12_29_IMG_3499.mp4 (5610 frames)...
  -> Extracted frame 2805
Processing: 2024_06_14_12_39_IMG_3500.mp4 (2273 frames)...
  -> Extracted frame 1136
Processing: 2024_06_14_12_41_IMG_3501.mp4 (2917 frames)...
  -> Extracted frame 1458
Processing: 2024_06_14_13_19_IMG_3502.mp4 (2500 frames)...
  -> Extracted frame 1250
Processing: 2024_06_14_13_21_IMG_3503.mp4 (3036 frames)...
  -> Extracted frame 1518
Processing: IMG_2500 RE NO DR CHANGES.mp4 (659 frames)...
  -> Extracted frame 329
Processing: IMG_2501 LE NO DR CHANGES.mp4 (722 frames)...
  -> Extracted frame 361
Processing: IMG_2502 RE  NO DR CHANGES.mp4 (1318 frames)...
  -> Extracted frame 659
Processing: IMG_2502 RE NO DR CHANGES.mp4 (1318 frames)...
  -> Extracted frame 659
Processing: IMG_2503 LE ERM+.mp4 (1796 frames)...
  -> Extracted frame 898
Processing: IMG_2506 RE DME.mp4 (224 frames)...
  -> Extracted frame 112
Processing: IMG_2512 RE MOD NPDR WITH CDME.mp4 (2147 frames)...
  -> Extracted frame 1073
Processing: IMG_2515 RE PDR WITH FVP.mp4 (908 frames)...
  -> Extracted frame 454
Processing: IMG_2516 RE PDR WITH FVP.mp4 (2631 frames)...
  -> Extracted frame 1315
Processing: IMG_2517 LE RETINA DEGENERATION.mp4 (2812 frames)...
  -> Extracted frame 1406
Processing: IMG_2519 RE HEALTHY.mp4 (2618 frames)...
  -> Extracted frame 1309
Processing: IMG_2548 RE ERM+.mp4 (5527 frames)...
  -> Extracted frame 2763
Processing: IMG_2521 LE MACULA SCAR HE.mp4 (3719 frames)...
  -> Extracted frame 1859
Processing: IMG_2524 RE SEV NPDR.mp4 (2317 frames)...
  -> Extracted frame 1158
Processing: IMG_2525 LE  SEV NPDR.mp4 (2285 frames)...
  -> Extracted frame 1142
Processing: IMG_2533 RE HEALTHY.mp4 (1665 frames)...
  -> Extracted frame 832
Processing: IMG_2536 LE HEALTHY.mp4 (1609 frames)...
  -> Extracted frame 804
Processing: IMG_2542 RE MOD NPDR.mp4 (2535 frames)...
  -> Extracted frame 1267
Processing: IMG_2544 LE MOD NPDR.mp4 (4692 frames)...
  -> Extracted frame 2346
Processing: IMG_2549 LE HEALTHY.mp4 (3795 frames)...
  -> Extracted frame 1897
Processing: IMG_2552 RE HEALTHY.mp4 (1453 frames)...
  -> Extracted frame 726
Processing: IMG_2553 LE ERM+.mp4 (2174 frames)...
  -> Extracted frame 1087
Processing: IMG_2556 LE HEALTHY.mp4 (2947 frames)...
  -> Extracted frame 1473
Processing: IMG_2578 RE SEV NPDR + ERM.mp4 (433 frames)...
  -> Extracted frame 216
Processing: IMG_2581 LE MILD NPDR.mp4 (1143 frames)...
  -> Extracted frame 571
Processing: IMG_2581.mp4 (1143 frames)...
  -> Extracted frame 571
Processing: IMG_2582 RE NPDR WITH DME.mp4 (2001 frames)...
  -> Extracted frame 1000
Processing: IMG_2587 RE HEALTHY.mp4 (1136 frames)...
  -> Extracted frame 568
Processing: IMG_2588 RE ERM.mp4 (1377 frames)...
  -> Extracted frame 688
Processing: IMG_2590 LE HEALTHY.mp4 (1719 frames)...
  -> Extracted frame 859
Processing: IMG_2591 LE HA+.mp4 (3034 frames)...
  -> Extracted frame 1517
Processing: IMG_2593 RE SEV NPDR WITH DME.mp4 (2420 frames)...
  -> Extracted frame 1210
Processing: IMG_2594 LE MILD NPDR.mp4 (2491 frames)...
  -> Extracted frame 1245
Processing: IMG_2595 RE MACULA SCAR.mp4 (2275 frames)...
  -> Extracted frame 1137
Processing: IMG_2596 ERM+ DRUSENS.mp4 (3930 frames)...
  -> Extracted frame 1965
Processing: IMG_2597 RE MACULAR SCAR.mp4 (937 frames)...
  -> Extracted frame 468
Processing: IMG_2599 RE HEALTHY.mp4 (2584 frames)...
  -> Extracted frame 1292
Processing: IMG_2600 LE HEALTHY.mp4 (2084 frames)...
  -> Extracted frame 1042
Processing: IMG_2601 DRUSEN+.mp4 (1843 frames)...
  -> Extracted frame 921
Processing: IMG_2604 RE HEALTHY.mp4 (2800 frames)...
  -> Extracted frame 1400
Processing: IMG_2605 LE HEALTHY.mp4 (2533 frames)...
  -> Extracted frame 1266
Processing: IMG_2606 RE TRD+ FVP.mp4 (403 frames)...
  -> Extracted frame 201
Processing: IMG_2607 RE PDE FVP.mp4 (3561 frames)...
  -> Extracted frame 1780
Processing: IMG_2608 LE PDR WITH SCLEROSED VESSEL.mp4 (3190 frames)...
  -> Extracted frame 1595
Processing: IMG_2610 RE TORTOUS VESSEL.mp4 (1123 frames)...
  -> Extracted frame 561
Processing: IMG_2611 RE  NO DR CHANGES.mp4 (1537 frames)...
  -> Extracted frame 768
Processing: IMG_2612 LE TORTOUSED VESSEL+.mp4 (3093 frames)...
  -> Extracted frame 1546
Processing: IMG_2614 RE DME.mp4 (1983 frames)...
  -> Extracted frame 991
Processing: IMG_2615 LE LASER SCARS+.mp4 (2628 frames)...
  -> Extracted frame 1314
Processing: IMG_2616 RE LASER SCAR + PHERIPHERAL.mp4 (2541 frames)...
  -> Extracted frame 1270
Processing: IMG_2618 RE MH.mp4 (4204 frames)...
  -> Extracted frame 2102
Processing: IMG_2620 RE MILD NPDR.mp4 (3486 frames)...
  -> Extracted frame 1743
Processing: IMG_2621 LE MILD NPDR.mp4 (4026 frames)...
  -> Extracted frame 2013
Processing: IMG_2623 LE HEALTHY.mp4 (1815 frames)...
  -> Extracted frame 907
Processing: IMG_2632 RE TRD.mp4 (3366 frames)...
  -> Extracted frame 1683
Processing: IMG_2634 RE SEV NPDR.mp4 (1428 frames)...
  -> Extracted frame 714
Processing: IMG_2635 LE NO DR CHANGES.mp4 (2218 frames)...
  -> Extracted frame 1109
Processing: IMG_2638 RE NO DR CHANGES.mp4 (1835 frames)...
  -> Extracted frame 917
Processing: IMG_2641 LE  SCARS+.mp4 (2758 frames)...
  -> Extracted frame 1379
Processing: IMG_2703 LE HEALTHY.mp4 (1973 frames)...
  -> Extracted frame 986
Processing: IMG_2704 LE HEALTHY.mp4 (3640 frames)...
  -> Extracted frame 1820
Processing: IMG_2705 RE NO DR CHANGES.mp4 (1106 frames)...
  -> Extracted frame 553
Processing: IMG_2707 RE HEALTHY.mp4 (3117 frames)...
  -> Extracted frame 1558
Processing: IMG_2708 LE HEALTHY.mp4 (2736 frames)...
  -> Extracted frame 1368
Processing: IMG_2711 RE AMD.mp4 (3610 frames)...
  -> Extracted frame 1805
Processing: IMG_2716 LE NO DR CHANGES.mp4 (1006 frames)...
  -> Extracted frame 503
Processing: IMG_2718 RE CRVO.mp4 (1961 frames)...
  -> Extracted frame 980
Processing: IMG_2719 LE DRUSENS+.mp4 (3422 frames)...
  -> Extracted frame 1711
Processing: IMG_2721 RE HEALTHY.mp4 (3767 frames)...
  -> Extracted frame 1883
Processing: IMG_2722 RE HEALTHY.mp4 (2414 frames)...
  -> Extracted frame 1207
Processing: IMG_2726 RE HEALTHY.mp4 (2607 frames)...
  -> Extracted frame 1303
Processing: IMG_2867 RE HEALTHY.mp4 (2433 frames)...
  -> Extracted frame 1216
Processing: IMG_2868 LE HA.mp4 (1192 frames)...
  -> Extracted frame 596
Processing: IMG_2869 RE NO DR CHANGES.mp4 (3665 frames)...
  -> Extracted frame 1832
Processing: IMG_2871 RE NO DR CHANGES.mp4 (3521 frames)...
  -> Extracted frame 1760
Processing: IMG_2872 LE NO DR CHANGES.mp4 (2636 frames)...
  -> Extracted frame 1318
Processing: IMG_2888 LE HEALTHY.mp4 (1950 frames)...
  -> Extracted frame 975
Processing: IMG_2889 RE ASTERIOD SCLEROSIS.mp4 (2090 frames)...
  -> Extracted frame 1045
Processing: IMG_2890 LE HEALTHY.mp4 (2674 frames)...
  -> Extracted frame 1337
Processing: IMG_2892 RE HEALTHY.mp4 (2152 frames)...
  -> Extracted frame 1076
Processing: IMG_2893 LE NO DR CHANGES.mp4 (3316 frames)...
  -> Extracted frame 1658
Processing: IMG_4166 LE MOD NPDR WITH DME.mp4 (1414 frames)...
  -> Extracted frame 707
Processing: IMG_4167 LE MOD NPDR DME.mp4 (2268 frames)...
  -> Extracted frame 1134
Processing: IMG_4170 RE SEV NPDR.mp4 (647 frames)...
  -> Extracted frame 323
Processing: IMG_4174 RE SEV NPDR.mp4 (2566 frames)...
  -> Extracted frame 1283
Processing: IMG_4419 RE MILD NPDR.mp4 (2109 frames)...
  -> Extracted frame 1054
Processing: IMG_4445 RE MOD NPDR WITH DME.mp4 (2755 frames)...
  -> Extracted frame 1377
Processing: R001L.mp4 (364 frames)...
  -> Extracted frame 182
Processing: R002L.mp4 (37 frames)...
  -> Extracted frame 18
Processing: R003R.mp4 (317 frames)...
  -> Extracted frame 158
Processing: R004L.mp4 (33 frames)...
  -> Extracted frame 16
Processing: R005L.mp4 (930 frames)...
  -> Extracted frame 465
Processing: R006L.mp4 (234 frames)...
  -> Extracted frame 117
Processing: R007R.mp4 (675 frames)...
  -> Extracted frame 337
Processing: R008R.mp4 (2737 frames)...
  -> Extracted frame 1368
Processing: R008R2.mp4 (976 frames)...
  -> Extracted frame 488
Processing: R008R3.mp4 (2932 frames)...
  -> Extracted frame 1466
Processing: R009L.mp4 (3924 frames)...
  -> Extracted frame 1962
Processing: R010R.mp4 (606 frames)...
  -> Extracted frame 303
Processing: R011L.mp4 (5527 frames)...
  -> Extracted frame 2763
Processing: R011R.mp4 (3817 frames)...
  -> Extracted frame 1908
Processing: R012L.mp4 (395 frames)...
  -> Extracted frame 197
Processing: R012L2.mp4 (775 frames)...
  -> Extracted frame 387
Processing: R012L3.mp4 (6052 frames)...
  -> Extracted frame 3026
Processing: R014L.mp4 (722 frames)...
  -> Extracted frame 361
Processing: R014R.mp4 (659 frames)...
  -> Extracted frame 329
Processing: R015L.mp4 (1318 frames)...
  -> Extracted frame 659
Processing: R015L2.mp4 (1796 frames)...
  -> Extracted frame 898
Processing: R016R.mp4 (224 frames)...
  -> Extracted frame 112
Processing: R017R.mp4 (641 frames)...
  -> Extracted frame 320
Processing: R017R2.mp4 (2147 frames)...
  -> Extracted frame 1073
Processing: R017R3.mp4 (2065 frames)...
  -> Extracted frame 1032
Processing: R018L.mp4 (2812 frames)...
  -> Extracted frame 1406
Processing: R018R.mp4 (908 frames)...
  -> Extracted frame 454
Processing: R018R2.mp4 (2631 frames)...
  -> Extracted frame 1315
Processing: R020L.mp4 (483 frames)...
  -> Extracted frame 241
Processing: R020L2.mp4 (3719 frames)...
  -> Extracted frame 1859
Processing: R020R.mp4 (2618 frames)...
  -> Extracted frame 1309
Processing: R021R.mp4 (43 frames)...
  -> Extracted frame 21
Processing: R022L.mp4 (2285 frames)...
  -> Extracted frame 1142
Processing: R022R.mp4 (2317 frames)...
  -> Extracted frame 1158
Processing: R023L.mp4 (751 frames)...
  -> Extracted frame 375
Processing: R023L2.mp4 (1609 frames)...
  -> Extracted frame 804
Processing: R023R.mp4 (1665 frames)...
  -> Extracted frame 832
Processing: R024R.mp4 (1418 frames)...
  -> Extracted frame 709
Processing: R025R.mp4 (61 frames)...
  -> Extracted frame 30
Processing: R026L.mp4 (786 frames)...
  -> Extracted frame 393
Processing: R026L2.mp4 (4692 frames)...
  -> Extracted frame 2346
Processing: R026R.mp4 (2535 frames)...
  -> Extracted frame 1267
Processing: R027L.mp4 (3795 frames)...
  -> Extracted frame 1897
Processing: R027R.mp4 (5527 frames)...
  -> Extracted frame 2763
Processing: R028L.mp4 (2174 frames)...
  -> Extracted frame 1087
Processing: R028R.mp4 (702 frames)...
  -> Extracted frame 351
Processing: R028R2.mp4 (1453 frames)...
  -> Extracted frame 726
Processing: R029L.mp4 (47 frames)...
  -> Extracted frame 23
Processing: R029L2.mp4 (2947 frames)...
  -> Extracted frame 1473
Processing: R030L.mp4 (308 frames)...
  -> Extracted frame 154
Processing: R030R.mp4 (6272 frames)...
  -> Extracted frame 3136
Processing: R031L.mp4 (287 frames)...
  -> Extracted frame 143
Processing: R031R.mp4 (4346 frames)...
  -> Extracted frame 2173
Processing: R032L.mp4 (1178 frames)...
  -> Extracted frame 589
Processing: R033L.mp4 (1143 frames)...
  -> Extracted frame 571
Processing: R033R.mp4 (433 frames)...
  -> Extracted frame 216
Processing: R033R2.mp4 (2001 frames)...
  -> Extracted frame 1000
Processing: R034L.mp4 (54 frames)...
  -> Extracted frame 27
Processing: R034L2.mp4 (1719 frames)...
  -> Extracted frame 859
Processing: R034L3.mp4 (3034 frames)...
  -> Extracted frame 1517
Processing: R034R.mp4 (1136 frames)...
  -> Extracted frame 568
Processing: R034R2.mp4 (1377 frames)...
  -> Extracted frame 688
Processing: R035L.mp4 (2491 frames)...
  -> Extracted frame 1245
Processing: R035R.mp4 (2420 frames)...
  -> Extracted frame 1210
Processing: R036L.mp4 (3930 frames)...
  -> Extracted frame 1965
Processing: R036R.mp4 (2275 frames)...
  -> Extracted frame 1137
Processing: R036R2.mp4 (937 frames)...
  -> Extracted frame 468
Processing: R036R3.mp4 (324 frames)...
  -> Extracted frame 162
Processing: R037L.mp4 (2084 frames)...
  -> Extracted frame 1042
Processing: R037R.mp4 (2584 frames)...
  -> Extracted frame 1292
Processing: R037R2.mp4 (1843 frames)...
  -> Extracted frame 921
Processing: R038L.mp4 (2533 frames)...
  -> Extracted frame 1266
Processing: R038R.mp4 (2800 frames)...
  -> Extracted frame 1400
Processing: R040L.mp4 (3190 frames)...
  -> Extracted frame 1595
Processing: R040R.mp4 (403 frames)...
  -> Extracted frame 201
Processing: R040R2.mp4 (3561 frames)...
  -> Extracted frame 1780
Processing: R041L.mp4 (3093 frames)...
  -> Extracted frame 1546
Processing: R041R.mp4 (323 frames)...
  -> Extracted frame 161
Processing: R041R2.mp4 (1537 frames)...
  -> Extracted frame 768
Processing: R042L.mp4 (2628 frames)...
  -> Extracted frame 1314
Processing: R042R.mp4 (1983 frames)...
  -> Extracted frame 991
Processing: R043R.mp4 (2541 frames)...
  -> Extracted frame 1270
Processing: R044R.mp4 (4204 frames)...
  -> Extracted frame 2102
Processing: R045L.mp4 (4026 frames)...
  -> Extracted frame 2013
Processing: R045R.mp4 (3486 frames)...
  -> Extracted frame 1743
Processing: R046L.mp4 (1815 frames)...
  -> Extracted frame 907
Processing: R046R.mp4 (324 frames)...
  -> Extracted frame 162
Processing: R047L.mp4 (2218 frames)...
  -> Extracted frame 1109
Processing: R047R.mp4 (3366 frames)...
  -> Extracted frame 1683
Processing: R047R2.mp4 (1428 frames)...
  -> Extracted frame 714
Processing: R047R3.mp4 (602 frames)...
  -> Extracted frame 301
Processing: R049L.mp4 (116 frames)...
  -> Extracted frame 58
Processing: R049L2.mp4 (86 frames)...
  -> Extracted frame 43
Processing: R049L3.mp4 (2758 frames)...
  -> Extracted frame 1379
Processing: R049R.mp4 (1835 frames)...
  -> Extracted frame 917
Processing: R050L.mp4 (1973 frames)...
  -> Extracted frame 986
Processing: R050R.mp4 (1106 frames)...
  -> Extracted frame 553
Processing: R051L.mp4 (3640 frames)...
  -> Extracted frame 1820
Processing: R052L.mp4 (2736 frames)...
  -> Extracted frame 1368
Processing: R052R.mp4 (3117 frames)...
  -> Extracted frame 1558
Processing: R053R.mp4 (272 frames)...
  -> Extracted frame 136
Processing: R054L.mp4 (533 frames)...
  -> Extracted frame 266
Processing: R054R.mp4 (3610 frames)...
  -> Extracted frame 1805
Processing: R055L.mp4 (1006 frames)...
  -> Extracted frame 503
Processing: R056L.mp4 (3422 frames)...
  -> Extracted frame 1711
Processing: R056R.mp4 (1961 frames)...
  -> Extracted frame 980
Processing: R057L.mp4 (2414 frames)...
  -> Extracted frame 1207
Processing: R057R.mp4 (3767 frames)...
  -> Extracted frame 1883
Processing: R058L.mp4 (1192 frames)...
  -> Extracted frame 596
Processing: R058L2.mp4 (1623 frames)...
  -> Extracted frame 811
Processing: R058R.mp4 (2607 frames)...
  -> Extracted frame 1303
Processing: R058R2.mp4 (2433 frames)...
  -> Extracted frame 1216
Processing: R058R3.mp4 (3665 frames)...
  -> Extracted frame 1832
Processing: R059L.mp4 (2636 frames)...
  -> Extracted frame 1318
Processing: R059R.mp4 (3521 frames)...
  -> Extracted frame 1760
Processing: R060L.mp4 (1950 frames)...
  -> Extracted frame 975
Processing: R060R.mp4 (2090 frames)...
  -> Extracted frame 1045
Processing: R061R.mp4 (539 frames)...
  -> Extracted frame 269
Processing: R062R.mp4 (2109 frames)...
  -> Extracted frame 1054
Processing: R063L.mp4 (2362 frames)...
  -> Extracted frame 1181
Processing: R064R.mp4 (2755 frames)...
  -> Extracted frame 1377
Processing: R065L.mp4 (4018 frames)...
  -> Extracted frame 2009
Processing: R066R.mp4 (2945 frames)...
  -> Extracted frame 1472
Processing: R067L.mp4 (4533 frames)...
  -> Extracted frame 2266
Processing: R068L.mp4 (5780 frames)...
  -> Extracted frame 2890
Processing: R068R.mp4 (3056 frames)...
  -> Extracted frame 1528
Processing: R069R.mp4 (1123 frames)...
  -> Extracted frame 561
Processing: R072R.mp4 (1123 frames)...
  -> Extracted frame 561
Processing: R0742.mp4 (1123 frames)...
  -> Extracted frame 561

Success! All cleaned frames are in: 'cropping/frames_to_annotate_larger'
