Searching for videos in: ['/home/s6jovand/job/new/data/dr_videos', '/home/s6jovand/job/new/data/Paxos_2020_videos']
GPU 1/2: assigned 253 video(s).

[GPU 1] Processing: B005R.MOV (3614 frames) -- mode: threshold
  Selected 3 frame(s): [108 | p=0.987], [1644 | p=0.966], [2878 | p=0.999]
  -> Saved frame 108 (prob=0.987) -> B005R_frame_108_p0.987.png
  -> Saved frame 1644 (prob=0.966) -> B005R_frame_1644_p0.966.png
  -> Saved frame 2878 (prob=0.999) -> B005R_frame_2878_p0.999.png

[GPU 1] Processing: C004R.MOV (4088 frames) -- mode: threshold
  Selected 1 frame(s): [695 | p=0.808]
  -> Saved frame 695 (prob=0.808) -> C004R_frame_695_p0.808.png

[GPU 1] Processing: C006R.MOV (7814 frames) -- mode: threshold
  Selected 1 frame(s): [996 | p=0.952]
  -> Saved frame 996 (prob=0.952) -> C006R_frame_996_p0.952.png

[GPU 1] Processing: C008L.MOV (4602 frames) -- mode: threshold
  Selected 2 frame(s): [183 | p=0.805], [1369 | p=0.901]
  -> Saved frame 183 (prob=0.805) -> C008L_frame_183_p0.805.png
  -> Saved frame 1369 (prob=0.901) -> C008L_frame_1369_p0.901.png

[GPU 1] Processing: C009R.MOV (3688 frames) -- mode: threshold
  Selected 3 frame(s): [914 | p=0.992], [2311 | p=0.936], [3628 | p=0.923]
  -> Saved frame 914 (prob=0.992) -> C009R_frame_914_p0.992.png
  -> Saved frame 2311 (prob=0.936) -> C009R_frame_2311_p0.936.png
  -> Saved frame 3628 (prob=0.923) -> C009R_frame_3628_p0.923.png

[GPU 1] Processing: C013R.MOV (4568 frames) -- mode: threshold
  Selected 1 frame(s): [895 | p=0.937]
  -> Saved frame 895 (prob=0.937) -> C013R_frame_895_p0.937.png

[GPU 1] Processing: C021L.MOV (3619 frames) -- mode: threshold
  Selected 1 frame(s): [471 | p=0.979]
  -> Saved frame 471 (prob=0.979) -> C021L_frame_471_p0.979.png

[GPU 1] Processing: D001R.MOV (2332 frames) -- mode: threshold
  Selected 3 frame(s): [162 | p=0.997], [1051 | p=0.986], [2163 | p=0.973]
  -> Saved frame 162 (prob=0.997) -> D001R_frame_162_p0.997.png
  -> Saved frame 1051 (prob=0.986) -> D001R_frame_1051_p0.986.png
  -> Saved frame 2163 (prob=0.973) -> D001R_frame_2163_p0.973.png

[GPU 1] Processing: D004L.MOV (1401 frames) -- mode: threshold
  Selected 3 frame(s): [368 | p=0.999], [783 | p=0.995], [1360 | p=0.971]
  -> Saved frame 368 (prob=0.999) -> D004L_frame_368_p0.999.png
  -> Saved frame 783 (prob=0.995) -> D004L_frame_783_p0.995.png
  -> Saved frame 1360 (prob=0.971) -> D004L_frame_1360_p0.971.png

[GPU 1] Processing: D006L.MOV (1655 frames) -- mode: threshold
  Selected 3 frame(s): [206 | p=0.997], [858 | p=0.978], [1512 | p=0.997]
  -> Saved frame 206 (prob=0.997) -> D006L_frame_206_p0.997.png
  -> Saved frame 858 (prob=0.978) -> D006L_frame_858_p0.978.png
  -> Saved frame 1512 (prob=0.997) -> D006L_frame_1512_p0.997.png

[GPU 1] Processing: D008R.MOV (1166 frames) -- mode: threshold
  Selected 3 frame(s): [316 | p=0.999], [687 | p=0.998], [984 | p=0.998]
  -> Saved frame 316 (prob=0.999) -> D008R_frame_316_p0.999.png
  -> Saved frame 687 (prob=0.998) -> D008R_frame_687_p0.998.png
  -> Saved frame 984 (prob=0.998) -> D008R_frame_984_p0.998.png

[GPU 1] Processing: D010L.MOV (3127 frames) -- mode: threshold
  Selected 2 frame(s): [136 | p=0.999], [1458 | p=0.997]
  -> Saved frame 136 (prob=0.999) -> D010L_frame_136_p0.999.png
  -> Saved frame 1458 (prob=0.997) -> D010L_frame_1458_p0.997.png

[GPU 1] Processing: D012L.MOV (1694 frames) -- mode: threshold
  Selected 3 frame(s): [301 | p=0.990], [752 | p=0.956], [1338 | p=0.987]
  -> Saved frame 301 (prob=0.990) -> D012L_frame_301_p0.990.png
  -> Saved frame 752 (prob=0.956) -> D012L_frame_752_p0.956.png
  -> Saved frame 1338 (prob=0.987) -> D012L_frame_1338_p0.987.png

[GPU 1] Processing: D013R.MOV (1916 frames) -- mode: threshold
  Selected 2 frame(s): [632 | p=0.995], [1872 | p=0.987]
  -> Saved frame 632 (prob=0.995) -> D013R_frame_632_p0.995.png
  -> Saved frame 1872 (prob=0.987) -> D013R_frame_1872_p0.987.png

[GPU 1] Processing: D015L.MOV (2585 frames) -- mode: threshold
  Selected 4 frame(s): [278 | p=0.999], [1025 | p=0.995], [1694 | p=0.971], [2404 | p=0.996]
  -> Saved frame 278 (prob=0.999) -> D015L_frame_278_p0.999.png
  -> Saved frame 1025 (prob=0.995) -> D015L_frame_1025_p0.995.png
  -> Saved frame 1694 (prob=0.971) -> D015L_frame_1694_p0.971.png
  -> Saved frame 2404 (prob=0.996) -> D015L_frame_2404_p0.996.png

[GPU 1] Processing: D016R.MOV (2009 frames) -- mode: threshold
  Selected 2 frame(s): [264 | p=0.973], [1467 | p=0.989]
  -> Saved frame 264 (prob=0.973) -> D016R_frame_264_p0.973.png
  -> Saved frame 1467 (prob=0.989) -> D016R_frame_1467_p0.989.png

[GPU 1] Processing: D018R.MOV (2483 frames) -- mode: threshold
  Selected 3 frame(s): [484 | p=0.997], [1244 | p=0.986], [2042 | p=0.997]
  -> Saved frame 484 (prob=0.997) -> D018R_frame_484_p0.997.png
  -> Saved frame 1244 (prob=0.986) -> D018R_frame_1244_p0.986.png
  -> Saved frame 2042 (prob=0.997) -> D018R_frame_2042_p0.997.png

[GPU 1] Processing: D020L.MOV (2296 frames) -- mode: threshold
  Selected 3 frame(s): [258 | p=1.000], [857 | p=0.986], [2242 | p=0.999]
  -> Saved frame 258 (prob=1.000) -> D020L_frame_258_p1.000.png
  -> Saved frame 857 (prob=0.986) -> D020L_frame_857_p0.986.png
  -> Saved frame 2242 (prob=0.999) -> D020L_frame_2242_p0.999.png

[GPU 1] Processing: D021R.MOV (5024 frames) -- mode: threshold
  Selected 2 frame(s): [228 | p=1.000], [1743 | p=0.995]
  -> Saved frame 228 (prob=1.000) -> D021R_frame_228_p1.000.png
  -> Saved frame 1743 (prob=0.995) -> D021R_frame_1743_p0.995.png

[GPU 1] Processing: E002R.MOV (4573 frames) -- mode: threshold
  Selected 3 frame(s): [304 | p=0.824], [1481 | p=0.995], [4505 | p=0.963]
  -> Saved frame 304 (prob=0.824) -> E002R_frame_304_p0.824.png
  -> Saved frame 1481 (prob=0.995) -> E002R_frame_1481_p0.995.png
  -> Saved frame 4505 (prob=0.963) -> E002R_frame_4505_p0.963.png

[GPU 1] Processing: E005L.MOV (1878 frames) -- mode: threshold
  Selected 3 frame(s): [425 | p=1.000], [980 | p=0.994], [1578 | p=0.999]
  -> Saved frame 425 (prob=1.000) -> E005L_frame_425_p1.000.png
  -> Saved frame 980 (prob=0.994) -> E005L_frame_980_p0.994.png
  -> Saved frame 1578 (prob=0.999) -> E005L_frame_1578_p0.999.png

[GPU 1] Processing: E007L.MOV (2923 frames) -- mode: threshold
  Selected 4 frame(s): [136 | p=0.995], [903 | p=1.000], [1962 | p=1.000], [2862 | p=0.999]
  -> Saved frame 136 (prob=0.995) -> E007L_frame_136_p0.995.png
  -> Saved frame 903 (prob=1.000) -> E007L_frame_903_p1.000.png
  -> Saved frame 1962 (prob=1.000) -> E007L_frame_1962_p1.000.png
  -> Saved frame 2862 (prob=0.999) -> E007L_frame_2862_p0.999.png

[GPU 1] Processing: F011L.MOV (2936 frames) -- mode: threshold
  Selected 3 frame(s): [378 | p=1.000], [1113 | p=0.998], [2583 | p=0.999]
  -> Saved frame 378 (prob=1.000) -> F011L_frame_378_p1.000.png
  -> Saved frame 1113 (prob=0.998) -> F011L_frame_1113_p0.998.png
  -> Saved frame 2583 (prob=0.999) -> F011L_frame_2583_p0.999.png

[GPU 1] Processing: F015L.MOV (2587 frames) -- mode: threshold
  Selected 3 frame(s): [291 | p=0.897], [1025 | p=0.999], [2107 | p=0.997]
  -> Saved frame 291 (prob=0.897) -> F015L_frame_291_p0.897.png
  -> Saved frame 1025 (prob=0.999) -> F015L_frame_1025_p0.999.png
  -> Saved frame 2107 (prob=0.997) -> F015L_frame_2107_p0.997.png

[GPU 1] Processing: G001R.MOV (3878 frames) -- mode: threshold
  Selected 3 frame(s): [377 | p=0.999], [1540 | p=0.996], [3002 | p=0.999]
  -> Saved frame 377 (prob=0.999) -> G001R_frame_377_p0.999.png
  -> Saved frame 1540 (prob=0.996) -> G001R_frame_1540_p0.996.png
  -> Saved frame 3002 (prob=0.999) -> G001R_frame_3002_p0.999.png

[GPU 1] Processing: G003L.MOV (1331 frames) -- mode: threshold
  Selected 4 frame(s): [94 | p=1.000], [443 | p=0.998], [778 | p=0.999], [1280 | p=0.998]
  -> Saved frame 94 (prob=1.000) -> G003L_frame_94_p1.000.png
  -> Saved frame 443 (prob=0.998) -> G003L_frame_443_p0.998.png
  -> Saved frame 778 (prob=0.999) -> G003L_frame_778_p0.999.png
  -> Saved frame 1280 (prob=0.998) -> G003L_frame_1280_p0.998.png

[GPU 1] Processing: G006L.MOV (2325 frames) -- mode: threshold
  Selected 4 frame(s): [14 | p=1.000], [771 | p=0.996], [1460 | p=0.979], [2078 | p=0.998]
  -> Saved frame 14 (prob=1.000) -> G006L_frame_14_p1.000.png
  -> Saved frame 771 (prob=0.996) -> G006L_frame_771_p0.996.png
  -> Saved frame 1460 (prob=0.979) -> G006L_frame_1460_p0.979.png
  -> Saved frame 2078 (prob=0.998) -> G006L_frame_2078_p0.998.png

[GPU 1] Processing: G007R.MOV (4400 frames) -- mode: threshold
  Selected 4 frame(s): [324 | p=1.000], [1505 | p=1.000], [2973 | p=1.000], [4115 | p=0.996]
  -> Saved frame 324 (prob=1.000) -> G007R_frame_324_p1.000.png
  -> Saved frame 1505 (prob=1.000) -> G007R_frame_1505_p1.000.png
  -> Saved frame 2973 (prob=1.000) -> G007R_frame_2973_p1.000.png
  -> Saved frame 4115 (prob=0.996) -> G007R_frame_4115_p0.996.png

[GPU 1] Processing: G010L.MOV (7296 frames) -- mode: threshold
  Selected 3 frame(s): [1400 | p=0.999], [4527 | p=0.999], [6621 | p=0.881]
  -> Saved frame 1400 (prob=0.999) -> G010L_frame_1400_p0.999.png
  -> Saved frame 4527 (prob=0.999) -> G010L_frame_4527_p0.999.png
  -> Saved frame 6621 (prob=0.881) -> G010L_frame_6621_p0.881.png

[GPU 1] Processing: H001R.MOV (1553 frames) -- mode: threshold
  Selected 3 frame(s): [438 | p=0.998], [1046 | p=0.983], [1484 | p=0.998]
  -> Saved frame 438 (prob=0.998) -> H001R_frame_438_p0.998.png
  -> Saved frame 1046 (prob=0.983) -> H001R_frame_1046_p0.983.png
  -> Saved frame 1484 (prob=0.998) -> H001R_frame_1484_p0.998.png

[GPU 1] Processing: H004L.MOV (2534 frames) -- mode: threshold
  Selected 2 frame(s): [1057 | p=0.985], [1869 | p=0.990]
  -> Saved frame 1057 (prob=0.985) -> H004L_frame_1057_p0.985.png
  -> Saved frame 1869 (prob=0.990) -> H004L_frame_1869_p0.990.png

[GPU 1] Processing: H005R.MOV (1303 frames) -- mode: threshold
  Selected 3 frame(s): [166 | p=0.991], [866 | p=0.964], [1265 | p=0.974]
  -> Saved frame 166 (prob=0.991) -> H005R_frame_166_p0.991.png
  -> Saved frame 866 (prob=0.964) -> H005R_frame_866_p0.964.png
  -> Saved frame 1265 (prob=0.974) -> H005R_frame_1265_p0.974.png

[GPU 1] Processing: H008L.MOV (3242 frames) -- mode: threshold
  Selected 3 frame(s): [557 | p=1.000], [1392 | p=0.992], [2974 | p=1.000]
  -> Saved frame 557 (prob=1.000) -> H008L_frame_557_p1.000.png
  -> Saved frame 1392 (prob=0.992) -> H008L_frame_1392_p0.992.png
  -> Saved frame 2974 (prob=1.000) -> H008L_frame_2974_p1.000.png

[GPU 1] Processing: H009R.MOV (1496 frames) -- mode: threshold
  Selected 3 frame(s): [23 | p=0.998], [763 | p=0.997], [1341 | p=0.998]
  -> Saved frame 23 (prob=0.998) -> H009R_frame_23_p0.998.png
  -> Saved frame 763 (prob=0.997) -> H009R_frame_763_p0.997.png
  -> Saved frame 1341 (prob=0.998) -> H009R_frame_1341_p0.998.png

[GPU 1] Processing: I002L.MOV (4456 frames) -- mode: threshold
  Selected 4 frame(s): [698 | p=1.000], [2055 | p=0.999], [3194 | p=1.000], [4390 | p=1.000]
  -> Saved frame 698 (prob=1.000) -> I002L_frame_698_p1.000.png
  -> Saved frame 2055 (prob=0.999) -> I002L_frame_2055_p0.999.png
  -> Saved frame 3194 (prob=1.000) -> I002L_frame_3194_p1.000.png
  -> Saved frame 4390 (prob=1.000) -> I002L_frame_4390_p1.000.png

[GPU 1] Processing: I003R.MOV (2496 frames) -- mode: threshold
  Selected 3 frame(s): [376 | p=0.997], [1347 | p=0.993], [2079 | p=0.998]
  -> Saved frame 376 (prob=0.997) -> I003R_frame_376_p0.997.png
  -> Saved frame 1347 (prob=0.993) -> I003R_frame_1347_p0.993.png
  -> Saved frame 2079 (prob=0.998) -> I003R_frame_2079_p0.998.png

[GPU 1] Processing: I006L.MOV (2595 frames) -- mode: threshold
  Selected 3 frame(s): [252 | p=1.000], [1280 | p=0.999], [2200 | p=1.000]
  -> Saved frame 252 (prob=1.000) -> I006L_frame_252_p1.000.png
  -> Saved frame 1280 (prob=0.999) -> I006L_frame_1280_p0.999.png
  -> Saved frame 2200 (prob=1.000) -> I006L_frame_2200_p1.000.png

[GPU 1] Processing: I008L.MOV (2098 frames) -- mode: threshold
  Selected 3 frame(s): [413 | p=0.991], [1157 | p=0.915], [1752 | p=0.989]
  -> Saved frame 413 (prob=0.991) -> I008L_frame_413_p0.991.png
  -> Saved frame 1157 (prob=0.915) -> I008L_frame_1157_p0.915.png
  -> Saved frame 1752 (prob=0.989) -> I008L_frame_1752_p0.989.png

[GPU 1] Processing: I009R.MOV (1246 frames) -- mode: threshold
  Selected 3 frame(s): [141 | p=0.998], [756 | p=0.998], [1212 | p=0.998]
  -> Saved frame 141 (prob=0.998) -> I009R_frame_141_p0.998.png
  -> Saved frame 756 (prob=0.998) -> I009R_frame_756_p0.998.png
  -> Saved frame 1212 (prob=0.998) -> I009R_frame_1212_p0.998.png

[GPU 1] Processing: I011R.MOV (3578 frames) -- mode: threshold
  Selected 3 frame(s): [331 | p=0.993], [1706 | p=0.991], [3518 | p=0.998]
  -> Saved frame 331 (prob=0.993) -> I011R_frame_331_p0.993.png
  -> Saved frame 1706 (prob=0.991) -> I011R_frame_1706_p0.991.png
  -> Saved frame 3518 (prob=0.998) -> I011R_frame_3518_p0.998.png

[GPU 1] Processing: I013L.MOV (1539 frames) -- mode: threshold
  Selected 4 frame(s): [142 | p=1.000], [539 | p=0.997], [985 | p=0.992], [1490 | p=0.999]
  -> Saved frame 142 (prob=1.000) -> I013L_frame_142_p1.000.png
  -> Saved frame 539 (prob=0.997) -> I013L_frame_539_p0.997.png
  -> Saved frame 985 (prob=0.992) -> I013L_frame_985_p0.992.png
  -> Saved frame 1490 (prob=0.999) -> I013L_frame_1490_p0.999.png

[GPU 1] Processing: I014R.MOV (3663 frames) -- mode: threshold
  Selected 4 frame(s): [90 | p=0.960], [1117 | p=0.998], [2375 | p=0.855], [3575 | p=0.999]
  -> Saved frame 90 (prob=0.960) -> I014R_frame_90_p0.960.png
  -> Saved frame 1117 (prob=0.998) -> I014R_frame_1117_p0.998.png
  -> Saved frame 2375 (prob=0.855) -> I014R_frame_2375_p0.855.png
  -> Saved frame 3575 (prob=0.999) -> I014R_frame_3575_p0.999.png

[GPU 1] Processing: I016L.MOV (3542 frames) -- mode: threshold
  Selected 3 frame(s): [1029 | p=0.996], [2432 | p=0.998], [3491 | p=0.993]
  -> Saved frame 1029 (prob=0.996) -> I016L_frame_1029_p0.996.png
  -> Saved frame 2432 (prob=0.998) -> I016L_frame_2432_p0.998.png
  -> Saved frame 3491 (prob=0.993) -> I016L_frame_3491_p0.993.png

[GPU 1] Processing: I017R.MOV (4515 frames) -- mode: threshold
  Selected 3 frame(s): [559 | p=0.999], [2280 | p=0.997], [4085 | p=0.997]
  -> Saved frame 559 (prob=0.999) -> I017R_frame_559_p0.999.png
  -> Saved frame 2280 (prob=0.997) -> I017R_frame_2280_p0.997.png
  -> Saved frame 4085 (prob=0.997) -> I017R_frame_4085_p0.997.png

[GPU 1] Processing: I021L.MOV (4582 frames) -- mode: threshold
  Selected 4 frame(s): [3 | p=0.899], [1304 | p=0.999], [3019 | p=0.999], [4526 | p=0.996]
  -> Saved frame 3 (prob=0.899) -> I021L_frame_3_p0.899.png
  -> Saved frame 1304 (prob=0.999) -> I021L_frame_1304_p0.999.png
  -> Saved frame 3019 (prob=0.999) -> I021L_frame_3019_p0.999.png
  -> Saved frame 4526 (prob=0.996) -> I021L_frame_4526_p0.996.png

[GPU 1] Processing: I023R.MOV (5376 frames) -- mode: threshold
  Selected 4 frame(s): [242 | p=0.973], [1589 | p=0.997], [3271 | p=0.978], [4626 | p=1.000]
  -> Saved frame 242 (prob=0.973) -> I023R_frame_242_p0.973.png
  -> Saved frame 1589 (prob=0.997) -> I023R_frame_1589_p0.997.png
  -> Saved frame 3271 (prob=0.978) -> I023R_frame_3271_p0.978.png
  -> Saved frame 4626 (prob=1.000) -> I023R_frame_4626_p1.000.png

[GPU 1] Processing: J002L.MOV (3227 frames) -- mode: threshold
  Selected 3 frame(s): [101 | p=0.998], [1231 | p=0.997], [2707 | p=0.993]
  -> Saved frame 101 (prob=0.998) -> J002L_frame_101_p0.998.png
  -> Saved frame 1231 (prob=0.997) -> J002L_frame_1231_p0.997.png
  -> Saved frame 2707 (prob=0.993) -> J002L_frame_2707_p0.993.png

[GPU 1] Processing: J003R.MOV (3537 frames) -- mode: threshold
  Selected 3 frame(s): [301 | p=0.999], [1508 | p=0.980], [2790 | p=0.998]
  -> Saved frame 301 (prob=0.999) -> J003R_frame_301_p0.999.png
  -> Saved frame 1508 (prob=0.980) -> J003R_frame_1508_p0.980.png
  -> Saved frame 2790 (prob=0.998) -> J003R_frame_2790_p0.998.png

[GPU 1] Processing: J005L.MOV (3276 frames) -- mode: threshold
  Selected 1 frame(s): [14 | p=0.951]
  -> Saved frame 14 (prob=0.951) -> J005L_frame_14_p0.951.png

[GPU 1] Processing: J006R.MOV (4886 frames) -- mode: threshold
  Selected 3 frame(s): [175 | p=0.996], [1605 | p=0.994], [3897 | p=0.994]
  -> Saved frame 175 (prob=0.996) -> J006R_frame_175_p0.996.png
  -> Saved frame 1605 (prob=0.994) -> J006R_frame_1605_p0.994.png
  -> Saved frame 3897 (prob=0.994) -> J006R_frame_3897_p0.994.png

[GPU 1] Processing: K008L.MOV (4025 frames) -- mode: threshold
  Selected 3 frame(s): [457 | p=0.998], [1465 | p=0.965], [2988 | p=0.848]
  -> Saved frame 457 (prob=0.998) -> K008L_frame_457_p0.998.png
  -> Saved frame 1465 (prob=0.965) -> K008L_frame_1465_p0.965.png
  -> Saved frame 2988 (prob=0.848) -> K008L_frame_2988_p0.848.png

[GPU 1] Processing: K009R.MOV (1090 frames) -- mode: threshold
  Selected 3 frame(s): [142 | p=0.997], [456 | p=0.990], [877 | p=0.995]
  -> Saved frame 142 (prob=0.997) -> K009R_frame_142_p0.997.png
  -> Saved frame 456 (prob=0.990) -> K009R_frame_456_p0.990.png
  -> Saved frame 877 (prob=0.995) -> K009R_frame_877_p0.995.png

[GPU 1] Processing: K011R.MOV (2967 frames) -- mode: threshold
  Selected 3 frame(s): [407 | p=0.999], [1498 | p=0.876], [2288 | p=0.996]
  -> Saved frame 407 (prob=0.999) -> K011R_frame_407_p0.999.png
  -> Saved frame 1498 (prob=0.876) -> K011R_frame_1498_p0.876.png
  -> Saved frame 2288 (prob=0.996) -> K011R_frame_2288_p0.996.png

[GPU 1] Processing: K013L.MOV (3692 frames) -- mode: threshold
  Selected 4 frame(s): [254 | p=0.997], [1531 | p=0.826], [2707 | p=0.964], [3650 | p=0.998]
  -> Saved frame 254 (prob=0.997) -> K013L_frame_254_p0.997.png
  -> Saved frame 1531 (prob=0.826) -> K013L_frame_1531_p0.826.png
  -> Saved frame 2707 (prob=0.964) -> K013L_frame_2707_p0.964.png
  -> Saved frame 3650 (prob=0.998) -> K013L_frame_3650_p0.998.png

[GPU 1] Processing: K015L.MOV (3188 frames) -- mode: threshold
  Selected 2 frame(s): [272 | p=0.999], [2544 | p=0.996]
  -> Saved frame 272 (prob=0.999) -> K015L_frame_272_p0.999.png
  -> Saved frame 2544 (prob=0.996) -> K015L_frame_2544_p0.996.png

[GPU 1] Processing: K017L.MOV (3759 frames) -- mode: threshold
  Selected 4 frame(s): [430 | p=0.999], [1477 | p=0.996], [2650 | p=0.957], [3721 | p=0.998]
  -> Saved frame 430 (prob=0.999) -> K017L_frame_430_p0.999.png
  -> Saved frame 1477 (prob=0.996) -> K017L_frame_1477_p0.996.png
  -> Saved frame 2650 (prob=0.957) -> K017L_frame_2650_p0.957.png
  -> Saved frame 3721 (prob=0.998) -> K017L_frame_3721_p0.998.png

[GPU 1] Processing: K018R.MOV (1231 frames) -- mode: threshold
  Selected 3 frame(s): [232 | p=0.997], [877 | p=0.993], [1211 | p=0.999]
  -> Saved frame 232 (prob=0.997) -> K018R_frame_232_p0.997.png
  -> Saved frame 877 (prob=0.993) -> K018R_frame_877_p0.993.png
  -> Saved frame 1211 (prob=0.999) -> K018R_frame_1211_p0.999.png

[GPU 1] Processing: K020L.MOV (1572 frames) -- mode: threshold
  Selected 4 frame(s): [63 | p=0.998], [465 | p=0.995], [1125 | p=0.952], [1530 | p=0.987]
  -> Saved frame 63 (prob=0.998) -> K020L_frame_63_p0.998.png
  -> Saved frame 465 (prob=0.995) -> K020L_frame_465_p0.995.png
  -> Saved frame 1125 (prob=0.952) -> K020L_frame_1125_p0.952.png
  -> Saved frame 1530 (prob=0.987) -> K020L_frame_1530_p0.987.png

[GPU 1] Processing: K021R.MOV (1393 frames) -- mode: threshold
  Selected 4 frame(s): [53 | p=0.990], [560 | p=0.994], [914 | p=0.990], [1331 | p=0.999]
  -> Saved frame 53 (prob=0.990) -> K021R_frame_53_p0.990.png
  -> Saved frame 560 (prob=0.994) -> K021R_frame_560_p0.994.png
  -> Saved frame 914 (prob=0.990) -> K021R_frame_914_p0.990.png
  -> Saved frame 1331 (prob=0.999) -> K021R_frame_1331_p0.999.png

[GPU 1] Processing: K023L.MOV (3051 frames) -- mode: threshold
  Selected 3 frame(s): [4 | p=0.998], [1386 | p=0.994], [2445 | p=0.994]
  -> Saved frame 4 (prob=0.998) -> K023L_frame_4_p0.998.png
  -> Saved frame 1386 (prob=0.994) -> K023L_frame_1386_p0.994.png
  -> Saved frame 2445 (prob=0.994) -> K023L_frame_2445_p0.994.png

[GPU 1] Processing: K024R.MOV (1643 frames) -- mode: threshold
  Selected 3 frame(s): [236 | p=0.996], [935 | p=0.999], [1586 | p=0.993]
  -> Saved frame 236 (prob=0.996) -> K024R_frame_236_p0.996.png
  -> Saved frame 935 (prob=0.999) -> K024R_frame_935_p0.999.png
  -> Saved frame 1586 (prob=0.993) -> K024R_frame_1586_p0.993.png

[GPU 1] Processing: M002R.MOV (3736 frames) -- mode: threshold
  Selected 3 frame(s): [871 | p=0.997], [2543 | p=0.935], [3653 | p=0.906]
  -> Saved frame 871 (prob=0.997) -> M002R_frame_871_p0.997.png
  -> Saved frame 2543 (prob=0.935) -> M002R_frame_2543_p0.935.png
  -> Saved frame 3653 (prob=0.906) -> M002R_frame_3653_p0.906.png

[GPU 1] Processing: M004L.MOV (9643 frames) -- mode: threshold
  Selected 4 frame(s): [36 | p=0.996], [3562 | p=0.925], [5976 | p=0.996], [9121 | p=0.911]
  -> Saved frame 36 (prob=0.996) -> M004L_frame_36_p0.996.png
  -> Saved frame 3562 (prob=0.925) -> M004L_frame_3562_p0.925.png
  -> Saved frame 5976 (prob=0.996) -> M004L_frame_5976_p0.996.png
  -> Saved frame 9121 (prob=0.911) -> M004L_frame_9121_p0.911.png

[GPU 1] Processing: M005R.MOV (11173 frames) -- mode: threshold
  Selected 3 frame(s): [1556 | p=0.990], [4560 | p=0.986], [9730 | p=0.994]
  -> Saved frame 1556 (prob=0.990) -> M005R_frame_1556_p0.990.png
  -> Saved frame 4560 (prob=0.986) -> M005R_frame_4560_p0.986.png
  -> Saved frame 9730 (prob=0.994) -> M005R_frame_9730_p0.994.png

[GPU 1] Processing: M007L.MOV (5405 frames) -- mode: threshold
  Selected 3 frame(s): [144 | p=0.998], [1893 | p=0.992], [4119 | p=0.999]
  -> Saved frame 144 (prob=0.998) -> M007L_frame_144_p0.998.png
  -> Saved frame 1893 (prob=0.992) -> M007L_frame_1893_p0.992.png
  -> Saved frame 4119 (prob=0.999) -> M007L_frame_4119_p0.999.png

[GPU 1] Processing: M008R.MOV (4944 frames) -- mode: threshold
  Selected 3 frame(s): [471 | p=0.975], [2597 | p=0.985], [4265 | p=0.994]
  -> Saved frame 471 (prob=0.975) -> M008R_frame_471_p0.975.png
  -> Saved frame 2597 (prob=0.985) -> M008R_frame_2597_p0.985.png
  -> Saved frame 4265 (prob=0.994) -> M008R_frame_4265_p0.994.png

[GPU 1] Processing: M010L.MOV (5107 frames) -- mode: threshold
  Selected 4 frame(s): [64 | p=0.996], [1343 | p=0.952], [3012 | p=0.989], [4644 | p=0.991]
  -> Saved frame 64 (prob=0.996) -> M010L_frame_64_p0.996.png
  -> Saved frame 1343 (prob=0.952) -> M010L_frame_1343_p0.952.png
  -> Saved frame 3012 (prob=0.989) -> M010L_frame_3012_p0.989.png
  -> Saved frame 4644 (prob=0.991) -> M010L_frame_4644_p0.991.png

[GPU 1] Processing: M011R.MOV (3066 frames) -- mode: threshold
  Selected 3 frame(s): [581 | p=0.997], [2192 | p=0.994], [3031 | p=0.997]
  -> Saved frame 581 (prob=0.997) -> M011R_frame_581_p0.997.png
  -> Saved frame 2192 (prob=0.994) -> M011R_frame_2192_p0.994.png
  -> Saved frame 3031 (prob=0.997) -> M011R_frame_3031_p0.997.png

[GPU 1] Processing: M013L.MOV (6656 frames) -- mode: threshold
  Selected 3 frame(s): [1296 | p=0.998], [3255 | p=0.954], [5545 | p=0.999]
  -> Saved frame 1296 (prob=0.998) -> M013L_frame_1296_p0.998.png
  -> Saved frame 3255 (prob=0.954) -> M013L_frame_3255_p0.954.png
  -> Saved frame 5545 (prob=0.999) -> M013L_frame_5545_p0.999.png

[GPU 1] Processing: M015L.MOV (4454 frames) -- mode: threshold
  Selected 3 frame(s): [640 | p=0.981], [1789 | p=0.933], [3935 | p=0.998]
  -> Saved frame 640 (prob=0.981) -> M015L_frame_640_p0.981.png
  -> Saved frame 1789 (prob=0.933) -> M015L_frame_1789_p0.933.png
  -> Saved frame 3935 (prob=0.998) -> M015L_frame_3935_p0.998.png

[GPU 1] Processing: M016R.MOV (2889 frames) -- mode: threshold
  Selected 3 frame(s): [266 | p=0.979], [1220 | p=0.999], [2321 | p=0.998]
  -> Saved frame 266 (prob=0.979) -> M016R_frame_266_p0.979.png
  -> Saved frame 1220 (prob=0.999) -> M016R_frame_1220_p0.999.png
  -> Saved frame 2321 (prob=0.998) -> M016R_frame_2321_p0.998.png

[GPU 1] Processing: M018L.MOV (2496 frames) -- mode: threshold
  Selected 4 frame(s): [175 | p=0.998], [817 | p=0.973], [1482 | p=0.992], [2474 | p=0.994]
  -> Saved frame 175 (prob=0.998) -> M018L_frame_175_p0.998.png
  -> Saved frame 817 (prob=0.973) -> M018L_frame_817_p0.973.png
  -> Saved frame 1482 (prob=0.992) -> M018L_frame_1482_p0.992.png
  -> Saved frame 2474 (prob=0.994) -> M018L_frame_2474_p0.994.png

[GPU 1] Processing: M019R.MOV (3282 frames) -- mode: threshold
  Selected 3 frame(s): [274 | p=0.903], [1132 | p=0.997], [2605 | p=0.993]
  -> Saved frame 274 (prob=0.903) -> M019R_frame_274_p0.903.png
  -> Saved frame 1132 (prob=0.997) -> M019R_frame_1132_p0.997.png
  -> Saved frame 2605 (prob=0.993) -> M019R_frame_2605_p0.993.png

[GPU 1] Processing: M021L.MOV (3114 frames) -- mode: threshold
  Selected 3 frame(s): [969 | p=0.997], [2078 | p=0.956], [3056 | p=0.996]
  -> Saved frame 969 (prob=0.997) -> M021L_frame_969_p0.997.png
  -> Saved frame 2078 (prob=0.956) -> M021L_frame_2078_p0.956.png
  -> Saved frame 3056 (prob=0.996) -> M021L_frame_3056_p0.996.png

[GPU 1] Processing: M022R.MOV (4448 frames) -- mode: threshold
  Selected 4 frame(s): [3 | p=0.976], [1306 | p=1.000], [2638 | p=0.935], [4002 | p=0.998]
  -> Saved frame 3 (prob=0.976) -> M022R_frame_3_p0.976.png
  -> Saved frame 1306 (prob=1.000) -> M022R_frame_1306_p1.000.png
  -> Saved frame 2638 (prob=0.935) -> M022R_frame_2638_p0.935.png
  -> Saved frame 4002 (prob=0.998) -> M022R_frame_4002_p0.998.png

[GPU 1] Processing: N001L.MOV (3316 frames) -- mode: threshold
  Selected 3 frame(s): [297 | p=0.999], [1867 | p=0.999], [3028 | p=0.999]
  -> Saved frame 297 (prob=0.999) -> N001L_frame_297_p0.999.png
  -> Saved frame 1867 (prob=0.999) -> N001L_frame_1867_p0.999.png
  -> Saved frame 3028 (prob=0.999) -> N001L_frame_3028_p0.999.png

[GPU 1] Processing: N002R.MOV (3225 frames) -- mode: threshold
  Selected 4 frame(s): [305 | p=0.998], [1116 | p=0.936], [2196 | p=0.952], [3176 | p=0.998]
  -> Saved frame 305 (prob=0.998) -> N002R_frame_305_p0.998.png
  -> Saved frame 1116 (prob=0.936) -> N002R_frame_1116_p0.936.png
  -> Saved frame 2196 (prob=0.952) -> N002R_frame_2196_p0.952.png
  -> Saved frame 3176 (prob=0.998) -> N002R_frame_3176_p0.998.png

[GPU 1] Processing: N004L.MOV (3633 frames) -- mode: threshold
  Selected 3 frame(s): [558 | p=0.999], [2174 | p=0.997], [3115 | p=0.999]
  -> Saved frame 558 (prob=0.999) -> N004L_frame_558_p0.999.png
  -> Saved frame 2174 (prob=0.997) -> N004L_frame_2174_p0.997.png
  -> Saved frame 3115 (prob=0.999) -> N004L_frame_3115_p0.999.png

[GPU 1] Processing: N005R.MOV (2359 frames) -- mode: threshold
  Selected 3 frame(s): [916 | p=0.997], [1522 | p=0.956], [2112 | p=0.998]
  -> Saved frame 916 (prob=0.997) -> N005R_frame_916_p0.997.png
  -> Saved frame 1522 (prob=0.956) -> N005R_frame_1522_p0.956.png
  -> Saved frame 2112 (prob=0.998) -> N005R_frame_2112_p0.998.png

[GPU 1] Processing: N007L.MOV (2525 frames) -- mode: threshold
  Selected 3 frame(s): [293 | p=0.999], [1173 | p=0.999], [2001 | p=0.999]
  -> Saved frame 293 (prob=0.999) -> N007L_frame_293_p0.999.png
  -> Saved frame 1173 (prob=0.999) -> N007L_frame_1173_p0.999.png
  -> Saved frame 2001 (prob=0.999) -> N007L_frame_2001_p0.999.png

[GPU 1] Processing: N008R.MOV (3136 frames) -- mode: threshold
  Selected 3 frame(s): [237 | p=0.998], [1136 | p=0.998], [2380 | p=0.999]
  -> Saved frame 237 (prob=0.998) -> N008R_frame_237_p0.998.png
  -> Saved frame 1136 (prob=0.998) -> N008R_frame_1136_p0.998.png
  -> Saved frame 2380 (prob=0.999) -> N008R_frame_2380_p0.999.png

[GPU 1] Processing: N010L.MOV (2497 frames) -- mode: threshold
  Selected 3 frame(s): [372 | p=0.996], [1563 | p=0.991], [2353 | p=0.999]
  -> Saved frame 372 (prob=0.996) -> N010L_frame_372_p0.996.png
  -> Saved frame 1563 (prob=0.991) -> N010L_frame_1563_p0.991.png
  -> Saved frame 2353 (prob=0.999) -> N010L_frame_2353_p0.999.png

[GPU 1] Processing: N011R.MOV (2516 frames) -- mode: threshold
  Selected 4 frame(s): [115 | p=0.996], [903 | p=0.969], [1730 | p=0.992], [2487 | p=0.989]
  -> Saved frame 115 (prob=0.996) -> N011R_frame_115_p0.996.png
  -> Saved frame 903 (prob=0.969) -> N011R_frame_903_p0.969.png
  -> Saved frame 1730 (prob=0.992) -> N011R_frame_1730_p0.992.png
  -> Saved frame 2487 (prob=0.989) -> N011R_frame_2487_p0.989.png

[GPU 1] Processing: N013L.MOV (2337 frames) -- mode: threshold
  Selected 3 frame(s): [521 | p=0.998], [1416 | p=0.992], [2278 | p=0.978]
  -> Saved frame 521 (prob=0.998) -> N013L_frame_521_p0.998.png
  -> Saved frame 1416 (prob=0.992) -> N013L_frame_1416_p0.992.png
  -> Saved frame 2278 (prob=0.978) -> N013L_frame_2278_p0.978.png

[GPU 1] Processing: N014R.MOV (1574 frames) -- mode: threshold
  Selected 3 frame(s): [205 | p=0.984], [857 | p=0.966], [1435 | p=0.993]
  -> Saved frame 205 (prob=0.984) -> N014R_frame_205_p0.984.png
  -> Saved frame 857 (prob=0.966) -> N014R_frame_857_p0.966.png
  -> Saved frame 1435 (prob=0.993) -> N014R_frame_1435_p0.993.png

[GPU 1] Processing: N016L.MOV (9966 frames) -- mode: threshold
  Selected 3 frame(s): [2098 | p=0.999], [5241 | p=0.988], [8194 | p=1.000]
  -> Saved frame 2098 (prob=0.999) -> N016L_frame_2098_p0.999.png
  -> Saved frame 5241 (prob=0.988) -> N016L_frame_5241_p0.988.png
  -> Saved frame 8194 (prob=1.000) -> N016L_frame_8194_p1.000.png

[GPU 1] Processing: N018R.MOV (4117 frames) -- mode: threshold
  Selected 3 frame(s): [449 | p=0.995], [1696 | p=0.834], [2790 | p=0.987]
  -> Saved frame 449 (prob=0.995) -> N018R_frame_449_p0.995.png
  -> Saved frame 1696 (prob=0.834) -> N018R_frame_1696_p0.834.png
  -> Saved frame 2790 (prob=0.987) -> N018R_frame_2790_p0.987.png

[GPU 1] Processing: N020L.MOV (1835 frames) -- mode: threshold
  Selected 3 frame(s): [399 | p=0.999], [934 | p=0.999], [1600 | p=0.998]
  -> Saved frame 399 (prob=0.999) -> N020L_frame_399_p0.999.png
  -> Saved frame 934 (prob=0.999) -> N020L_frame_934_p0.999.png
  -> Saved frame 1600 (prob=0.998) -> N020L_frame_1600_p0.998.png

[GPU 1] Processing: P001R.MOV (6458 frames) -- mode: threshold
  Selected 3 frame(s): [1530 | p=0.999], [3276 | p=0.997], [5697 | p=0.999]
  -> Saved frame 1530 (prob=0.999) -> P001R_frame_1530_p0.999.png
  -> Saved frame 3276 (prob=0.997) -> P001R_frame_3276_p0.997.png
  -> Saved frame 5697 (prob=0.999) -> P001R_frame_5697_p0.999.png

[GPU 1] Processing: P003L.MOV (4037 frames) -- mode: threshold
  Selected 3 frame(s): [544 | p=0.999], [2290 | p=0.999], [3704 | p=0.999]
  -> Saved frame 544 (prob=0.999) -> P003L_frame_544_p0.999.png
  -> Saved frame 2290 (prob=0.999) -> P003L_frame_2290_p0.999.png
  -> Saved frame 3704 (prob=0.999) -> P003L_frame_3704_p0.999.png

[GPU 1] Processing: P004R.MOV (1631 frames) -- mode: threshold
  Selected 3 frame(s): [317 | p=0.993], [726 | p=0.977], [1332 | p=0.991]
  -> Saved frame 317 (prob=0.993) -> P004R_frame_317_p0.993.png
  -> Saved frame 726 (prob=0.977) -> P004R_frame_726_p0.977.png
  -> Saved frame 1332 (prob=0.991) -> P004R_frame_1332_p0.991.png

[GPU 1] Processing: P007L.MOV (5269 frames) -- mode: threshold
  Selected 4 frame(s): [83 | p=0.999], [1526 | p=0.998], [2929 | p=0.998], [4802 | p=0.994]
  -> Saved frame 83 (prob=0.999) -> P007L_frame_83_p0.999.png
  -> Saved frame 1526 (prob=0.998) -> P007L_frame_1526_p0.998.png
  -> Saved frame 2929 (prob=0.998) -> P007L_frame_2929_p0.998.png
  -> Saved frame 4802 (prob=0.994) -> P007L_frame_4802_p0.994.png

[GPU 1] Processing: P008R.MOV (2017 frames) -- mode: threshold
  Selected 3 frame(s): [319 | p=0.988], [1328 | p=0.992], [1950 | p=0.998]
  -> Saved frame 319 (prob=0.988) -> P008R_frame_319_p0.988.png
  -> Saved frame 1328 (prob=0.992) -> P008R_frame_1328_p0.992.png
  -> Saved frame 1950 (prob=0.998) -> P008R_frame_1950_p0.998.png

[GPU 1] Processing: P010L.MOV (4528 frames) -- mode: threshold
  Selected 2 frame(s): [1060 | p=0.995], [3580 | p=0.996]
  -> Saved frame 1060 (prob=0.995) -> P010L_frame_1060_p0.995.png
  -> Saved frame 3580 (prob=0.996) -> P010L_frame_3580_p0.996.png

[GPU 1] Processing: P011R.MOV (2657 frames) -- mode: threshold
  Selected 3 frame(s): [334 | p=1.000], [1473 | p=0.997], [2545 | p=0.999]
  -> Saved frame 334 (prob=1.000) -> P011R_frame_334_p1.000.png
  -> Saved frame 1473 (prob=0.997) -> P011R_frame_1473_p0.997.png
  -> Saved frame 2545 (prob=0.999) -> P011R_frame_2545_p0.999.png

[GPU 1] Processing: P013L.MOV (1775 frames) -- mode: threshold
  Selected 3 frame(s): [265 | p=0.998], [868 | p=0.997], [1725 | p=0.997]
  -> Saved frame 265 (prob=0.998) -> P013L_frame_265_p0.998.png
  -> Saved frame 868 (prob=0.997) -> P013L_frame_868_p0.997.png
  -> Saved frame 1725 (prob=0.997) -> P013L_frame_1725_p0.997.png

[GPU 1] Processing: P014R.MOV (2458 frames) -- mode: threshold
  Selected 3 frame(s): [364 | p=0.998], [1359 | p=0.991], [2190 | p=0.997]
  -> Saved frame 364 (prob=0.998) -> P014R_frame_364_p0.998.png
  -> Saved frame 1359 (prob=0.991) -> P014R_frame_1359_p0.991.png
  -> Saved frame 2190 (prob=0.997) -> P014R_frame_2190_p0.997.png

[GPU 1] Processing: P016L.MOV (6996 frames) -- mode: threshold
  Selected 4 frame(s): [939 | p=0.999], [3208 | p=0.995], [5033 | p=0.999], [6842 | p=0.997]
  -> Saved frame 939 (prob=0.999) -> P016L_frame_939_p0.999.png
  -> Saved frame 3208 (prob=0.995) -> P016L_frame_3208_p0.995.png
  -> Saved frame 5033 (prob=0.999) -> P016L_frame_5033_p0.999.png
  -> Saved frame 6842 (prob=0.997) -> P016L_frame_6842_p0.997.png

[GPU 1] Processing: P018L.MOV (3667 frames) -- mode: threshold
  Selected 4 frame(s): [349 | p=1.000], [1289 | p=0.988], [2290 | p=0.999], [3630 | p=0.999]
  -> Saved frame 349 (prob=1.000) -> P018L_frame_349_p1.000.png
  -> Saved frame 1289 (prob=0.988) -> P018L_frame_1289_p0.988.png
  -> Saved frame 2290 (prob=0.999) -> P018L_frame_2290_p0.999.png
  -> Saved frame 3630 (prob=0.999) -> P018L_frame_3630_p0.999.png

[GPU 1] Processing: P019R.MOV (3531 frames) -- mode: threshold
  Selected 3 frame(s): [409 | p=0.999], [1624 | p=0.999], [2773 | p=0.998]
  -> Saved frame 409 (prob=0.999) -> P019R_frame_409_p0.999.png
  -> Saved frame 1624 (prob=0.999) -> P019R_frame_1624_p0.999.png
  -> Saved frame 2773 (prob=0.998) -> P019R_frame_2773_p0.998.png

[GPU 1] Processing: P021L.MOV (1630 frames) -- mode: threshold
  Selected 4 frame(s): [289 | p=0.999], [763 | p=0.995], [1171 | p=0.964], [1589 | p=1.000]
  -> Saved frame 289 (prob=0.999) -> P021L_frame_289_p0.999.png
  -> Saved frame 763 (prob=0.995) -> P021L_frame_763_p0.995.png
  -> Saved frame 1171 (prob=0.964) -> P021L_frame_1171_p0.964.png
  -> Saved frame 1589 (prob=1.000) -> P021L_frame_1589_p1.000.png

[GPU 1] Processing: P022R.MOV (2111 frames) -- mode: threshold
  Selected 3 frame(s): [270 | p=0.996], [967 | p=0.991], [2030 | p=0.993]
  -> Saved frame 270 (prob=0.996) -> P022R_frame_270_p0.996.png
  -> Saved frame 967 (prob=0.991) -> P022R_frame_967_p0.991.png
  -> Saved frame 2030 (prob=0.993) -> P022R_frame_2030_p0.993.png

[GPU 1] Processing: P025L.MOV (2106 frames) -- mode: threshold
  Selected 3 frame(s): [326 | p=1.000], [1210 | p=0.998], [1847 | p=0.998]
  -> Saved frame 326 (prob=1.000) -> P025L_frame_326_p1.000.png
  -> Saved frame 1210 (prob=0.998) -> P025L_frame_1210_p0.998.png
  -> Saved frame 1847 (prob=0.998) -> P025L_frame_1847_p0.998.png

[GPU 1] Processing: P027R.MOV (2244 frames) -- mode: threshold
  Selected 3 frame(s): [461 | p=0.996], [1062 | p=0.993], [2115 | p=0.995]
  -> Saved frame 461 (prob=0.996) -> P027R_frame_461_p0.996.png
  -> Saved frame 1062 (prob=0.993) -> P027R_frame_1062_p0.993.png
  -> Saved frame 2115 (prob=0.995) -> P027R_frame_2115_p0.995.png

[GPU 1] Processing: P029L.MOV (3955 frames) -- mode: threshold
  Selected 3 frame(s): [593 | p=0.999], [2608 | p=0.999], [3740 | p=0.996]
  -> Saved frame 593 (prob=0.999) -> P029L_frame_593_p0.999.png
  -> Saved frame 2608 (prob=0.999) -> P029L_frame_2608_p0.999.png
  -> Saved frame 3740 (prob=0.996) -> P029L_frame_3740_p0.996.png

[GPU 1] Processing: P032L.MOV (3068 frames) -- mode: threshold
  Selected 3 frame(s): [236 | p=0.998], [1583 | p=0.997], [2363 | p=0.998]
  -> Saved frame 236 (prob=0.998) -> P032L_frame_236_p0.998.png
  -> Saved frame 1583 (prob=0.997) -> P032L_frame_1583_p0.997.png
  -> Saved frame 2363 (prob=0.998) -> P032L_frame_2363_p0.998.png

[GPU 1] Processing: P033R.MOV (3733 frames) -- mode: threshold
  Selected 3 frame(s): [494 | p=0.998], [1999 | p=0.997], [3091 | p=0.999]
  -> Saved frame 494 (prob=0.998) -> P033R_frame_494_p0.998.png
  -> Saved frame 1999 (prob=0.997) -> P033R_frame_1999_p0.997.png
  -> Saved frame 3091 (prob=0.999) -> P033R_frame_3091_p0.999.png

[GPU 1] Processing: P035L.MOV (3221 frames) -- mode: threshold
  Selected 3 frame(s): [1162 | p=0.999], [2140 | p=0.996], [3178 | p=0.999]
  -> Saved frame 1162 (prob=0.999) -> P035L_frame_1162_p0.999.png
  -> Saved frame 2140 (prob=0.996) -> P035L_frame_2140_p0.996.png
  -> Saved frame 3178 (prob=0.999) -> P035L_frame_3178_p0.999.png

[GPU 1] Processing: P037R.MOV (4184 frames) -- mode: threshold
  Selected 4 frame(s): [403 | p=0.998], [1562 | p=0.837], [2625 | p=0.991], [4175 | p=1.000]
  -> Saved frame 403 (prob=0.998) -> P037R_frame_403_p0.998.png
  -> Saved frame 1562 (prob=0.837) -> P037R_frame_1562_p0.837.png
  -> Saved frame 2625 (prob=0.991) -> P037R_frame_2625_p0.991.png
  -> Saved frame 4175 (prob=1.000) -> P037R_frame_4175_p1.000.png

[GPU 1] Processing: P041L.MOV (1809 frames) -- mode: threshold
  Selected 3 frame(s): [194 | p=0.989], [679 | p=0.998], [1507 | p=0.994]
  -> Saved frame 194 (prob=0.989) -> P041L_frame_194_p0.989.png
  -> Saved frame 679 (prob=0.998) -> P041L_frame_679_p0.998.png
  -> Saved frame 1507 (prob=0.994) -> P041L_frame_1507_p0.994.png

[GPU 1] Processing: P043R.MOV (2269 frames) -- mode: threshold
  Selected 3 frame(s): [445 | p=0.999], [1186 | p=0.999], [2228 | p=0.997]
  -> Saved frame 445 (prob=0.999) -> P043R_frame_445_p0.999.png
  -> Saved frame 1186 (prob=0.999) -> P043R_frame_1186_p0.999.png
  -> Saved frame 2228 (prob=0.997) -> P043R_frame_2228_p0.997.png

[GPU 1] Processing: P048L.MOV (4463 frames) -- mode: threshold
  Selected 4 frame(s): [687 | p=1.000], [1862 | p=0.960], [3053 | p=0.996], [4423 | p=0.999]
  -> Saved frame 687 (prob=1.000) -> P048L_frame_687_p1.000.png
  -> Saved frame 1862 (prob=0.960) -> P048L_frame_1862_p0.960.png
  -> Saved frame 3053 (prob=0.996) -> P048L_frame_3053_p0.996.png
  -> Saved frame 4423 (prob=0.999) -> P048L_frame_4423_p0.999.png

[GPU 1] Processing: Q001L.MOV (3988 frames) -- mode: threshold
  Selected 3 frame(s): [419 | p=1.000], [2011 | p=0.997], [3606 | p=0.999]
  -> Saved frame 419 (prob=1.000) -> Q001L_frame_419_p1.000.png
  -> Saved frame 2011 (prob=0.997) -> Q001L_frame_2011_p0.997.png
  -> Saved frame 3606 (prob=0.999) -> Q001L_frame_3606_p0.999.png

[GPU 1] Processing: Q002R.MOV (2450 frames) -- mode: threshold
  Selected 4 frame(s): [274 | p=0.931], [930 | p=0.990], [1615 | p=0.978], [2338 | p=0.977]
  -> Saved frame 274 (prob=0.931) -> Q002R_frame_274_p0.931.png
  -> Saved frame 930 (prob=0.990) -> Q002R_frame_930_p0.990.png
  -> Saved frame 1615 (prob=0.978) -> Q002R_frame_1615_p0.978.png
  -> Saved frame 2338 (prob=0.977) -> Q002R_frame_2338_p0.977.png

[GPU 1] Processing: 2024_02_12_12_47_IMG_4616 LE MOD NPDR.mp4 (2015 frames) -- mode: threshold
  Selected 3 frame(s): [12 | p=0.995], [929 | p=0.998], [1450 | p=0.988]
  -> Saved frame 12 (prob=0.995) -> 2024_02_12_12_47_IMG_4616 LE MOD NPDR_frame_12_p0.995.png
  -> Saved frame 929 (prob=0.998) -> 2024_02_12_12_47_IMG_4616 LE MOD NPDR_frame_929_p0.998.png
  -> Saved frame 1450 (prob=0.988) -> 2024_02_12_12_47_IMG_4616 LE MOD NPDR_frame_1450_p0.988.png

[GPU 1] Processing: 2024_02_14_14_40_IMG_4648 RE  SEV NPDR WITH DME.mp4 (3590 frames) -- mode: threshold
  Selected 1 frame(s): [943 | p=0.997]
  -> Saved frame 943 (prob=0.997) -> 2024_02_14_14_40_IMG_4648 RE  SEV NPDR WITH DME_frame_943_p0.997.png

[GPU 1] Processing: 2024_02_15_14_19_IMG_4658 RE MILD NPDR.mp4 (2234 frames) -- mode: threshold
  Selected 3 frame(s): [93 | p=0.949], [816 | p=0.978], [2044 | p=0.958]
  -> Saved frame 93 (prob=0.949) -> 2024_02_15_14_19_IMG_4658 RE MILD NPDR_frame_93_p0.949.png
  -> Saved frame 816 (prob=0.978) -> 2024_02_15_14_19_IMG_4658 RE MILD NPDR_frame_816_p0.978.png
  -> Saved frame 2044 (prob=0.958) -> 2024_02_15_14_19_IMG_4658 RE MILD NPDR_frame_2044_p0.958.png

[GPU 1] Processing: 2024_02_16_10_50_IMG_4665 RE PDR STABLE.mp4 (4256 frames) -- mode: fallback (max-confidence only)
  Selected 1 frame(s): [783 | p=0.751]
  -> Saved frame 783 (prob=0.751) -> 2024_02_16_10_50_IMG_4665 RE PDR STABLE_frame_783_p0.751.png

[GPU 1] Processing: 2024_02_16_13_33_IMG_4672 LE SEV NPDR WITH DME.mp4 (3768 frames) -- mode: threshold
  Selected 3 frame(s): [137 | p=0.842], [2087 | p=0.990], [3667 | p=0.977]
  -> Saved frame 137 (prob=0.842) -> 2024_02_16_13_33_IMG_4672 LE SEV NPDR WITH DME_frame_137_p0.842.png
  -> Saved frame 2087 (prob=0.990) -> 2024_02_16_13_33_IMG_4672 LE SEV NPDR WITH DME_frame_2087_p0.990.png
  -> Saved frame 3667 (prob=0.977) -> 2024_02_16_13_33_IMG_4672 LE SEV NPDR WITH DME_frame_3667_p0.977.png

[GPU 1] Processing: 2024_02_19_13_36_IMG_4681 RE SEV NPDR.mp4 (5347 frames) -- mode: threshold
  Selected 3 frame(s): [915 | p=0.977], [2554 | p=0.827], [5162 | p=0.997]
  -> Saved frame 915 (prob=0.977) -> 2024_02_19_13_36_IMG_4681 RE SEV NPDR_frame_915_p0.977.png
  -> Saved frame 2554 (prob=0.827) -> 2024_02_19_13_36_IMG_4681 RE SEV NPDR_frame_2554_p0.827.png
  -> Saved frame 5162 (prob=0.997) -> 2024_02_19_13_36_IMG_4681 RE SEV NPDR_frame_5162_p0.997.png

[GPU 1] Processing: 2024_02_26_15_30_IMG_4731 RE PDR WITH DME.mp4 (4667 frames) -- mode: threshold
  Selected 2 frame(s): [761 | p=0.890], [3114 | p=0.980]
  -> Saved frame 761 (prob=0.890) -> 2024_02_26_15_30_IMG_4731 RE PDR WITH DME_frame_761_p0.890.png
  -> Saved frame 3114 (prob=0.980) -> 2024_02_26_15_30_IMG_4731 RE PDR WITH DME_frame_3114_p0.980.png

[GPU 1] Processing: 2024_03_07_15_24_IMG_4760 LE MOD NPDR.mp4 (4109 frames) -- mode: threshold
  Selected 4 frame(s): [229 | p=0.967], [1713 | p=0.993], [2845 | p=0.844], [4001 | p=0.986]
  -> Saved frame 229 (prob=0.967) -> 2024_03_07_15_24_IMG_4760 LE MOD NPDR_frame_229_p0.967.png
  -> Saved frame 1713 (prob=0.993) -> 2024_03_07_15_24_IMG_4760 LE MOD NPDR_frame_1713_p0.993.png
  -> Saved frame 2845 (prob=0.844) -> 2024_03_07_15_24_IMG_4760 LE MOD NPDR_frame_2845_p0.844.png
  -> Saved frame 4001 (prob=0.986) -> 2024_03_07_15_24_IMG_4760 LE MOD NPDR_frame_4001_p0.986.png

[GPU 1] Processing: 2024_03_19_14_40_IMG_3017 LE MILD NPDR.mp4 (1933 frames) -- mode: threshold
  Selected 4 frame(s): [107 | p=0.962], [731 | p=0.973], [1366 | p=0.932], [1913 | p=0.963]
  -> Saved frame 107 (prob=0.962) -> 2024_03_19_14_40_IMG_3017 LE MILD NPDR_frame_107_p0.962.png
  -> Saved frame 731 (prob=0.973) -> 2024_03_19_14_40_IMG_3017 LE MILD NPDR_frame_731_p0.973.png
  -> Saved frame 1366 (prob=0.932) -> 2024_03_19_14_40_IMG_3017 LE MILD NPDR_frame_1366_p0.932.png
  -> Saved frame 1913 (prob=0.963) -> 2024_03_19_14_40_IMG_3017 LE MILD NPDR_frame_1913_p0.963.png

[GPU 1] Processing: 2024_03_21_12_33_IMG_3045 LE SEV NPDR WITH DME.mp4 (5241 frames) -- mode: threshold
  Selected 4 frame(s): [69 | p=0.801], [1380 | p=0.996], [3237 | p=0.980], [5184 | p=0.985]
  -> Saved frame 69 (prob=0.801) -> 2024_03_21_12_33_IMG_3045 LE SEV NPDR WITH DME_frame_69_p0.801.png
  -> Saved frame 1380 (prob=0.996) -> 2024_03_21_12_33_IMG_3045 LE SEV NPDR WITH DME_frame_1380_p0.996.png
[2026-07-23T16:11:28.006] error: *** JOB 223362 ON node-04 CANCELLED AT 2026-07-23T16:11:28 DUE TO TIME LIMIT ***
